../USB_DEVICE/Target/usbd_conf.c:66:6:HAL_PCD_MspInit	256	static
../USB_DEVICE/Target/usbd_conf.c:141:6:HAL_PCD_MspDeInit	8	static
../USB_DEVICE/Target/usbd_conf.c:190:6:HAL_PCD_SetupStageCallback	0	static
../USB_DEVICE/Target/usbd_conf.c:205:6:HAL_PCD_DataOutStageCallback	0	static
../USB_DEVICE/Target/usbd_conf.c:220:6:HAL_PCD_DataInStageCallback	0	static
../USB_DEVICE/Target/usbd_conf.c:234:6:HAL_PCD_SOFCallback	0	static
../USB_DEVICE/Target/usbd_conf.c:248:6:HAL_PCD_ResetCallback	8	static
../USB_DEVICE/Target/usbd_conf.c:281:6:HAL_PCD_SuspendCallback	8	static
../USB_DEVICE/Target/usbd_conf.c:306:6:HAL_PCD_ResumeCallback	0	static
../USB_DEVICE/Target/usbd_conf.c:324:6:HAL_PCD_ISOOUTIncompleteCallback	0	static
../USB_DEVICE/Target/usbd_conf.c:339:6:HAL_PCD_ISOINIncompleteCallback	0	static
../USB_DEVICE/Target/usbd_conf.c:353:6:HAL_PCD_ConnectCallback	0	static
../USB_DEVICE/Target/usbd_conf.c:367:6:HAL_PCD_DisconnectCallback	0	static
../USB_DEVICE/Target/usbd_conf.c:382:20:USBD_LL_Init	8	static
../USB_DEVICE/Target/usbd_conf.c:435:20:USBD_LL_DeInit	8	static
../USB_DEVICE/Target/usbd_conf.c:452:20:USBD_LL_Start	8	static
../USB_DEVICE/Target/usbd_conf.c:469:20:USBD_LL_Stop	8	static
../USB_DEVICE/Target/usbd_conf.c:489:20:USBD_LL_OpenEP	8	static
../USB_DEVICE/Target/usbd_conf.c:507:20:USBD_LL_CloseEP	8	static
../USB_DEVICE/Target/usbd_conf.c:525:20:USBD_LL_FlushEP	8	static
../USB_DEVICE/Target/usbd_conf.c:543:20:USBD_LL_StallEP	8	static
../USB_DEVICE/Target/usbd_conf.c:561:20:USBD_LL_ClearStallEP	8	static
../USB_DEVICE/Target/usbd_conf.c:579:9:USBD_LL_IsStallEP	0	static
../USB_DEVICE/Target/usbd_conf.c:599:20:USBD_LL_SetUSBAddress	8	static
../USB_DEVICE/Target/usbd_conf.c:619:20:USBD_LL_Transmit	8	static
../USB_DEVICE/Target/usbd_conf.c:639:20:USBD_LL_PrepareReceive	8	static
../USB_DEVICE/Target/usbd_conf.c:657:10:USBD_LL_GetRxDataSize	0	static
../USB_DEVICE/Target/usbd_conf.c:682:7:USBD_static_malloc	0	static
../USB_DEVICE/Target/usbd_conf.c:694:6:USBD_static_free	0	static
../USB_DEVICE/Target/usbd_conf.c:704:6:USBD_LL_Delay	0	static
../USB_DEVICE/Target/usbd_conf.c:714:20:USBD_Get_USB_Status	0	static
