../Core/Src/main.c:198:18:MatrixScan	184	static
../Core/Src/main.c:308:6:SetKeycode	16	static
../Core/Src/main.c:336:6:ResetKeycode	16	static
../Core/Src/main.c:364:6:KeycodeSend	112	static
../Core/Src/main.c:373:6:PressKeycodes	120	static
../Core/Src/main.c:425:6:ReleaseKeycodes	120	static
../Core/Src/main.c:480:6:CheckScanrate	112	static
../Core/Src/main.c:503:5:main	128	static
../Core/Src/main.c:603:6:SystemClock_Config	120	static
../Core/Src/main.c:663:13:MX_UART4_Init	8	static
../Core/Src/main.c:711:13:MX_GPIO_Init	56	static
../Core/Src/main.c:795:6:MPU_Config	24	static
../Core/Src/main.c:826:6:Error_Handler	4	static,ignoring_inline_asm
