../Core/Src/main.c:211:18:MatrixScan	224	static
../Core/Src/main.c:454:6:SetKeycode	16	static
../Core/Src/main.c:482:6:ResetKeycode	16	static
../Core/Src/main.c:510:6:KeycodeSend	112	static
../Core/Src/main.c:519:6:PressKeycodes	120	static
../Core/Src/main.c:571:6:ReleaseKeycodes	120	static
../Core/Src/main.c:626:6:CheckScanrate	112	static
../Core/Src/main.c:649:5:main	128	static
../Core/Src/main.c:747:6:SystemClock_Config	120	static
../Core/Src/main.c:807:13:MX_UART4_Init	8	static
../Core/Src/main.c:855:13:MX_GPIO_Init	56	static
../Core/Src/main.c:939:6:MPU_Config	24	static
../Core/Src/main.c:970:6:Error_Handler	4	static,ignoring_inline_asm
