../Core/Src/main.c:214:18:MatrixScan	232	static
../Core/Src/main.c:507:6:SetKeycode	16	static
../Core/Src/main.c:535:6:ResetKeycode	16	static
../Core/Src/main.c:563:6:KeycodeSend	112	static
../Core/Src/main.c:572:6:PressKeycodes	120	static
../Core/Src/main.c:624:6:ReleaseKeycodes	120	static
../Core/Src/main.c:687:5:main	120	static
../Core/Src/main.c:781:6:SystemClock_Config	120	static
../Core/Src/main.c:839:6:PeriphCommonClock_Config	200	static
../Core/Src/main.c:866:13:MX_UART4_Init	8	static
../Core/Src/main.c:914:13:MX_GPIO_Init	56	static
../Core/Src/main.c:992:6:MPU_Config	24	static
../Core/Src/main.c:1023:6:Error_Handler	4	static,ignoring_inline_asm
