15:57:47 **** Clean-only build of configuration Debug for project STM32H723 ****
make -j12 clean 
rm -rf ./USB_DEVICE/Target/usbd_conf.cyclo ./USB_DEVICE/Target/usbd_conf.d ./USB_DEVICE/Target/usbd_conf.o ./USB_DEVICE/Target/usbd_conf.su
rm -rf ./USB_DEVICE/App/usb_device.cyclo ./USB_DEVICE/App/usb_device.d ./USB_DEVICE/App/usb_device.o ./USB_DEVICE/App/usb_device.su ./USB_DEVICE/App/usbd_desc.cyclo ./USB_DEVICE/App/usbd_desc.d ./USB_DEVICE/App/usbd_desc.o ./USB_DEVICE/App/usbd_desc.su
rm -rf ./Middlewares/ST/STM32_USB_Device_Library/Core/Src/usbd_core.cyclo ./Middlewares/ST/STM32_USB_Device_Library/Core/Src/usbd_core.d ./Middlewares/ST/STM32_USB_Device_Library/Core/Src/usbd_core.o ./Middlewares/ST/STM32_USB_Device_Library/Core/Src/usbd_core.su ./Middlewares/ST/STM32_USB_Device_Library/Core/Src/usbd_ctlreq.cyclo ./Middlewares/ST/STM32_USB_Device_Library/Core/Src/usbd_ctlreq.d ./Middlewares/ST/STM32_USB_Device_Library/Core/Src/usbd_ctlreq.o ./Middlewares/ST/STM32_USB_Device_Library/Core/Src/usbd_ctlreq.su ./Middlewares/ST/STM32_USB_Device_Library/Core/Src/usbd_ioreq.cyclo ./Middlewares/ST/STM32_USB_Device_Library/Core/Src/usbd_ioreq.d ./Middlewares/ST/STM32_USB_Device_Library/Core/Src/usbd_ioreq.o ./Middlewares/ST/STM32_USB_Device_Library/Core/Src/usbd_ioreq.su
rm -rf ./Middlewares/ST/STM32_USB_Device_Library/Class/HID/Src/usbd_hid.cyclo ./Middlewares/ST/STM32_USB_Device_Library/Class/HID/Src/usbd_hid.d ./Middlewares/ST/STM32_USB_Device_Library/Class/HID/Src/usbd_hid.o ./Middlewares/ST/STM32_USB_Device_Library/Class/HID/Src/usbd_hid.su
rm -rf ./Drivers/STM32H7xx_HAL_Driver/Src/stm32h7xx_hal.cyclo ./Drivers/STM32H7xx_HAL_Driver/Src/stm32h7xx_hal.d ./Drivers/STM32H7xx_HAL_Driver/Src/stm32h7xx_hal.o ./Drivers/STM32H7xx_HAL_Driver/Src/stm32h7xx_hal.su ./Drivers/STM32H7xx_HAL_Driver/Src/stm32h7xx_hal_cortex.cyclo ./Drivers/STM32H7xx_HAL_Driver/Src/stm32h7xx_hal_cortex.d ./Drivers/STM32H7xx_HAL_Driver/Src/stm32h7xx_hal_cortex.o ./Drivers/STM32H7xx_HAL_Driver/Src/stm32h7xx_hal_cortex.su ./Drivers/STM32H7xx_HAL_Driver/Src/stm32h7xx_hal_dma.cyclo ./Drivers/STM32H7xx_HAL_Driver/Src/stm32h7xx_hal_dma.d ./Drivers/STM32H7xx_HAL_Driver/Src/stm32h7xx_hal_dma.o ./Drivers/STM32H7xx_HAL_Driver/Src/stm32h7xx_hal_dma.su ./Drivers/STM32H7xx_HAL_Driver/Src/stm32h7xx_hal_dma_ex.cyclo ./Drivers/STM32H7xx_HAL_Driver/Src/stm32h7xx_hal_dma_ex.d ./Drivers/STM32H7xx_HAL_Driver/Src/stm32h7xx_hal_dma_ex.o ./Drivers/STM32H7xx_HAL_Driver/Src/stm32h7xx_hal_dma_ex.su ./Drivers/STM32H7xx_HAL_Driver/Src/stm32h7xx_hal_exti.cyclo ./Drivers/STM32H7xx_HAL_Driver/Src/stm32h7xx_hal_exti.d ./Drivers/STM32H7xx_HAL_Driver/Src/stm32h7xx_hal_exti.o ./Drivers/STM32H7xx_HAL_Driver/Src/stm32h7xx_hal_exti.su ./Drivers/STM32H7xx_HAL_Driver/Src/stm32h7xx_hal_flash.cyclo ./Drivers/STM32H7xx_HAL_Driver/Src/stm32h7xx_hal_flash.d ./Drivers/STM32H7xx_HAL_Driver/Src/stm32h7xx_hal_flash.o ./Drivers/STM32H7xx_HAL_Driver/Src/stm32h7xx_hal_flash.su ./Drivers/STM32H7xx_HAL_Driver/Src/stm32h7xx_hal_flash_ex.cyclo ./Drivers/STM32H7xx_HAL_Driver/Src/stm32h7xx_hal_flash_ex.d ./Drivers/STM32H7xx_HAL_Driver/Src/stm32h7xx_hal_flash_ex.o ./Drivers/STM32H7xx_HAL_Driver/Src/stm32h7xx_hal_flash_ex.su ./Drivers/STM32H7xx_HAL_Driver/Src/stm32h7xx_hal_gpio.cyclo ./Drivers/STM32H7xx_HAL_Driver/Src/stm32h7xx_hal_gpio.d ./Drivers/STM32H7xx_HAL_Driver/Src/stm32h7xx_hal_gpio.o ./Drivers/STM32H7xx_HAL_Driver/Src/stm32h7xx_hal_gpio.su ./Drivers/STM32H7xx_HAL_Driver/Src/stm32h7xx_hal_hsem.cyclo ./Drivers/STM32H7xx_HAL_Driver/Src/stm32h7xx_hal_hsem.d ./Drivers/STM32H7xx_HAL_Driver/Src/stm32h7xx_hal_hsem.o ./Drivers/STM32H7xx_HAL_Driver/Src/stm32h7xx_hal_hsem.su ./Drivers/STM32H7xx_HAL_Driver/Src/stm32h7xx_hal_i2c.cyclo ./Drivers/STM32H7xx_HAL_Driver/Src/stm32h7xx_hal_i2c.d ./Drivers/STM32H7xx_HAL_Driver/Src/stm32h7xx_hal_i2c.o ./Drivers/STM32H7xx_HAL_Driver/Src/stm32h7xx_hal_i2c.su ./Drivers/STM32H7xx_HAL_Driver/Src/stm32h7xx_hal_i2c_ex.cyclo ./Drivers/STM32H7xx_HAL_Driver/Src/stm32h7xx_hal_i2c_ex.d ./Drivers/STM32H7xx_HAL_Driver/Src/stm32h7xx_hal_i2c_ex.o ./Drivers/STM32H7xx_HAL_Driver/Src/stm32h7xx_hal_i2c_ex.su ./Drivers/STM32H7xx_HAL_Driver/Src/stm32h7xx_hal_mdma.cyclo ./Drivers/STM32H7xx_HAL_Driver/Src/stm32h7xx_hal_mdma.d ./Drivers/STM32H7xx_HAL_Driver/Src/stm32h7xx_hal_mdma.o ./Drivers/STM32H7xx_HAL_Driver/Src/stm32h7xx_hal_mdma.su ./Drivers/STM32H7xx_HAL_Driver/Src/stm32h7xx_hal_pcd.cyclo ./Drivers/STM32H7xx_HAL_Driver/Src/stm32h7xx_hal_pcd.d ./Drivers/STM32H7xx_HAL_Driver/Src/stm32h7xx_hal_pcd.o ./Drivers/STM32H7xx_HAL_Driver/Src/stm32h7xx_hal_pcd.su ./Drivers/STM32H7xx_HAL_Driver/Src/stm32h7xx_hal_pcd_ex.cyclo ./Drivers/STM32H7xx_HAL_Driver/Src/stm32h7xx_hal_pcd_ex.d ./Drivers/STM32H7xx_HAL_Driver/Src/stm32h7xx_hal_pcd_ex.o ./Drivers/STM32H7xx_HAL_Driver/Src/stm32h7xx_hal_pcd_ex.su ./Drivers/STM32H7xx_HAL_Driver/Src/stm32h7xx_hal_pwr.cyclo ./Drivers/STM32H7xx_HAL_Driver/Src/stm32h7xx_hal_pwr.d ./Drivers/STM32H7xx_HAL_Driver/Src/stm32h7xx_hal_pwr.o ./Drivers/STM32H7xx_HAL_Driver/Src/stm32h7xx_hal_pwr.su ./Drivers/STM32H7xx_HAL_Driver/Src/stm32h7xx_hal_pwr_ex.cyclo ./Drivers/STM32H7xx_HAL_Driver/Src/stm32h7xx_hal_pwr_ex.d ./Drivers/STM32H7xx_HAL_Driver/Src/stm32h7xx_hal_pwr_ex.o ./Drivers/STM32H7xx_HAL_Driver/Src/stm32h7xx_hal_pwr_ex.su ./Drivers/STM32H7xx_HAL_Driver/Src/stm32h7xx_hal_rcc.cyclo ./Drivers/STM32H7xx_HAL_Driver/Src/stm32h7xx_hal_rcc.d ./Drivers/STM32H7xx_HAL_Driver/Src/stm32h7xx_hal_rcc.o ./Drivers/STM32H7xx_HAL_Driver/Src/stm32h7xx_hal_rcc.su ./Drivers/STM32H7xx_HAL_Driver/Src/stm32h7xx_hal_rcc_ex.cyclo ./Drivers/STM32H7xx_HAL_Driver/Src/stm32h7xx_hal_rcc_ex.d ./Drivers/STM32H7xx_HAL_Driver/Src/stm32h7xx_hal_rcc_ex.o ./Drivers/STM32H7xx_HAL_Driver/Src/stm32h7xx_hal_rcc_ex.su ./Drivers/STM32H7xx_HAL_Driver/Src/stm32h7xx_hal_uart.cyclo ./Drivers/STM32H7xx_HAL_Driver/Src/stm32h7xx_hal_uart.d ./Drivers/STM32H7xx_HAL_Driver/Src/stm32h7xx_hal_uart.o ./Drivers/STM32H7xx_HAL_Driver/Src/stm32h7xx_hal_uart.su ./Drivers/STM32H7xx_HAL_Driver/Src/stm32h7xx_hal_uart_ex.cyclo ./Drivers/STM32H7xx_HAL_Driver/Src/stm32h7xx_hal_uart_ex.d ./Drivers/STM32H7xx_HAL_Driver/Src/stm32h7xx_hal_uart_ex.o ./Drivers/STM32H7xx_HAL_Driver/Src/stm32h7xx_hal_uart_ex.su ./Drivers/STM32H7xx_HAL_Driver/Src/stm32h7xx_ll_usb.cyclo ./Drivers/STM32H7xx_HAL_Driver/Src/stm32h7xx_ll_usb.d ./Drivers/STM32H7xx_HAL_Driver/Src/stm32h7xx_ll_usb.o ./Drivers/STM32H7xx_HAL_Driver/Src/stm32h7xx_ll_usb.su
rm -rf ./Core/Startup/startup_stm32h723vgtx.d ./Core/Startup/startup_stm32h723vgtx.o
rm -rf ./Core/Src/main.cyclo ./Core/Src/main.d ./Core/Src/main.o ./Core/Src/main.su ./Core/Src/stm32h7xx_hal_msp.cyclo ./Core/Src/stm32h7xx_hal_msp.d ./Core/Src/stm32h7xx_hal_msp.o ./Core/Src/stm32h7xx_hal_msp.su ./Core/Src/stm32h7xx_it.cyclo ./Core/Src/stm32h7xx_it.d ./Core/Src/stm32h7xx_it.o ./Core/Src/stm32h7xx_it.su ./Core/Src/syscalls.cyclo ./Core/Src/syscalls.d ./Core/Src/syscalls.o ./Core/Src/syscalls.su ./Core/Src/sysmem.cyclo ./Core/Src/sysmem.d ./Core/Src/sysmem.o ./Core/Src/sysmem.su ./Core/Src/system_stm32h7xx.cyclo ./Core/Src/system_stm32h7xx.d ./Core/Src/system_stm32h7xx.o ./Core/Src/system_stm32h7xx.su
rm -rf STM32H723.elf STM32H723.list STM32H723.map default.size.stdout
 

15:57:47 Build Finished. 0 errors, 0 warnings. (took 142ms)

15:57:47 **** Build of configuration Debug for project STM32H723 ****
make -j12 all 
arm-none-eabi-gcc "../USB_DEVICE/Target/usbd_conf.c" -mcpu=cortex-m7 -std=gnu11 -g -DDEBUG -DUSE_PWR_LDO_SUPPLY -DUSE_HAL_DRIVER -DSTM32H723xx -c -I../Core/Inc -I../Drivers/STM32H7xx_HAL_Driver/Inc -I../Drivers/STM32H7xx_HAL_Driver/Inc/Legacy -I../Drivers/CMSIS/Device/ST/STM32H7xx/Include -I../Drivers/CMSIS/Include -I../USB_DEVICE/App -I../USB_DEVICE/Target -I../Middlewares/ST/STM32_USB_Device_Library/Core/Inc -I../Middlewares/ST/STM32_USB_Device_Library/Class/HID/Inc -O0 -ffunction-sections -fdata-sections -Wall -fstack-usage -fcyclomatic-complexity -MMD -MP -MF"USB_DEVICE/Target/usbd_conf.d" -MT"USB_DEVICE/Target/usbd_conf.o" --specs=nano.specs -mfpu=fpv5-d16 -mfloat-abi=hard -mthumb -o "USB_DEVICE/Target/usbd_conf.o"
arm-none-eabi-gcc "../USB_DEVICE/App/usb_device.c" -mcpu=cortex-m7 -std=gnu11 -g -DDEBUG -DUSE_PWR_LDO_SUPPLY -DUSE_HAL_DRIVER -DSTM32H723xx -c -I../Core/Inc -I../Drivers/STM32H7xx_HAL_Driver/Inc -I../Drivers/STM32H7xx_HAL_Driver/Inc/Legacy -I../Drivers/CMSIS/Device/ST/STM32H7xx/Include -I../Drivers/CMSIS/Include -I../USB_DEVICE/App -I../USB_DEVICE/Target -I../Middlewares/ST/STM32_USB_Device_Library/Core/Inc -I../Middlewares/ST/STM32_USB_Device_Library/Class/HID/Inc -O0 -ffunction-sections -fdata-sections -Wall -fstack-usage -fcyclomatic-complexity -MMD -MP -MF"USB_DEVICE/App/usb_device.d" -MT"USB_DEVICE/App/usb_device.o" --specs=nano.specs -mfpu=fpv5-d16 -mfloat-abi=hard -mthumb -o "USB_DEVICE/App/usb_device.o"
arm-none-eabi-gcc "../USB_DEVICE/App/usbd_desc.c" -mcpu=cortex-m7 -std=gnu11 -g -DDEBUG -DUSE_PWR_LDO_SUPPLY -DUSE_HAL_DRIVER -DSTM32H723xx -c -I../Core/Inc -I../Drivers/STM32H7xx_HAL_Driver/Inc -I../Drivers/STM32H7xx_HAL_Driver/Inc/Legacy -I../Drivers/CMSIS/Device/ST/STM32H7xx/Include -I../Drivers/CMSIS/Include -I../USB_DEVICE/App -I../USB_DEVICE/Target -I../Middlewares/ST/STM32_USB_Device_Library/Core/Inc -I../Middlewares/ST/STM32_USB_Device_Library/Class/HID/Inc -O0 -ffunction-sections -fdata-sections -Wall -fstack-usage -fcyclomatic-complexity -MMD -MP -MF"USB_DEVICE/App/usbd_desc.d" -MT"USB_DEVICE/App/usbd_desc.o" --specs=nano.specs -mfpu=fpv5-d16 -mfloat-abi=hard -mthumb -o "USB_DEVICE/App/usbd_desc.o"
arm-none-eabi-gcc "../Middlewares/ST/STM32_USB_Device_Library/Core/Src/usbd_core.c" -mcpu=cortex-m7 -std=gnu11 -g -DDEBUG -DUSE_PWR_LDO_SUPPLY -DUSE_HAL_DRIVER -DSTM32H723xx -c -I../Core/Inc -I../Drivers/STM32H7xx_HAL_Driver/Inc -I../Drivers/STM32H7xx_HAL_Driver/Inc/Legacy -I../Drivers/CMSIS/Device/ST/STM32H7xx/Include -I../Drivers/CMSIS/Include -I../USB_DEVICE/App -I../USB_DEVICE/Target -I../Middlewares/ST/STM32_USB_Device_Library/Core/Inc -I../Middlewares/ST/STM32_USB_Device_Library/Class/HID/Inc -O0 -ffunction-sections -fdata-sections -Wall -fstack-usage -fcyclomatic-complexity -MMD -MP -MF"Middlewares/ST/STM32_USB_Device_Library/Core/Src/usbd_core.d" -MT"Middlewares/ST/STM32_USB_Device_Library/Core/Src/usbd_core.o" --specs=nano.specs -mfpu=fpv5-d16 -mfloat-abi=hard -mthumb -o "Middlewares/ST/STM32_USB_Device_Library/Core/Src/usbd_core.o"
arm-none-eabi-gcc "../Middlewares/ST/STM32_USB_Device_Library/Core/Src/usbd_ctlreq.c" -mcpu=cortex-m7 -std=gnu11 -g -DDEBUG -DUSE_PWR_LDO_SUPPLY -DUSE_HAL_DRIVER -DSTM32H723xx -c -I../Core/Inc -I../Drivers/STM32H7xx_HAL_Driver/Inc -I../Drivers/STM32H7xx_HAL_Driver/Inc/Legacy -I../Drivers/CMSIS/Device/ST/STM32H7xx/Include -I../Drivers/CMSIS/Include -I../USB_DEVICE/App -I../USB_DEVICE/Target -I../Middlewares/ST/STM32_USB_Device_Library/Core/Inc -I../Middlewares/ST/STM32_USB_Device_Library/Class/HID/Inc -O0 -ffunction-sections -fdata-sections -Wall -fstack-usage -fcyclomatic-complexity -MMD -MP -MF"Middlewares/ST/STM32_USB_Device_Library/Core/Src/usbd_ctlreq.d" -MT"Middlewares/ST/STM32_USB_Device_Library/Core/Src/usbd_ctlreq.o" --specs=nano.specs -mfpu=fpv5-d16 -mfloat-abi=hard -mthumb -o "Middlewares/ST/STM32_USB_Device_Library/Core/Src/usbd_ctlreq.o"
arm-none-eabi-gcc "../Middlewares/ST/STM32_USB_Device_Library/Core/Src/usbd_ioreq.c" -mcpu=cortex-m7 -std=gnu11 -g -DDEBUG -DUSE_PWR_LDO_SUPPLY -DUSE_HAL_DRIVER -DSTM32H723xx -c -I../Core/Inc -I../Drivers/STM32H7xx_HAL_Driver/Inc -I../Drivers/STM32H7xx_HAL_Driver/Inc/Legacy -I../Drivers/CMSIS/Device/ST/STM32H7xx/Include -I../Drivers/CMSIS/Include -I../USB_DEVICE/App -I../USB_DEVICE/Target -I../Middlewares/ST/STM32_USB_Device_Library/Core/Inc -I../Middlewares/ST/STM32_USB_Device_Library/Class/HID/Inc -O0 -ffunction-sections -fdata-sections -Wall -fstack-usage -fcyclomatic-complexity -MMD -MP -MF"Middlewares/ST/STM32_USB_Device_Library/Core/Src/usbd_ioreq.d" -MT"Middlewares/ST/STM32_USB_Device_Library/Core/Src/usbd_ioreq.o" --specs=nano.specs -mfpu=fpv5-d16 -mfloat-abi=hard -mthumb -o "Middlewares/ST/STM32_USB_Device_Library/Core/Src/usbd_ioreq.o"
arm-none-eabi-gcc "../Middlewares/ST/STM32_USB_Device_Library/Class/HID/Src/usbd_hid.c" -mcpu=cortex-m7 -std=gnu11 -g -DDEBUG -DUSE_PWR_LDO_SUPPLY -DUSE_HAL_DRIVER -DSTM32H723xx -c -I../Core/Inc -I../Drivers/STM32H7xx_HAL_Driver/Inc -I../Drivers/STM32H7xx_HAL_Driver/Inc/Legacy -I../Drivers/CMSIS/Device/ST/STM32H7xx/Include -I../Drivers/CMSIS/Include -I../USB_DEVICE/App -I../USB_DEVICE/Target -I../Middlewares/ST/STM32_USB_Device_Library/Core/Inc -I../Middlewares/ST/STM32_USB_Device_Library/Class/HID/Inc -O0 -ffunction-sections -fdata-sections -Wall -fstack-usage -fcyclomatic-complexity -MMD -MP -MF"Middlewares/ST/STM32_USB_Device_Library/Class/HID/Src/usbd_hid.d" -MT"Middlewares/ST/STM32_USB_Device_Library/Class/HID/Src/usbd_hid.o" --specs=nano.specs -mfpu=fpv5-d16 -mfloat-abi=hard -mthumb -o "Middlewares/ST/STM32_USB_Device_Library/Class/HID/Src/usbd_hid.o"
arm-none-eabi-gcc "../Drivers/STM32H7xx_HAL_Driver/Src/stm32h7xx_hal.c" -mcpu=cortex-m7 -std=gnu11 -g -DDEBUG -DUSE_PWR_LDO_SUPPLY -DUSE_HAL_DRIVER -DSTM32H723xx -c -I../Core/Inc -I../Drivers/STM32H7xx_HAL_Driver/Inc -I../Drivers/STM32H7xx_HAL_Driver/Inc/Legacy -I../Drivers/CMSIS/Device/ST/STM32H7xx/Include -I../Drivers/CMSIS/Include -I../USB_DEVICE/App -I../USB_DEVICE/Target -I../Middlewares/ST/STM32_USB_Device_Library/Core/Inc -I../Middlewares/ST/STM32_USB_Device_Library/Class/HID/Inc -O0 -ffunction-sections -fdata-sections -Wall -fstack-usage -fcyclomatic-complexity -MMD -MP -MF"Drivers/STM32H7xx_HAL_Driver/Src/stm32h7xx_hal.d" -MT"Drivers/STM32H7xx_HAL_Driver/Src/stm32h7xx_hal.o" --specs=nano.specs -mfpu=fpv5-d16 -mfloat-abi=hard -mthumb -o "Drivers/STM32H7xx_HAL_Driver/Src/stm32h7xx_hal.o"
arm-none-eabi-gcc "../Drivers/STM32H7xx_HAL_Driver/Src/stm32h7xx_hal_cortex.c" -mcpu=cortex-m7 -std=gnu11 -g -DDEBUG -DUSE_PWR_LDO_SUPPLY -DUSE_HAL_DRIVER -DSTM32H723xx -c -I../Core/Inc -I../Drivers/STM32H7xx_HAL_Driver/Inc -I../Drivers/STM32H7xx_HAL_Driver/Inc/Legacy -I../Drivers/CMSIS/Device/ST/STM32H7xx/Include -I../Drivers/CMSIS/Include -I../USB_DEVICE/App -I../USB_DEVICE/Target -I../Middlewares/ST/STM32_USB_Device_Library/Core/Inc -I../Middlewares/ST/STM32_USB_Device_Library/Class/HID/Inc -O0 -ffunction-sections -fdata-sections -Wall -fstack-usage -fcyclomatic-complexity -MMD -MP -MF"Drivers/STM32H7xx_HAL_Driver/Src/stm32h7xx_hal_cortex.d" -MT"Drivers/STM32H7xx_HAL_Driver/Src/stm32h7xx_hal_cortex.o" --specs=nano.specs -mfpu=fpv5-d16 -mfloat-abi=hard -mthumb -o "Drivers/STM32H7xx_HAL_Driver/Src/stm32h7xx_hal_cortex.o"
arm-none-eabi-gcc "../Drivers/STM32H7xx_HAL_Driver/Src/stm32h7xx_hal_dma.c" -mcpu=cortex-m7 -std=gnu11 -g -DDEBUG -DUSE_PWR_LDO_SUPPLY -DUSE_HAL_DRIVER -DSTM32H723xx -c -I../Core/Inc -I../Drivers/STM32H7xx_HAL_Driver/Inc -I../Drivers/STM32H7xx_HAL_Driver/Inc/Legacy -I../Drivers/CMSIS/Device/ST/STM32H7xx/Include -I../Drivers/CMSIS/Include -I../USB_DEVICE/App -I../USB_DEVICE/Target -I../Middlewares/ST/STM32_USB_Device_Library/Core/Inc -I../Middlewares/ST/STM32_USB_Device_Library/Class/HID/Inc -O0 -ffunction-sections -fdata-sections -Wall -fstack-usage -fcyclomatic-complexity -MMD -MP -MF"Drivers/STM32H7xx_HAL_Driver/Src/stm32h7xx_hal_dma.d" -MT"Drivers/STM32H7xx_HAL_Driver/Src/stm32h7xx_hal_dma.o" --specs=nano.specs -mfpu=fpv5-d16 -mfloat-abi=hard -mthumb -o "Drivers/STM32H7xx_HAL_Driver/Src/stm32h7xx_hal_dma.o"
arm-none-eabi-gcc "../Drivers/STM32H7xx_HAL_Driver/Src/stm32h7xx_hal_dma_ex.c" -mcpu=cortex-m7 -std=gnu11 -g -DDEBUG -DUSE_PWR_LDO_SUPPLY -DUSE_HAL_DRIVER -DSTM32H723xx -c -I../Core/Inc -I../Drivers/STM32H7xx_HAL_Driver/Inc -I../Drivers/STM32H7xx_HAL_Driver/Inc/Legacy -I../Drivers/CMSIS/Device/ST/STM32H7xx/Include -I../Drivers/CMSIS/Include -I../USB_DEVICE/App -I../USB_DEVICE/Target -I../Middlewares/ST/STM32_USB_Device_Library/Core/Inc -I../Middlewares/ST/STM32_USB_Device_Library/Class/HID/Inc -O0 -ffunction-sections -fdata-sections -Wall -fstack-usage -fcyclomatic-complexity -MMD -MP -MF"Drivers/STM32H7xx_HAL_Driver/Src/stm32h7xx_hal_dma_ex.d" -MT"Drivers/STM32H7xx_HAL_Driver/Src/stm32h7xx_hal_dma_ex.o" --specs=nano.specs -mfpu=fpv5-d16 -mfloat-abi=hard -mthumb -o "Drivers/STM32H7xx_HAL_Driver/Src/stm32h7xx_hal_dma_ex.o"
arm-none-eabi-gcc "../Drivers/STM32H7xx_HAL_Driver/Src/stm32h7xx_hal_exti.c" -mcpu=cortex-m7 -std=gnu11 -g -DDEBUG -DUSE_PWR_LDO_SUPPLY -DUSE_HAL_DRIVER -DSTM32H723xx -c -I../Core/Inc -I../Drivers/STM32H7xx_HAL_Driver/Inc -I../Drivers/STM32H7xx_HAL_Driver/Inc/Legacy -I../Drivers/CMSIS/Device/ST/STM32H7xx/Include -I../Drivers/CMSIS/Include -I../USB_DEVICE/App -I../USB_DEVICE/Target -I../Middlewares/ST/STM32_USB_Device_Library/Core/Inc -I../Middlewares/ST/STM32_USB_Device_Library/Class/HID/Inc -O0 -ffunction-sections -fdata-sections -Wall -fstack-usage -fcyclomatic-complexity -MMD -MP -MF"Drivers/STM32H7xx_HAL_Driver/Src/stm32h7xx_hal_exti.d" -MT"Drivers/STM32H7xx_HAL_Driver/Src/stm32h7xx_hal_exti.o" --specs=nano.specs -mfpu=fpv5-d16 -mfloat-abi=hard -mthumb -o "Drivers/STM32H7xx_HAL_Driver/Src/stm32h7xx_hal_exti.o"
arm-none-eabi-gcc "../Drivers/STM32H7xx_HAL_Driver/Src/stm32h7xx_hal_flash.c" -mcpu=cortex-m7 -std=gnu11 -g -DDEBUG -DUSE_PWR_LDO_SUPPLY -DUSE_HAL_DRIVER -DSTM32H723xx -c -I../Core/Inc -I../Drivers/STM32H7xx_HAL_Driver/Inc -I../Drivers/STM32H7xx_HAL_Driver/Inc/Legacy -I../Drivers/CMSIS/Device/ST/STM32H7xx/Include -I../Drivers/CMSIS/Include -I../USB_DEVICE/App -I../USB_DEVICE/Target -I../Middlewares/ST/STM32_USB_Device_Library/Core/Inc -I../Middlewares/ST/STM32_USB_Device_Library/Class/HID/Inc -O0 -ffunction-sections -fdata-sections -Wall -fstack-usage -fcyclomatic-complexity -MMD -MP -MF"Drivers/STM32H7xx_HAL_Driver/Src/stm32h7xx_hal_flash.d" -MT"Drivers/STM32H7xx_HAL_Driver/Src/stm32h7xx_hal_flash.o" --specs=nano.specs -mfpu=fpv5-d16 -mfloat-abi=hard -mthumb -o "Drivers/STM32H7xx_HAL_Driver/Src/stm32h7xx_hal_flash.o"
arm-none-eabi-gcc "../Drivers/STM32H7xx_HAL_Driver/Src/stm32h7xx_hal_flash_ex.c" -mcpu=cortex-m7 -std=gnu11 -g -DDEBUG -DUSE_PWR_LDO_SUPPLY -DUSE_HAL_DRIVER -DSTM32H723xx -c -I../Core/Inc -I../Drivers/STM32H7xx_HAL_Driver/Inc -I../Drivers/STM32H7xx_HAL_Driver/Inc/Legacy -I../Drivers/CMSIS/Device/ST/STM32H7xx/Include -I../Drivers/CMSIS/Include -I../USB_DEVICE/App -I../USB_DEVICE/Target -I../Middlewares/ST/STM32_USB_Device_Library/Core/Inc -I../Middlewares/ST/STM32_USB_Device_Library/Class/HID/Inc -O0 -ffunction-sections -fdata-sections -Wall -fstack-usage -fcyclomatic-complexity -MMD -MP -MF"Drivers/STM32H7xx_HAL_Driver/Src/stm32h7xx_hal_flash_ex.d" -MT"Drivers/STM32H7xx_HAL_Driver/Src/stm32h7xx_hal_flash_ex.o" --specs=nano.specs -mfpu=fpv5-d16 -mfloat-abi=hard -mthumb -o "Drivers/STM32H7xx_HAL_Driver/Src/stm32h7xx_hal_flash_ex.o"
arm-none-eabi-gcc "../Drivers/STM32H7xx_HAL_Driver/Src/stm32h7xx_hal_gpio.c" -mcpu=cortex-m7 -std=gnu11 -g -DDEBUG -DUSE_PWR_LDO_SUPPLY -DUSE_HAL_DRIVER -DSTM32H723xx -c -I../Core/Inc -I../Drivers/STM32H7xx_HAL_Driver/Inc -I../Drivers/STM32H7xx_HAL_Driver/Inc/Legacy -I../Drivers/CMSIS/Device/ST/STM32H7xx/Include -I../Drivers/CMSIS/Include -I../USB_DEVICE/App -I../USB_DEVICE/Target -I../Middlewares/ST/STM32_USB_Device_Library/Core/Inc -I../Middlewares/ST/STM32_USB_Device_Library/Class/HID/Inc -O0 -ffunction-sections -fdata-sections -Wall -fstack-usage -fcyclomatic-complexity -MMD -MP -MF"Drivers/STM32H7xx_HAL_Driver/Src/stm32h7xx_hal_gpio.d" -MT"Drivers/STM32H7xx_HAL_Driver/Src/stm32h7xx_hal_gpio.o" --specs=nano.specs -mfpu=fpv5-d16 -mfloat-abi=hard -mthumb -o "Drivers/STM32H7xx_HAL_Driver/Src/stm32h7xx_hal_gpio.o"
arm-none-eabi-gcc "../Drivers/STM32H7xx_HAL_Driver/Src/stm32h7xx_hal_hsem.c" -mcpu=cortex-m7 -std=gnu11 -g -DDEBUG -DUSE_PWR_LDO_SUPPLY -DUSE_HAL_DRIVER -DSTM32H723xx -c -I../Core/Inc -I../Drivers/STM32H7xx_HAL_Driver/Inc -I../Drivers/STM32H7xx_HAL_Driver/Inc/Legacy -I../Drivers/CMSIS/Device/ST/STM32H7xx/Include -I../Drivers/CMSIS/Include -I../USB_DEVICE/App -I../USB_DEVICE/Target -I../Middlewares/ST/STM32_USB_Device_Library/Core/Inc -I../Middlewares/ST/STM32_USB_Device_Library/Class/HID/Inc -O0 -ffunction-sections -fdata-sections -Wall -fstack-usage -fcyclomatic-complexity -MMD -MP -MF"Drivers/STM32H7xx_HAL_Driver/Src/stm32h7xx_hal_hsem.d" -MT"Drivers/STM32H7xx_HAL_Driver/Src/stm32h7xx_hal_hsem.o" --specs=nano.specs -mfpu=fpv5-d16 -mfloat-abi=hard -mthumb -o "Drivers/STM32H7xx_HAL_Driver/Src/stm32h7xx_hal_hsem.o"
arm-none-eabi-gcc "../Drivers/STM32H7xx_HAL_Driver/Src/stm32h7xx_hal_i2c.c" -mcpu=cortex-m7 -std=gnu11 -g -DDEBUG -DUSE_PWR_LDO_SUPPLY -DUSE_HAL_DRIVER -DSTM32H723xx -c -I../Core/Inc -I../Drivers/STM32H7xx_HAL_Driver/Inc -I../Drivers/STM32H7xx_HAL_Driver/Inc/Legacy -I../Drivers/CMSIS/Device/ST/STM32H7xx/Include -I../Drivers/CMSIS/Include -I../USB_DEVICE/App -I../USB_DEVICE/Target -I../Middlewares/ST/STM32_USB_Device_Library/Core/Inc -I../Middlewares/ST/STM32_USB_Device_Library/Class/HID/Inc -O0 -ffunction-sections -fdata-sections -Wall -fstack-usage -fcyclomatic-complexity -MMD -MP -MF"Drivers/STM32H7xx_HAL_Driver/Src/stm32h7xx_hal_i2c.d" -MT"Drivers/STM32H7xx_HAL_Driver/Src/stm32h7xx_hal_i2c.o" --specs=nano.specs -mfpu=fpv5-d16 -mfloat-abi=hard -mthumb -o "Drivers/STM32H7xx_HAL_Driver/Src/stm32h7xx_hal_i2c.o"
arm-none-eabi-gcc "../Drivers/STM32H7xx_HAL_Driver/Src/stm32h7xx_hal_i2c_ex.c" -mcpu=cortex-m7 -std=gnu11 -g -DDEBUG -DUSE_PWR_LDO_SUPPLY -DUSE_HAL_DRIVER -DSTM32H723xx -c -I../Core/Inc -I../Drivers/STM32H7xx_HAL_Driver/Inc -I../Drivers/STM32H7xx_HAL_Driver/Inc/Legacy -I../Drivers/CMSIS/Device/ST/STM32H7xx/Include -I../Drivers/CMSIS/Include -I../USB_DEVICE/App -I../USB_DEVICE/Target -I../Middlewares/ST/STM32_USB_Device_Library/Core/Inc -I../Middlewares/ST/STM32_USB_Device_Library/Class/HID/Inc -O0 -ffunction-sections -fdata-sections -Wall -fstack-usage -fcyclomatic-complexity -MMD -MP -MF"Drivers/STM32H7xx_HAL_Driver/Src/stm32h7xx_hal_i2c_ex.d" -MT"Drivers/STM32H7xx_HAL_Driver/Src/stm32h7xx_hal_i2c_ex.o" --specs=nano.specs -mfpu=fpv5-d16 -mfloat-abi=hard -mthumb -o "Drivers/STM32H7xx_HAL_Driver/Src/stm32h7xx_hal_i2c_ex.o"
arm-none-eabi-gcc "../Drivers/STM32H7xx_HAL_Driver/Src/stm32h7xx_hal_mdma.c" -mcpu=cortex-m7 -std=gnu11 -g -DDEBUG -DUSE_PWR_LDO_SUPPLY -DUSE_HAL_DRIVER -DSTM32H723xx -c -I../Core/Inc -I../Drivers/STM32H7xx_HAL_Driver/Inc -I../Drivers/STM32H7xx_HAL_Driver/Inc/Legacy -I../Drivers/CMSIS/Device/ST/STM32H7xx/Include -I../Drivers/CMSIS/Include -I../USB_DEVICE/App -I../USB_DEVICE/Target -I../Middlewares/ST/STM32_USB_Device_Library/Core/Inc -I../Middlewares/ST/STM32_USB_Device_Library/Class/HID/Inc -O0 -ffunction-sections -fdata-sections -Wall -fstack-usage -fcyclomatic-complexity -MMD -MP -MF"Drivers/STM32H7xx_HAL_Driver/Src/stm32h7xx_hal_mdma.d" -MT"Drivers/STM32H7xx_HAL_Driver/Src/stm32h7xx_hal_mdma.o" --specs=nano.specs -mfpu=fpv5-d16 -mfloat-abi=hard -mthumb -o "Drivers/STM32H7xx_HAL_Driver/Src/stm32h7xx_hal_mdma.o"
arm-none-eabi-gcc "../Drivers/STM32H7xx_HAL_Driver/Src/stm32h7xx_hal_pcd.c" -mcpu=cortex-m7 -std=gnu11 -g -DDEBUG -DUSE_PWR_LDO_SUPPLY -DUSE_HAL_DRIVER -DSTM32H723xx -c -I../Core/Inc -I../Drivers/STM32H7xx_HAL_Driver/Inc -I../Drivers/STM32H7xx_HAL_Driver/Inc/Legacy -I../Drivers/CMSIS/Device/ST/STM32H7xx/Include -I../Drivers/CMSIS/Include -I../USB_DEVICE/App -I../USB_DEVICE/Target -I../Middlewares/ST/STM32_USB_Device_Library/Core/Inc -I../Middlewares/ST/STM32_USB_Device_Library/Class/HID/Inc -O0 -ffunction-sections -fdata-sections -Wall -fstack-usage -fcyclomatic-complexity -MMD -MP -MF"Drivers/STM32H7xx_HAL_Driver/Src/stm32h7xx_hal_pcd.d" -MT"Drivers/STM32H7xx_HAL_Driver/Src/stm32h7xx_hal_pcd.o" --specs=nano.specs -mfpu=fpv5-d16 -mfloat-abi=hard -mthumb -o "Drivers/STM32H7xx_HAL_Driver/Src/stm32h7xx_hal_pcd.o"
arm-none-eabi-gcc "../Drivers/STM32H7xx_HAL_Driver/Src/stm32h7xx_hal_pcd_ex.c" -mcpu=cortex-m7 -std=gnu11 -g -DDEBUG -DUSE_PWR_LDO_SUPPLY -DUSE_HAL_DRIVER -DSTM32H723xx -c -I../Core/Inc -I../Drivers/STM32H7xx_HAL_Driver/Inc -I../Drivers/STM32H7xx_HAL_Driver/Inc/Legacy -I../Drivers/CMSIS/Device/ST/STM32H7xx/Include -I../Drivers/CMSIS/Include -I../USB_DEVICE/App -I../USB_DEVICE/Target -I../Middlewares/ST/STM32_USB_Device_Library/Core/Inc -I../Middlewares/ST/STM32_USB_Device_Library/Class/HID/Inc -O0 -ffunction-sections -fdata-sections -Wall -fstack-usage -fcyclomatic-complexity -MMD -MP -MF"Drivers/STM32H7xx_HAL_Driver/Src/stm32h7xx_hal_pcd_ex.d" -MT"Drivers/STM32H7xx_HAL_Driver/Src/stm32h7xx_hal_pcd_ex.o" --specs=nano.specs -mfpu=fpv5-d16 -mfloat-abi=hard -mthumb -o "Drivers/STM32H7xx_HAL_Driver/Src/stm32h7xx_hal_pcd_ex.o"
arm-none-eabi-gcc "../Drivers/STM32H7xx_HAL_Driver/Src/stm32h7xx_hal_pwr.c" -mcpu=cortex-m7 -std=gnu11 -g -DDEBUG -DUSE_PWR_LDO_SUPPLY -DUSE_HAL_DRIVER -DSTM32H723xx -c -I../Core/Inc -I../Drivers/STM32H7xx_HAL_Driver/Inc -I../Drivers/STM32H7xx_HAL_Driver/Inc/Legacy -I../Drivers/CMSIS/Device/ST/STM32H7xx/Include -I../Drivers/CMSIS/Include -I../USB_DEVICE/App -I../USB_DEVICE/Target -I../Middlewares/ST/STM32_USB_Device_Library/Core/Inc -I../Middlewares/ST/STM32_USB_Device_Library/Class/HID/Inc -O0 -ffunction-sections -fdata-sections -Wall -fstack-usage -fcyclomatic-complexity -MMD -MP -MF"Drivers/STM32H7xx_HAL_Driver/Src/stm32h7xx_hal_pwr.d" -MT"Drivers/STM32H7xx_HAL_Driver/Src/stm32h7xx_hal_pwr.o" --specs=nano.specs -mfpu=fpv5-d16 -mfloat-abi=hard -mthumb -o "Drivers/STM32H7xx_HAL_Driver/Src/stm32h7xx_hal_pwr.o"
arm-none-eabi-gcc "../Drivers/STM32H7xx_HAL_Driver/Src/stm32h7xx_hal_pwr_ex.c" -mcpu=cortex-m7 -std=gnu11 -g -DDEBUG -DUSE_PWR_LDO_SUPPLY -DUSE_HAL_DRIVER -DSTM32H723xx -c -I../Core/Inc -I../Drivers/STM32H7xx_HAL_Driver/Inc -I../Drivers/STM32H7xx_HAL_Driver/Inc/Legacy -I../Drivers/CMSIS/Device/ST/STM32H7xx/Include -I../Drivers/CMSIS/Include -I../USB_DEVICE/App -I../USB_DEVICE/Target -I../Middlewares/ST/STM32_USB_Device_Library/Core/Inc -I../Middlewares/ST/STM32_USB_Device_Library/Class/HID/Inc -O0 -ffunction-sections -fdata-sections -Wall -fstack-usage -fcyclomatic-complexity -MMD -MP -MF"Drivers/STM32H7xx_HAL_Driver/Src/stm32h7xx_hal_pwr_ex.d" -MT"Drivers/STM32H7xx_HAL_Driver/Src/stm32h7xx_hal_pwr_ex.o" --specs=nano.specs -mfpu=fpv5-d16 -mfloat-abi=hard -mthumb -o "Drivers/STM32H7xx_HAL_Driver/Src/stm32h7xx_hal_pwr_ex.o"
arm-none-eabi-gcc "../Drivers/STM32H7xx_HAL_Driver/Src/stm32h7xx_hal_rcc.c" -mcpu=cortex-m7 -std=gnu11 -g -DDEBUG -DUSE_PWR_LDO_SUPPLY -DUSE_HAL_DRIVER -DSTM32H723xx -c -I../Core/Inc -I../Drivers/STM32H7xx_HAL_Driver/Inc -I../Drivers/STM32H7xx_HAL_Driver/Inc/Legacy -I../Drivers/CMSIS/Device/ST/STM32H7xx/Include -I../Drivers/CMSIS/Include -I../USB_DEVICE/App -I../USB_DEVICE/Target -I../Middlewares/ST/STM32_USB_Device_Library/Core/Inc -I../Middlewares/ST/STM32_USB_Device_Library/Class/HID/Inc -O0 -ffunction-sections -fdata-sections -Wall -fstack-usage -fcyclomatic-complexity -MMD -MP -MF"Drivers/STM32H7xx_HAL_Driver/Src/stm32h7xx_hal_rcc.d" -MT"Drivers/STM32H7xx_HAL_Driver/Src/stm32h7xx_hal_rcc.o" --specs=nano.specs -mfpu=fpv5-d16 -mfloat-abi=hard -mthumb -o "Drivers/STM32H7xx_HAL_Driver/Src/stm32h7xx_hal_rcc.o"
arm-none-eabi-gcc "../Drivers/STM32H7xx_HAL_Driver/Src/stm32h7xx_hal_rcc_ex.c" -mcpu=cortex-m7 -std=gnu11 -g -DDEBUG -DUSE_PWR_LDO_SUPPLY -DUSE_HAL_DRIVER -DSTM32H723xx -c -I../Core/Inc -I../Drivers/STM32H7xx_HAL_Driver/Inc -I../Drivers/STM32H7xx_HAL_Driver/Inc/Legacy -I../Drivers/CMSIS/Device/ST/STM32H7xx/Include -I../Drivers/CMSIS/Include -I../USB_DEVICE/App -I../USB_DEVICE/Target -I../Middlewares/ST/STM32_USB_Device_Library/Core/Inc -I../Middlewares/ST/STM32_USB_Device_Library/Class/HID/Inc -O0 -ffunction-sections -fdata-sections -Wall -fstack-usage -fcyclomatic-complexity -MMD -MP -MF"Drivers/STM32H7xx_HAL_Driver/Src/stm32h7xx_hal_rcc_ex.d" -MT"Drivers/STM32H7xx_HAL_Driver/Src/stm32h7xx_hal_rcc_ex.o" --specs=nano.specs -mfpu=fpv5-d16 -mfloat-abi=hard -mthumb -o "Drivers/STM32H7xx_HAL_Driver/Src/stm32h7xx_hal_rcc_ex.o"
arm-none-eabi-gcc "../Drivers/STM32H7xx_HAL_Driver/Src/stm32h7xx_hal_uart.c" -mcpu=cortex-m7 -std=gnu11 -g -DDEBUG -DUSE_PWR_LDO_SUPPLY -DUSE_HAL_DRIVER -DSTM32H723xx -c -I../Core/Inc -I../Drivers/STM32H7xx_HAL_Driver/Inc -I../Drivers/STM32H7xx_HAL_Driver/Inc/Legacy -I../Drivers/CMSIS/Device/ST/STM32H7xx/Include -I../Drivers/CMSIS/Include -I../USB_DEVICE/App -I../USB_DEVICE/Target -I../Middlewares/ST/STM32_USB_Device_Library/Core/Inc -I../Middlewares/ST/STM32_USB_Device_Library/Class/HID/Inc -O0 -ffunction-sections -fdata-sections -Wall -fstack-usage -fcyclomatic-complexity -MMD -MP -MF"Drivers/STM32H7xx_HAL_Driver/Src/stm32h7xx_hal_uart.d" -MT"Drivers/STM32H7xx_HAL_Driver/Src/stm32h7xx_hal_uart.o" --specs=nano.specs -mfpu=fpv5-d16 -mfloat-abi=hard -mthumb -o "Drivers/STM32H7xx_HAL_Driver/Src/stm32h7xx_hal_uart.o"
arm-none-eabi-gcc "../Drivers/STM32H7xx_HAL_Driver/Src/stm32h7xx_hal_uart_ex.c" -mcpu=cortex-m7 -std=gnu11 -g -DDEBUG -DUSE_PWR_LDO_SUPPLY -DUSE_HAL_DRIVER -DSTM32H723xx -c -I../Core/Inc -I../Drivers/STM32H7xx_HAL_Driver/Inc -I../Drivers/STM32H7xx_HAL_Driver/Inc/Legacy -I../Drivers/CMSIS/Device/ST/STM32H7xx/Include -I../Drivers/CMSIS/Include -I../USB_DEVICE/App -I../USB_DEVICE/Target -I../Middlewares/ST/STM32_USB_Device_Library/Core/Inc -I../Middlewares/ST/STM32_USB_Device_Library/Class/HID/Inc -O0 -ffunction-sections -fdata-sections -Wall -fstack-usage -fcyclomatic-complexity -MMD -MP -MF"Drivers/STM32H7xx_HAL_Driver/Src/stm32h7xx_hal_uart_ex.d" -MT"Drivers/STM32H7xx_HAL_Driver/Src/stm32h7xx_hal_uart_ex.o" --specs=nano.specs -mfpu=fpv5-d16 -mfloat-abi=hard -mthumb -o "Drivers/STM32H7xx_HAL_Driver/Src/stm32h7xx_hal_uart_ex.o"
arm-none-eabi-gcc "../Drivers/STM32H7xx_HAL_Driver/Src/stm32h7xx_ll_usb.c" -mcpu=cortex-m7 -std=gnu11 -g -DDEBUG -DUSE_PWR_LDO_SUPPLY -DUSE_HAL_DRIVER -DSTM32H723xx -c -I../Core/Inc -I../Drivers/STM32H7xx_HAL_Driver/Inc -I../Drivers/STM32H7xx_HAL_Driver/Inc/Legacy -I../Drivers/CMSIS/Device/ST/STM32H7xx/Include -I../Drivers/CMSIS/Include -I../USB_DEVICE/App -I../USB_DEVICE/Target -I../Middlewares/ST/STM32_USB_Device_Library/Core/Inc -I../Middlewares/ST/STM32_USB_Device_Library/Class/HID/Inc -O0 -ffunction-sections -fdata-sections -Wall -fstack-usage -fcyclomatic-complexity -MMD -MP -MF"Drivers/STM32H7xx_HAL_Driver/Src/stm32h7xx_ll_usb.d" -MT"Drivers/STM32H7xx_HAL_Driver/Src/stm32h7xx_ll_usb.o" --specs=nano.specs -mfpu=fpv5-d16 -mfloat-abi=hard -mthumb -o "Drivers/STM32H7xx_HAL_Driver/Src/stm32h7xx_ll_usb.o"
arm-none-eabi-gcc -mcpu=cortex-m7 -g -DDEBUG -c -x assembler-with-cpp -MMD -MP -MF"Core/Startup/startup_stm32h723vgtx.d" -MT"Core/Startup/startup_stm32h723vgtx.o" --specs=nano.specs -mfpu=fpv5-d16 -mfloat-abi=hard -mthumb -o "Core/Startup/startup_stm32h723vgtx.o" "../Core/Startup/startup_stm32h723vgtx.s"
arm-none-eabi-gcc "../Core/Src/main.c" -mcpu=cortex-m7 -std=gnu11 -g -DDEBUG -DUSE_PWR_LDO_SUPPLY -DUSE_HAL_DRIVER -DSTM32H723xx -c -I../Core/Inc -I../Drivers/STM32H7xx_HAL_Driver/Inc -I../Drivers/STM32H7xx_HAL_Driver/Inc/Legacy -I../Drivers/CMSIS/Device/ST/STM32H7xx/Include -I../Drivers/CMSIS/Include -I../USB_DEVICE/App -I../USB_DEVICE/Target -I../Middlewares/ST/STM32_USB_Device_Library/Core/Inc -I../Middlewares/ST/STM32_USB_Device_Library/Class/HID/Inc -O0 -ffunction-sections -fdata-sections -Wall -fstack-usage -fcyclomatic-complexity -MMD -MP -MF"Core/Src/main.d" -MT"Core/Src/main.o" --specs=nano.specs -mfpu=fpv5-d16 -mfloat-abi=hard -mthumb -o "Core/Src/main.o"
arm-none-eabi-gcc "../Core/Src/stm32h7xx_hal_msp.c" -mcpu=cortex-m7 -std=gnu11 -g -DDEBUG -DUSE_PWR_LDO_SUPPLY -DUSE_HAL_DRIVER -DSTM32H723xx -c -I../Core/Inc -I../Drivers/STM32H7xx_HAL_Driver/Inc -I../Drivers/STM32H7xx_HAL_Driver/Inc/Legacy -I../Drivers/CMSIS/Device/ST/STM32H7xx/Include -I../Drivers/CMSIS/Include -I../USB_DEVICE/App -I../USB_DEVICE/Target -I../Middlewares/ST/STM32_USB_Device_Library/Core/Inc -I../Middlewares/ST/STM32_USB_Device_Library/Class/HID/Inc -O0 -ffunction-sections -fdata-sections -Wall -fstack-usage -fcyclomatic-complexity -MMD -MP -MF"Core/Src/stm32h7xx_hal_msp.d" -MT"Core/Src/stm32h7xx_hal_msp.o" --specs=nano.specs -mfpu=fpv5-d16 -mfloat-abi=hard -mthumb -o "Core/Src/stm32h7xx_hal_msp.o"
arm-none-eabi-gcc "../Core/Src/stm32h7xx_it.c" -mcpu=cortex-m7 -std=gnu11 -g -DDEBUG -DUSE_PWR_LDO_SUPPLY -DUSE_HAL_DRIVER -DSTM32H723xx -c -I../Core/Inc -I../Drivers/STM32H7xx_HAL_Driver/Inc -I../Drivers/STM32H7xx_HAL_Driver/Inc/Legacy -I../Drivers/CMSIS/Device/ST/STM32H7xx/Include -I../Drivers/CMSIS/Include -I../USB_DEVICE/App -I../USB_DEVICE/Target -I../Middlewares/ST/STM32_USB_Device_Library/Core/Inc -I../Middlewares/ST/STM32_USB_Device_Library/Class/HID/Inc -O0 -ffunction-sections -fdata-sections -Wall -fstack-usage -fcyclomatic-complexity -MMD -MP -MF"Core/Src/stm32h7xx_it.d" -MT"Core/Src/stm32h7xx_it.o" --specs=nano.specs -mfpu=fpv5-d16 -mfloat-abi=hard -mthumb -o "Core/Src/stm32h7xx_it.o"
arm-none-eabi-gcc "../Core/Src/syscalls.c" -mcpu=cortex-m7 -std=gnu11 -g -DDEBUG -DUSE_PWR_LDO_SUPPLY -DUSE_HAL_DRIVER -DSTM32H723xx -c -I../Core/Inc -I../Drivers/STM32H7xx_HAL_Driver/Inc -I../Drivers/STM32H7xx_HAL_Driver/Inc/Legacy -I../Drivers/CMSIS/Device/ST/STM32H7xx/Include -I../Drivers/CMSIS/Include -I../USB_DEVICE/App -I../USB_DEVICE/Target -I../Middlewares/ST/STM32_USB_Device_Library/Core/Inc -I../Middlewares/ST/STM32_USB_Device_Library/Class/HID/Inc -O0 -ffunction-sections -fdata-sections -Wall -fstack-usage -fcyclomatic-complexity -MMD -MP -MF"Core/Src/syscalls.d" -MT"Core/Src/syscalls.o" --specs=nano.specs -mfpu=fpv5-d16 -mfloat-abi=hard -mthumb -o "Core/Src/syscalls.o"
arm-none-eabi-gcc "../Core/Src/sysmem.c" -mcpu=cortex-m7 -std=gnu11 -g -DDEBUG -DUSE_PWR_LDO_SUPPLY -DUSE_HAL_DRIVER -DSTM32H723xx -c -I../Core/Inc -I../Drivers/STM32H7xx_HAL_Driver/Inc -I../Drivers/STM32H7xx_HAL_Driver/Inc/Legacy -I../Drivers/CMSIS/Device/ST/STM32H7xx/Include -I../Drivers/CMSIS/Include -I../USB_DEVICE/App -I../USB_DEVICE/Target -I../Middlewares/ST/STM32_USB_Device_Library/Core/Inc -I../Middlewares/ST/STM32_USB_Device_Library/Class/HID/Inc -O0 -ffunction-sections -fdata-sections -Wall -fstack-usage -fcyclomatic-complexity -MMD -MP -MF"Core/Src/sysmem.d" -MT"Core/Src/sysmem.o" --specs=nano.specs -mfpu=fpv5-d16 -mfloat-abi=hard -mthumb -o "Core/Src/sysmem.o"
arm-none-eabi-gcc "../Core/Src/system_stm32h7xx.c" -mcpu=cortex-m7 -std=gnu11 -g -DDEBUG -DUSE_PWR_LDO_SUPPLY -DUSE_HAL_DRIVER -DSTM32H723xx -c -I../Core/Inc -I../Drivers/STM32H7xx_HAL_Driver/Inc -I../Drivers/STM32H7xx_HAL_Driver/Inc/Legacy -I../Drivers/CMSIS/Device/ST/STM32H7xx/Include -I../Drivers/CMSIS/Include -I../USB_DEVICE/App -I../USB_DEVICE/Target -I../Middlewares/ST/STM32_USB_Device_Library/Core/Inc -I../Middlewares/ST/STM32_USB_Device_Library/Class/HID/Inc -O0 -ffunction-sections -fdata-sections -Wall -fstack-usage -fcyclomatic-complexity -MMD -MP -MF"Core/Src/system_stm32h7xx.d" -MT"Core/Src/system_stm32h7xx.o" --specs=nano.specs -mfpu=fpv5-d16 -mfloat-abi=hard -mthumb -o "Core/Src/system_stm32h7xx.o"
../Core/Src/main.c: In function 'CheckScanrate':
../Core/Src/main.c:485:39: warning: format '%d' expects argument of type 'int', but argument 3 has type 'uint32_t' {aka 'long unsigned int'} [-Wformat=]
  485 |         sprintf(message, "Time(ms) = %d |  Scanrate(Hz) = %d \n\r", HAL_GetTick(), Scanrate / 10);
      |                                      ~^                             ~~~~~~~~~~~~~
      |                                       |                             |
      |                                       int                           uint32_t {aka long unsigned int}
      |                                      %ld
../Core/Src/main.c: In function 'main':
../Core/Src/main.c:548:43: warning: format '%d' expects argument of type 'int', but argument 3 has type 'uint32_t' {aka 'long unsigned int'} [-Wformat=]
  548 |             sprintf(message, "Time(ms) = %d |  Scanrate(Hz) = %d \n\r", HAL_GetTick(), Scanrate / 10);
      |                                          ~^                             ~~~~~~~~~~~~~
      |                                           |                             |
      |                                           int                           uint32_t {aka long unsigned int}
      |                                          %ld
../Core/Src/main.c:572:1: warning: "/*" within comment [-Wcomment]
  572 | /*
      |  
../Core/Src/main.c:560:26: warning: unused variable 'Matrix' [-Wunused-variable]
  560 |         MatrixScanResult Matrix = MatrixScan();
      |                          ^~~~~~
arm-none-eabi-gcc -o "STM32H723.elf" @"objects.list"   -mcpu=cortex-m7 -T"C:\Users\leese\Music\STM32\STM32H723\STM32H723VGTX_FLASH.ld" --specs=nosys.specs -Wl,-Map="STM32H723.map" -Wl,--gc-sections -static --specs=nano.specs -mfpu=fpv5-d16 -mfloat-abi=hard -mthumb -Wl,--start-group -lc -lm -Wl,--end-group
Finished building target: STM32H723.elf
 
arm-none-eabi-size  STM32H723.elf 
arm-none-eabi-objdump -h -S STM32H723.elf  > "STM32H723.list"
   text	   data	    bss	    dec	    hex	filename
  46288	    360	   4600	  51248	   c830	STM32H723.elf
Finished building: default.size.stdout
 
Finished building: STM32H723.list
 
15:57:49 **** Build of configuration Release for project STM32H723 ****
make -j12 all 
arm-none-eabi-gcc "../USB_DEVICE/Target/usbd_conf.c" -mcpu=cortex-m7 -std=gnu11 -g -DUSE_PWR_LDO_SUPPLY -DUSE_HAL_DRIVER -DSTM32H723xx -c -I../Core/Inc -I../Drivers/STM32H7xx_HAL_Driver/Inc -I../Drivers/STM32H7xx_HAL_Driver/Inc/Legacy -I../Drivers/CMSIS/Device/ST/STM32H7xx/Include -I../Drivers/CMSIS/Include -I../USB_DEVICE/App -I../USB_DEVICE/Target -I../Middlewares/ST/STM32_USB_Device_Library/Core/Inc -I../Middlewares/ST/STM32_USB_Device_Library/Class/HID/Inc -Ofast -ffunction-sections -fdata-sections -Wall -fstack-usage -fcyclomatic-complexity -MMD -MP -MF"USB_DEVICE/Target/usbd_conf.d" -MT"USB_DEVICE/Target/usbd_conf.o" --specs=nano.specs -mfpu=fpv5-d16 -mfloat-abi=hard -mthumb -o "USB_DEVICE/Target/usbd_conf.o"
arm-none-eabi-gcc "../USB_DEVICE/App/usb_device.c" -mcpu=cortex-m7 -std=gnu11 -g -DUSE_PWR_LDO_SUPPLY -DUSE_HAL_DRIVER -DSTM32H723xx -c -I../Core/Inc -I../Drivers/STM32H7xx_HAL_Driver/Inc -I../Drivers/STM32H7xx_HAL_Driver/Inc/Legacy -I../Drivers/CMSIS/Device/ST/STM32H7xx/Include -I../Drivers/CMSIS/Include -I../USB_DEVICE/App -I../USB_DEVICE/Target -I../Middlewares/ST/STM32_USB_Device_Library/Core/Inc -I../Middlewares/ST/STM32_USB_Device_Library/Class/HID/Inc -Ofast -ffunction-sections -fdata-sections -Wall -fstack-usage -fcyclomatic-complexity -MMD -MP -MF"USB_DEVICE/App/usb_device.d" -MT"USB_DEVICE/App/usb_device.o" --specs=nano.specs -mfpu=fpv5-d16 -mfloat-abi=hard -mthumb -o "USB_DEVICE/App/usb_device.o"
arm-none-eabi-gcc "../USB_DEVICE/App/usbd_desc.c" -mcpu=cortex-m7 -std=gnu11 -g -DUSE_PWR_LDO_SUPPLY -DUSE_HAL_DRIVER -DSTM32H723xx -c -I../Core/Inc -I../Drivers/STM32H7xx_HAL_Driver/Inc -I../Drivers/STM32H7xx_HAL_Driver/Inc/Legacy -I../Drivers/CMSIS/Device/ST/STM32H7xx/Include -I../Drivers/CMSIS/Include -I../USB_DEVICE/App -I../USB_DEVICE/Target -I../Middlewares/ST/STM32_USB_Device_Library/Core/Inc -I../Middlewares/ST/STM32_USB_Device_Library/Class/HID/Inc -Ofast -ffunction-sections -fdata-sections -Wall -fstack-usage -fcyclomatic-complexity -MMD -MP -MF"USB_DEVICE/App/usbd_desc.d" -MT"USB_DEVICE/App/usbd_desc.o" --specs=nano.specs -mfpu=fpv5-d16 -mfloat-abi=hard -mthumb -o "USB_DEVICE/App/usbd_desc.o"
arm-none-eabi-gcc "../Middlewares/ST/STM32_USB_Device_Library/Core/Src/usbd_core.c" -mcpu=cortex-m7 -std=gnu11 -g -DUSE_PWR_LDO_SUPPLY -DUSE_HAL_DRIVER -DSTM32H723xx -c -I../Core/Inc -I../Drivers/STM32H7xx_HAL_Driver/Inc -I../Drivers/STM32H7xx_HAL_Driver/Inc/Legacy -I../Drivers/CMSIS/Device/ST/STM32H7xx/Include -I../Drivers/CMSIS/Include -I../USB_DEVICE/App -I../USB_DEVICE/Target -I../Middlewares/ST/STM32_USB_Device_Library/Core/Inc -I../Middlewares/ST/STM32_USB_Device_Library/Class/HID/Inc -Ofast -ffunction-sections -fdata-sections -Wall -fstack-usage -fcyclomatic-complexity -MMD -MP -MF"Middlewares/ST/STM32_USB_Device_Library/Core/Src/usbd_core.d" -MT"Middlewares/ST/STM32_USB_Device_Library/Core/Src/usbd_core.o" --specs=nano.specs -mfpu=fpv5-d16 -mfloat-abi=hard -mthumb -o "Middlewares/ST/STM32_USB_Device_Library/Core/Src/usbd_core.o"
arm-none-eabi-gcc "../Middlewares/ST/STM32_USB_Device_Library/Core/Src/usbd_ctlreq.c" -mcpu=cortex-m7 -std=gnu11 -g -DUSE_PWR_LDO_SUPPLY -DUSE_HAL_DRIVER -DSTM32H723xx -c -I../Core/Inc -I../Drivers/STM32H7xx_HAL_Driver/Inc -I../Drivers/STM32H7xx_HAL_Driver/Inc/Legacy -I../Drivers/CMSIS/Device/ST/STM32H7xx/Include -I../Drivers/CMSIS/Include -I../USB_DEVICE/App -I../USB_DEVICE/Target -I../Middlewares/ST/STM32_USB_Device_Library/Core/Inc -I../Middlewares/ST/STM32_USB_Device_Library/Class/HID/Inc -Ofast -ffunction-sections -fdata-sections -Wall -fstack-usage -fcyclomatic-complexity -MMD -MP -MF"Middlewares/ST/STM32_USB_Device_Library/Core/Src/usbd_ctlreq.d" -MT"Middlewares/ST/STM32_USB_Device_Library/Core/Src/usbd_ctlreq.o" --specs=nano.specs -mfpu=fpv5-d16 -mfloat-abi=hard -mthumb -o "Middlewares/ST/STM32_USB_Device_Library/Core/Src/usbd_ctlreq.o"
arm-none-eabi-gcc "../Middlewares/ST/STM32_USB_Device_Library/Core/Src/usbd_ioreq.c" -mcpu=cortex-m7 -std=gnu11 -g -DUSE_PWR_LDO_SUPPLY -DUSE_HAL_DRIVER -DSTM32H723xx -c -I../Core/Inc -I../Drivers/STM32H7xx_HAL_Driver/Inc -I../Drivers/STM32H7xx_HAL_Driver/Inc/Legacy -I../Drivers/CMSIS/Device/ST/STM32H7xx/Include -I../Drivers/CMSIS/Include -I../USB_DEVICE/App -I../USB_DEVICE/Target -I../Middlewares/ST/STM32_USB_Device_Library/Core/Inc -I../Middlewares/ST/STM32_USB_Device_Library/Class/HID/Inc -Ofast -ffunction-sections -fdata-sections -Wall -fstack-usage -fcyclomatic-complexity -MMD -MP -MF"Middlewares/ST/STM32_USB_Device_Library/Core/Src/usbd_ioreq.d" -MT"Middlewares/ST/STM32_USB_Device_Library/Core/Src/usbd_ioreq.o" --specs=nano.specs -mfpu=fpv5-d16 -mfloat-abi=hard -mthumb -o "Middlewares/ST/STM32_USB_Device_Library/Core/Src/usbd_ioreq.o"
arm-none-eabi-gcc "../Middlewares/ST/STM32_USB_Device_Library/Class/HID/Src/usbd_hid.c" -mcpu=cortex-m7 -std=gnu11 -g -DUSE_PWR_LDO_SUPPLY -DUSE_HAL_DRIVER -DSTM32H723xx -c -I../Core/Inc -I../Drivers/STM32H7xx_HAL_Driver/Inc -I../Drivers/STM32H7xx_HAL_Driver/Inc/Legacy -I../Drivers/CMSIS/Device/ST/STM32H7xx/Include -I../Drivers/CMSIS/Include -I../USB_DEVICE/App -I../USB_DEVICE/Target -I../Middlewares/ST/STM32_USB_Device_Library/Core/Inc -I../Middlewares/ST/STM32_USB_Device_Library/Class/HID/Inc -Ofast -ffunction-sections -fdata-sections -Wall -fstack-usage -fcyclomatic-complexity -MMD -MP -MF"Middlewares/ST/STM32_USB_Device_Library/Class/HID/Src/usbd_hid.d" -MT"Middlewares/ST/STM32_USB_Device_Library/Class/HID/Src/usbd_hid.o" --specs=nano.specs -mfpu=fpv5-d16 -mfloat-abi=hard -mthumb -o "Middlewares/ST/STM32_USB_Device_Library/Class/HID/Src/usbd_hid.o"
arm-none-eabi-gcc "../Drivers/STM32H7xx_HAL_Driver/Src/stm32h7xx_hal.c" -mcpu=cortex-m7 -std=gnu11 -g -DUSE_PWR_LDO_SUPPLY -DUSE_HAL_DRIVER -DSTM32H723xx -c -I../Core/Inc -I../Drivers/STM32H7xx_HAL_Driver/Inc -I../Drivers/STM32H7xx_HAL_Driver/Inc/Legacy -I../Drivers/CMSIS/Device/ST/STM32H7xx/Include -I../Drivers/CMSIS/Include -I../USB_DEVICE/App -I../USB_DEVICE/Target -I../Middlewares/ST/STM32_USB_Device_Library/Core/Inc -I../Middlewares/ST/STM32_USB_Device_Library/Class/HID/Inc -Ofast -ffunction-sections -fdata-sections -Wall -fstack-usage -fcyclomatic-complexity -MMD -MP -MF"Drivers/STM32H7xx_HAL_Driver/Src/stm32h7xx_hal.d" -MT"Drivers/STM32H7xx_HAL_Driver/Src/stm32h7xx_hal.o" --specs=nano.specs -mfpu=fpv5-d16 -mfloat-abi=hard -mthumb -o "Drivers/STM32H7xx_HAL_Driver/Src/stm32h7xx_hal.o"
arm-none-eabi-gcc "../Drivers/STM32H7xx_HAL_Driver/Src/stm32h7xx_hal_cortex.c" -mcpu=cortex-m7 -std=gnu11 -g -DUSE_PWR_LDO_SUPPLY -DUSE_HAL_DRIVER -DSTM32H723xx -c -I../Core/Inc -I../Drivers/STM32H7xx_HAL_Driver/Inc -I../Drivers/STM32H7xx_HAL_Driver/Inc/Legacy -I../Drivers/CMSIS/Device/ST/STM32H7xx/Include -I../Drivers/CMSIS/Include -I../USB_DEVICE/App -I../USB_DEVICE/Target -I../Middlewares/ST/STM32_USB_Device_Library/Core/Inc -I../Middlewares/ST/STM32_USB_Device_Library/Class/HID/Inc -Ofast -ffunction-sections -fdata-sections -Wall -fstack-usage -fcyclomatic-complexity -MMD -MP -MF"Drivers/STM32H7xx_HAL_Driver/Src/stm32h7xx_hal_cortex.d" -MT"Drivers/STM32H7xx_HAL_Driver/Src/stm32h7xx_hal_cortex.o" --specs=nano.specs -mfpu=fpv5-d16 -mfloat-abi=hard -mthumb -o "Drivers/STM32H7xx_HAL_Driver/Src/stm32h7xx_hal_cortex.o"
arm-none-eabi-gcc "../Drivers/STM32H7xx_HAL_Driver/Src/stm32h7xx_hal_dma.c" -mcpu=cortex-m7 -std=gnu11 -g -DUSE_PWR_LDO_SUPPLY -DUSE_HAL_DRIVER -DSTM32H723xx -c -I../Core/Inc -I../Drivers/STM32H7xx_HAL_Driver/Inc -I../Drivers/STM32H7xx_HAL_Driver/Inc/Legacy -I../Drivers/CMSIS/Device/ST/STM32H7xx/Include -I../Drivers/CMSIS/Include -I../USB_DEVICE/App -I../USB_DEVICE/Target -I../Middlewares/ST/STM32_USB_Device_Library/Core/Inc -I../Middlewares/ST/STM32_USB_Device_Library/Class/HID/Inc -Ofast -ffunction-sections -fdata-sections -Wall -fstack-usage -fcyclomatic-complexity -MMD -MP -MF"Drivers/STM32H7xx_HAL_Driver/Src/stm32h7xx_hal_dma.d" -MT"Drivers/STM32H7xx_HAL_Driver/Src/stm32h7xx_hal_dma.o" --specs=nano.specs -mfpu=fpv5-d16 -mfloat-abi=hard -mthumb -o "Drivers/STM32H7xx_HAL_Driver/Src/stm32h7xx_hal_dma.o"
arm-none-eabi-gcc "../Drivers/STM32H7xx_HAL_Driver/Src/stm32h7xx_hal_dma_ex.c" -mcpu=cortex-m7 -std=gnu11 -g -DUSE_PWR_LDO_SUPPLY -DUSE_HAL_DRIVER -DSTM32H723xx -c -I../Core/Inc -I../Drivers/STM32H7xx_HAL_Driver/Inc -I../Drivers/STM32H7xx_HAL_Driver/Inc/Legacy -I../Drivers/CMSIS/Device/ST/STM32H7xx/Include -I../Drivers/CMSIS/Include -I../USB_DEVICE/App -I../USB_DEVICE/Target -I../Middlewares/ST/STM32_USB_Device_Library/Core/Inc -I../Middlewares/ST/STM32_USB_Device_Library/Class/HID/Inc -Ofast -ffunction-sections -fdata-sections -Wall -fstack-usage -fcyclomatic-complexity -MMD -MP -MF"Drivers/STM32H7xx_HAL_Driver/Src/stm32h7xx_hal_dma_ex.d" -MT"Drivers/STM32H7xx_HAL_Driver/Src/stm32h7xx_hal_dma_ex.o" --specs=nano.specs -mfpu=fpv5-d16 -mfloat-abi=hard -mthumb -o "Drivers/STM32H7xx_HAL_Driver/Src/stm32h7xx_hal_dma_ex.o"
arm-none-eabi-gcc "../Drivers/STM32H7xx_HAL_Driver/Src/stm32h7xx_hal_exti.c" -mcpu=cortex-m7 -std=gnu11 -g -DUSE_PWR_LDO_SUPPLY -DUSE_HAL_DRIVER -DSTM32H723xx -c -I../Core/Inc -I../Drivers/STM32H7xx_HAL_Driver/Inc -I../Drivers/STM32H7xx_HAL_Driver/Inc/Legacy -I../Drivers/CMSIS/Device/ST/STM32H7xx/Include -I../Drivers/CMSIS/Include -I../USB_DEVICE/App -I../USB_DEVICE/Target -I../Middlewares/ST/STM32_USB_Device_Library/Core/Inc -I../Middlewares/ST/STM32_USB_Device_Library/Class/HID/Inc -Ofast -ffunction-sections -fdata-sections -Wall -fstack-usage -fcyclomatic-complexity -MMD -MP -MF"Drivers/STM32H7xx_HAL_Driver/Src/stm32h7xx_hal_exti.d" -MT"Drivers/STM32H7xx_HAL_Driver/Src/stm32h7xx_hal_exti.o" --specs=nano.specs -mfpu=fpv5-d16 -mfloat-abi=hard -mthumb -o "Drivers/STM32H7xx_HAL_Driver/Src/stm32h7xx_hal_exti.o"
arm-none-eabi-gcc "../Drivers/STM32H7xx_HAL_Driver/Src/stm32h7xx_hal_flash.c" -mcpu=cortex-m7 -std=gnu11 -g -DUSE_PWR_LDO_SUPPLY -DUSE_HAL_DRIVER -DSTM32H723xx -c -I../Core/Inc -I../Drivers/STM32H7xx_HAL_Driver/Inc -I../Drivers/STM32H7xx_HAL_Driver/Inc/Legacy -I../Drivers/CMSIS/Device/ST/STM32H7xx/Include -I../Drivers/CMSIS/Include -I../USB_DEVICE/App -I../USB_DEVICE/Target -I../Middlewares/ST/STM32_USB_Device_Library/Core/Inc -I../Middlewares/ST/STM32_USB_Device_Library/Class/HID/Inc -Ofast -ffunction-sections -fdata-sections -Wall -fstack-usage -fcyclomatic-complexity -MMD -MP -MF"Drivers/STM32H7xx_HAL_Driver/Src/stm32h7xx_hal_flash.d" -MT"Drivers/STM32H7xx_HAL_Driver/Src/stm32h7xx_hal_flash.o" --specs=nano.specs -mfpu=fpv5-d16 -mfloat-abi=hard -mthumb -o "Drivers/STM32H7xx_HAL_Driver/Src/stm32h7xx_hal_flash.o"
arm-none-eabi-gcc "../Drivers/STM32H7xx_HAL_Driver/Src/stm32h7xx_hal_flash_ex.c" -mcpu=cortex-m7 -std=gnu11 -g -DUSE_PWR_LDO_SUPPLY -DUSE_HAL_DRIVER -DSTM32H723xx -c -I../Core/Inc -I../Drivers/STM32H7xx_HAL_Driver/Inc -I../Drivers/STM32H7xx_HAL_Driver/Inc/Legacy -I../Drivers/CMSIS/Device/ST/STM32H7xx/Include -I../Drivers/CMSIS/Include -I../USB_DEVICE/App -I../USB_DEVICE/Target -I../Middlewares/ST/STM32_USB_Device_Library/Core/Inc -I../Middlewares/ST/STM32_USB_Device_Library/Class/HID/Inc -Ofast -ffunction-sections -fdata-sections -Wall -fstack-usage -fcyclomatic-complexity -MMD -MP -MF"Drivers/STM32H7xx_HAL_Driver/Src/stm32h7xx_hal_flash_ex.d" -MT"Drivers/STM32H7xx_HAL_Driver/Src/stm32h7xx_hal_flash_ex.o" --specs=nano.specs -mfpu=fpv5-d16 -mfloat-abi=hard -mthumb -o "Drivers/STM32H7xx_HAL_Driver/Src/stm32h7xx_hal_flash_ex.o"
arm-none-eabi-gcc "../Drivers/STM32H7xx_HAL_Driver/Src/stm32h7xx_hal_gpio.c" -mcpu=cortex-m7 -std=gnu11 -g -DUSE_PWR_LDO_SUPPLY -DUSE_HAL_DRIVER -DSTM32H723xx -c -I../Core/Inc -I../Drivers/STM32H7xx_HAL_Driver/Inc -I../Drivers/STM32H7xx_HAL_Driver/Inc/Legacy -I../Drivers/CMSIS/Device/ST/STM32H7xx/Include -I../Drivers/CMSIS/Include -I../USB_DEVICE/App -I../USB_DEVICE/Target -I../Middlewares/ST/STM32_USB_Device_Library/Core/Inc -I../Middlewares/ST/STM32_USB_Device_Library/Class/HID/Inc -Ofast -ffunction-sections -fdata-sections -Wall -fstack-usage -fcyclomatic-complexity -MMD -MP -MF"Drivers/STM32H7xx_HAL_Driver/Src/stm32h7xx_hal_gpio.d" -MT"Drivers/STM32H7xx_HAL_Driver/Src/stm32h7xx_hal_gpio.o" --specs=nano.specs -mfpu=fpv5-d16 -mfloat-abi=hard -mthumb -o "Drivers/STM32H7xx_HAL_Driver/Src/stm32h7xx_hal_gpio.o"
arm-none-eabi-gcc "../Drivers/STM32H7xx_HAL_Driver/Src/stm32h7xx_hal_hsem.c" -mcpu=cortex-m7 -std=gnu11 -g -DUSE_PWR_LDO_SUPPLY -DUSE_HAL_DRIVER -DSTM32H723xx -c -I../Core/Inc -I../Drivers/STM32H7xx_HAL_Driver/Inc -I../Drivers/STM32H7xx_HAL_Driver/Inc/Legacy -I../Drivers/CMSIS/Device/ST/STM32H7xx/Include -I../Drivers/CMSIS/Include -I../USB_DEVICE/App -I../USB_DEVICE/Target -I../Middlewares/ST/STM32_USB_Device_Library/Core/Inc -I../Middlewares/ST/STM32_USB_Device_Library/Class/HID/Inc -Ofast -ffunction-sections -fdata-sections -Wall -fstack-usage -fcyclomatic-complexity -MMD -MP -MF"Drivers/STM32H7xx_HAL_Driver/Src/stm32h7xx_hal_hsem.d" -MT"Drivers/STM32H7xx_HAL_Driver/Src/stm32h7xx_hal_hsem.o" --specs=nano.specs -mfpu=fpv5-d16 -mfloat-abi=hard -mthumb -o "Drivers/STM32H7xx_HAL_Driver/Src/stm32h7xx_hal_hsem.o"
arm-none-eabi-gcc "../Drivers/STM32H7xx_HAL_Driver/Src/stm32h7xx_hal_i2c.c" -mcpu=cortex-m7 -std=gnu11 -g -DUSE_PWR_LDO_SUPPLY -DUSE_HAL_DRIVER -DSTM32H723xx -c -I../Core/Inc -I../Drivers/STM32H7xx_HAL_Driver/Inc -I../Drivers/STM32H7xx_HAL_Driver/Inc/Legacy -I../Drivers/CMSIS/Device/ST/STM32H7xx/Include -I../Drivers/CMSIS/Include -I../USB_DEVICE/App -I../USB_DEVICE/Target -I../Middlewares/ST/STM32_USB_Device_Library/Core/Inc -I../Middlewares/ST/STM32_USB_Device_Library/Class/HID/Inc -Ofast -ffunction-sections -fdata-sections -Wall -fstack-usage -fcyclomatic-complexity -MMD -MP -MF"Drivers/STM32H7xx_HAL_Driver/Src/stm32h7xx_hal_i2c.d" -MT"Drivers/STM32H7xx_HAL_Driver/Src/stm32h7xx_hal_i2c.o" --specs=nano.specs -mfpu=fpv5-d16 -mfloat-abi=hard -mthumb -o "Drivers/STM32H7xx_HAL_Driver/Src/stm32h7xx_hal_i2c.o"
arm-none-eabi-gcc "../Drivers/STM32H7xx_HAL_Driver/Src/stm32h7xx_hal_i2c_ex.c" -mcpu=cortex-m7 -std=gnu11 -g -DUSE_PWR_LDO_SUPPLY -DUSE_HAL_DRIVER -DSTM32H723xx -c -I../Core/Inc -I../Drivers/STM32H7xx_HAL_Driver/Inc -I../Drivers/STM32H7xx_HAL_Driver/Inc/Legacy -I../Drivers/CMSIS/Device/ST/STM32H7xx/Include -I../Drivers/CMSIS/Include -I../USB_DEVICE/App -I../USB_DEVICE/Target -I../Middlewares/ST/STM32_USB_Device_Library/Core/Inc -I../Middlewares/ST/STM32_USB_Device_Library/Class/HID/Inc -Ofast -ffunction-sections -fdata-sections -Wall -fstack-usage -fcyclomatic-complexity -MMD -MP -MF"Drivers/STM32H7xx_HAL_Driver/Src/stm32h7xx_hal_i2c_ex.d" -MT"Drivers/STM32H7xx_HAL_Driver/Src/stm32h7xx_hal_i2c_ex.o" --specs=nano.specs -mfpu=fpv5-d16 -mfloat-abi=hard -mthumb -o "Drivers/STM32H7xx_HAL_Driver/Src/stm32h7xx_hal_i2c_ex.o"
arm-none-eabi-gcc "../Drivers/STM32H7xx_HAL_Driver/Src/stm32h7xx_hal_mdma.c" -mcpu=cortex-m7 -std=gnu11 -g -DUSE_PWR_LDO_SUPPLY -DUSE_HAL_DRIVER -DSTM32H723xx -c -I../Core/Inc -I../Drivers/STM32H7xx_HAL_Driver/Inc -I../Drivers/STM32H7xx_HAL_Driver/Inc/Legacy -I../Drivers/CMSIS/Device/ST/STM32H7xx/Include -I../Drivers/CMSIS/Include -I../USB_DEVICE/App -I../USB_DEVICE/Target -I../Middlewares/ST/STM32_USB_Device_Library/Core/Inc -I../Middlewares/ST/STM32_USB_Device_Library/Class/HID/Inc -Ofast -ffunction-sections -fdata-sections -Wall -fstack-usage -fcyclomatic-complexity -MMD -MP -MF"Drivers/STM32H7xx_HAL_Driver/Src/stm32h7xx_hal_mdma.d" -MT"Drivers/STM32H7xx_HAL_Driver/Src/stm32h7xx_hal_mdma.o" --specs=nano.specs -mfpu=fpv5-d16 -mfloat-abi=hard -mthumb -o "Drivers/STM32H7xx_HAL_Driver/Src/stm32h7xx_hal_mdma.o"
arm-none-eabi-gcc "../Drivers/STM32H7xx_HAL_Driver/Src/stm32h7xx_hal_pcd.c" -mcpu=cortex-m7 -std=gnu11 -g -DUSE_PWR_LDO_SUPPLY -DUSE_HAL_DRIVER -DSTM32H723xx -c -I../Core/Inc -I../Drivers/STM32H7xx_HAL_Driver/Inc -I../Drivers/STM32H7xx_HAL_Driver/Inc/Legacy -I../Drivers/CMSIS/Device/ST/STM32H7xx/Include -I../Drivers/CMSIS/Include -I../USB_DEVICE/App -I../USB_DEVICE/Target -I../Middlewares/ST/STM32_USB_Device_Library/Core/Inc -I../Middlewares/ST/STM32_USB_Device_Library/Class/HID/Inc -Ofast -ffunction-sections -fdata-sections -Wall -fstack-usage -fcyclomatic-complexity -MMD -MP -MF"Drivers/STM32H7xx_HAL_Driver/Src/stm32h7xx_hal_pcd.d" -MT"Drivers/STM32H7xx_HAL_Driver/Src/stm32h7xx_hal_pcd.o" --specs=nano.specs -mfpu=fpv5-d16 -mfloat-abi=hard -mthumb -o "Drivers/STM32H7xx_HAL_Driver/Src/stm32h7xx_hal_pcd.o"
arm-none-eabi-gcc "../Drivers/STM32H7xx_HAL_Driver/Src/stm32h7xx_hal_pcd_ex.c" -mcpu=cortex-m7 -std=gnu11 -g -DUSE_PWR_LDO_SUPPLY -DUSE_HAL_DRIVER -DSTM32H723xx -c -I../Core/Inc -I../Drivers/STM32H7xx_HAL_Driver/Inc -I../Drivers/STM32H7xx_HAL_Driver/Inc/Legacy -I../Drivers/CMSIS/Device/ST/STM32H7xx/Include -I../Drivers/CMSIS/Include -I../USB_DEVICE/App -I../USB_DEVICE/Target -I../Middlewares/ST/STM32_USB_Device_Library/Core/Inc -I../Middlewares/ST/STM32_USB_Device_Library/Class/HID/Inc -Ofast -ffunction-sections -fdata-sections -Wall -fstack-usage -fcyclomatic-complexity -MMD -MP -MF"Drivers/STM32H7xx_HAL_Driver/Src/stm32h7xx_hal_pcd_ex.d" -MT"Drivers/STM32H7xx_HAL_Driver/Src/stm32h7xx_hal_pcd_ex.o" --specs=nano.specs -mfpu=fpv5-d16 -mfloat-abi=hard -mthumb -o "Drivers/STM32H7xx_HAL_Driver/Src/stm32h7xx_hal_pcd_ex.o"
arm-none-eabi-gcc "../Drivers/STM32H7xx_HAL_Driver/Src/stm32h7xx_hal_pwr.c" -mcpu=cortex-m7 -std=gnu11 -g -DUSE_PWR_LDO_SUPPLY -DUSE_HAL_DRIVER -DSTM32H723xx -c -I../Core/Inc -I../Drivers/STM32H7xx_HAL_Driver/Inc -I../Drivers/STM32H7xx_HAL_Driver/Inc/Legacy -I../Drivers/CMSIS/Device/ST/STM32H7xx/Include -I../Drivers/CMSIS/Include -I../USB_DEVICE/App -I../USB_DEVICE/Target -I../Middlewares/ST/STM32_USB_Device_Library/Core/Inc -I../Middlewares/ST/STM32_USB_Device_Library/Class/HID/Inc -Ofast -ffunction-sections -fdata-sections -Wall -fstack-usage -fcyclomatic-complexity -MMD -MP -MF"Drivers/STM32H7xx_HAL_Driver/Src/stm32h7xx_hal_pwr.d" -MT"Drivers/STM32H7xx_HAL_Driver/Src/stm32h7xx_hal_pwr.o" --specs=nano.specs -mfpu=fpv5-d16 -mfloat-abi=hard -mthumb -o "Drivers/STM32H7xx_HAL_Driver/Src/stm32h7xx_hal_pwr.o"
arm-none-eabi-gcc "../Drivers/STM32H7xx_HAL_Driver/Src/stm32h7xx_hal_pwr_ex.c" -mcpu=cortex-m7 -std=gnu11 -g -DUSE_PWR_LDO_SUPPLY -DUSE_HAL_DRIVER -DSTM32H723xx -c -I../Core/Inc -I../Drivers/STM32H7xx_HAL_Driver/Inc -I../Drivers/STM32H7xx_HAL_Driver/Inc/Legacy -I../Drivers/CMSIS/Device/ST/STM32H7xx/Include -I../Drivers/CMSIS/Include -I../USB_DEVICE/App -I../USB_DEVICE/Target -I../Middlewares/ST/STM32_USB_Device_Library/Core/Inc -I../Middlewares/ST/STM32_USB_Device_Library/Class/HID/Inc -Ofast -ffunction-sections -fdata-sections -Wall -fstack-usage -fcyclomatic-complexity -MMD -MP -MF"Drivers/STM32H7xx_HAL_Driver/Src/stm32h7xx_hal_pwr_ex.d" -MT"Drivers/STM32H7xx_HAL_Driver/Src/stm32h7xx_hal_pwr_ex.o" --specs=nano.specs -mfpu=fpv5-d16 -mfloat-abi=hard -mthumb -o "Drivers/STM32H7xx_HAL_Driver/Src/stm32h7xx_hal_pwr_ex.o"
arm-none-eabi-gcc "../Drivers/STM32H7xx_HAL_Driver/Src/stm32h7xx_hal_rcc.c" -mcpu=cortex-m7 -std=gnu11 -g -DUSE_PWR_LDO_SUPPLY -DUSE_HAL_DRIVER -DSTM32H723xx -c -I../Core/Inc -I../Drivers/STM32H7xx_HAL_Driver/Inc -I../Drivers/STM32H7xx_HAL_Driver/Inc/Legacy -I../Drivers/CMSIS/Device/ST/STM32H7xx/Include -I../Drivers/CMSIS/Include -I../USB_DEVICE/App -I../USB_DEVICE/Target -I../Middlewares/ST/STM32_USB_Device_Library/Core/Inc -I../Middlewares/ST/STM32_USB_Device_Library/Class/HID/Inc -Ofast -ffunction-sections -fdata-sections -Wall -fstack-usage -fcyclomatic-complexity -MMD -MP -MF"Drivers/STM32H7xx_HAL_Driver/Src/stm32h7xx_hal_rcc.d" -MT"Drivers/STM32H7xx_HAL_Driver/Src/stm32h7xx_hal_rcc.o" --specs=nano.specs -mfpu=fpv5-d16 -mfloat-abi=hard -mthumb -o "Drivers/STM32H7xx_HAL_Driver/Src/stm32h7xx_hal_rcc.o"
arm-none-eabi-gcc "../Drivers/STM32H7xx_HAL_Driver/Src/stm32h7xx_hal_rcc_ex.c" -mcpu=cortex-m7 -std=gnu11 -g -DUSE_PWR_LDO_SUPPLY -DUSE_HAL_DRIVER -DSTM32H723xx -c -I../Core/Inc -I../Drivers/STM32H7xx_HAL_Driver/Inc -I../Drivers/STM32H7xx_HAL_Driver/Inc/Legacy -I../Drivers/CMSIS/Device/ST/STM32H7xx/Include -I../Drivers/CMSIS/Include -I../USB_DEVICE/App -I../USB_DEVICE/Target -I../Middlewares/ST/STM32_USB_Device_Library/Core/Inc -I../Middlewares/ST/STM32_USB_Device_Library/Class/HID/Inc -Ofast -ffunction-sections -fdata-sections -Wall -fstack-usage -fcyclomatic-complexity -MMD -MP -MF"Drivers/STM32H7xx_HAL_Driver/Src/stm32h7xx_hal_rcc_ex.d" -MT"Drivers/STM32H7xx_HAL_Driver/Src/stm32h7xx_hal_rcc_ex.o" --specs=nano.specs -mfpu=fpv5-d16 -mfloat-abi=hard -mthumb -o "Drivers/STM32H7xx_HAL_Driver/Src/stm32h7xx_hal_rcc_ex.o"
arm-none-eabi-gcc "../Drivers/STM32H7xx_HAL_Driver/Src/stm32h7xx_hal_uart.c" -mcpu=cortex-m7 -std=gnu11 -g -DUSE_PWR_LDO_SUPPLY -DUSE_HAL_DRIVER -DSTM32H723xx -c -I../Core/Inc -I../Drivers/STM32H7xx_HAL_Driver/Inc -I../Drivers/STM32H7xx_HAL_Driver/Inc/Legacy -I../Drivers/CMSIS/Device/ST/STM32H7xx/Include -I../Drivers/CMSIS/Include -I../USB_DEVICE/App -I../USB_DEVICE/Target -I../Middlewares/ST/STM32_USB_Device_Library/Core/Inc -I../Middlewares/ST/STM32_USB_Device_Library/Class/HID/Inc -Ofast -ffunction-sections -fdata-sections -Wall -fstack-usage -fcyclomatic-complexity -MMD -MP -MF"Drivers/STM32H7xx_HAL_Driver/Src/stm32h7xx_hal_uart.d" -MT"Drivers/STM32H7xx_HAL_Driver/Src/stm32h7xx_hal_uart.o" --specs=nano.specs -mfpu=fpv5-d16 -mfloat-abi=hard -mthumb -o "Drivers/STM32H7xx_HAL_Driver/Src/stm32h7xx_hal_uart.o"
arm-none-eabi-gcc "../Drivers/STM32H7xx_HAL_Driver/Src/stm32h7xx_hal_uart_ex.c" -mcpu=cortex-m7 -std=gnu11 -g -DUSE_PWR_LDO_SUPPLY -DUSE_HAL_DRIVER -DSTM32H723xx -c -I../Core/Inc -I../Drivers/STM32H7xx_HAL_Driver/Inc -I../Drivers/STM32H7xx_HAL_Driver/Inc/Legacy -I../Drivers/CMSIS/Device/ST/STM32H7xx/Include -I../Drivers/CMSIS/Include -I../USB_DEVICE/App -I../USB_DEVICE/Target -I../Middlewares/ST/STM32_USB_Device_Library/Core/Inc -I../Middlewares/ST/STM32_USB_Device_Library/Class/HID/Inc -Ofast -ffunction-sections -fdata-sections -Wall -fstack-usage -fcyclomatic-complexity -MMD -MP -MF"Drivers/STM32H7xx_HAL_Driver/Src/stm32h7xx_hal_uart_ex.d" -MT"Drivers/STM32H7xx_HAL_Driver/Src/stm32h7xx_hal_uart_ex.o" --specs=nano.specs -mfpu=fpv5-d16 -mfloat-abi=hard -mthumb -o "Drivers/STM32H7xx_HAL_Driver/Src/stm32h7xx_hal_uart_ex.o"
arm-none-eabi-gcc "../Drivers/STM32H7xx_HAL_Driver/Src/stm32h7xx_ll_usb.c" -mcpu=cortex-m7 -std=gnu11 -g -DUSE_PWR_LDO_SUPPLY -DUSE_HAL_DRIVER -DSTM32H723xx -c -I../Core/Inc -I../Drivers/STM32H7xx_HAL_Driver/Inc -I../Drivers/STM32H7xx_HAL_Driver/Inc/Legacy -I../Drivers/CMSIS/Device/ST/STM32H7xx/Include -I../Drivers/CMSIS/Include -I../USB_DEVICE/App -I../USB_DEVICE/Target -I../Middlewares/ST/STM32_USB_Device_Library/Core/Inc -I../Middlewares/ST/STM32_USB_Device_Library/Class/HID/Inc -Ofast -ffunction-sections -fdata-sections -Wall -fstack-usage -fcyclomatic-complexity -MMD -MP -MF"Drivers/STM32H7xx_HAL_Driver/Src/stm32h7xx_ll_usb.d" -MT"Drivers/STM32H7xx_HAL_Driver/Src/stm32h7xx_ll_usb.o" --specs=nano.specs -mfpu=fpv5-d16 -mfloat-abi=hard -mthumb -o "Drivers/STM32H7xx_HAL_Driver/Src/stm32h7xx_ll_usb.o"
arm-none-eabi-gcc -mcpu=cortex-m7 -g -c -x assembler-with-cpp -MMD -MP -MF"Core/Startup/startup_stm32h723vgtx.d" -MT"Core/Startup/startup_stm32h723vgtx.o" --specs=nano.specs -mfpu=fpv5-d16 -mfloat-abi=hard -mthumb -o "Core/Startup/startup_stm32h723vgtx.o" "../Core/Startup/startup_stm32h723vgtx.s"
arm-none-eabi-gcc "../Core/Src/main.c" -mcpu=cortex-m7 -std=gnu11 -DUSE_PWR_LDO_SUPPLY -DUSE_HAL_DRIVER -DSTM32H723xx -c -I../Core/Inc -I../Drivers/STM32H7xx_HAL_Driver/Inc -I../Drivers/STM32H7xx_HAL_Driver/Inc/Legacy -I../Drivers/CMSIS/Device/ST/STM32H7xx/Include -I../Drivers/CMSIS/Include -I../USB_DEVICE/App -I../USB_DEVICE/Target -I../Middlewares/ST/STM32_USB_Device_Library/Core/Inc -I../Middlewares/ST/STM32_USB_Device_Library/Class/HID/Inc -Ofast -ffunction-sections -fdata-sections -Wall -fstack-usage -fcyclomatic-complexity -MMD -MP -MF"Core/Src/main.d" -MT"Core/Src/main.o" --specs=nano.specs -mfpu=fpv5-d16 -mfloat-abi=hard -mthumb -o "Core/Src/main.o"
arm-none-eabi-gcc "../Core/Src/stm32h7xx_hal_msp.c" -mcpu=cortex-m7 -std=gnu11 -g -DUSE_PWR_LDO_SUPPLY -DUSE_HAL_DRIVER -DSTM32H723xx -c -I../Core/Inc -I../Drivers/STM32H7xx_HAL_Driver/Inc -I../Drivers/STM32H7xx_HAL_Driver/Inc/Legacy -I../Drivers/CMSIS/Device/ST/STM32H7xx/Include -I../Drivers/CMSIS/Include -I../USB_DEVICE/App -I../USB_DEVICE/Target -I../Middlewares/ST/STM32_USB_Device_Library/Core/Inc -I../Middlewares/ST/STM32_USB_Device_Library/Class/HID/Inc -Ofast -ffunction-sections -fdata-sections -Wall -fstack-usage -fcyclomatic-complexity -MMD -MP -MF"Core/Src/stm32h7xx_hal_msp.d" -MT"Core/Src/stm32h7xx_hal_msp.o" --specs=nano.specs -mfpu=fpv5-d16 -mfloat-abi=hard -mthumb -o "Core/Src/stm32h7xx_hal_msp.o"
arm-none-eabi-gcc "../Core/Src/stm32h7xx_it.c" -mcpu=cortex-m7 -std=gnu11 -g -DUSE_PWR_LDO_SUPPLY -DUSE_HAL_DRIVER -DSTM32H723xx -c -I../Core/Inc -I../Drivers/STM32H7xx_HAL_Driver/Inc -I../Drivers/STM32H7xx_HAL_Driver/Inc/Legacy -I../Drivers/CMSIS/Device/ST/STM32H7xx/Include -I../Drivers/CMSIS/Include -I../USB_DEVICE/App -I../USB_DEVICE/Target -I../Middlewares/ST/STM32_USB_Device_Library/Core/Inc -I../Middlewares/ST/STM32_USB_Device_Library/Class/HID/Inc -Ofast -ffunction-sections -fdata-sections -Wall -fstack-usage -fcyclomatic-complexity -MMD -MP -MF"Core/Src/stm32h7xx_it.d" -MT"Core/Src/stm32h7xx_it.o" --specs=nano.specs -mfpu=fpv5-d16 -mfloat-abi=hard -mthumb -o "Core/Src/stm32h7xx_it.o"
arm-none-eabi-gcc "../Core/Src/syscalls.c" -mcpu=cortex-m7 -std=gnu11 -g -DUSE_PWR_LDO_SUPPLY -DUSE_HAL_DRIVER -DSTM32H723xx -c -I../Core/Inc -I../Drivers/STM32H7xx_HAL_Driver/Inc -I../Drivers/STM32H7xx_HAL_Driver/Inc/Legacy -I../Drivers/CMSIS/Device/ST/STM32H7xx/Include -I../Drivers/CMSIS/Include -I../USB_DEVICE/App -I../USB_DEVICE/Target -I../Middlewares/ST/STM32_USB_Device_Library/Core/Inc -I../Middlewares/ST/STM32_USB_Device_Library/Class/HID/Inc -Ofast -ffunction-sections -fdata-sections -Wall -fstack-usage -fcyclomatic-complexity -MMD -MP -MF"Core/Src/syscalls.d" -MT"Core/Src/syscalls.o" --specs=nano.specs -mfpu=fpv5-d16 -mfloat-abi=hard -mthumb -o "Core/Src/syscalls.o"
arm-none-eabi-gcc "../Core/Src/sysmem.c" -mcpu=cortex-m7 -std=gnu11 -g -DUSE_PWR_LDO_SUPPLY -DUSE_HAL_DRIVER -DSTM32H723xx -c -I../Core/Inc -I../Drivers/STM32H7xx_HAL_Driver/Inc -I../Drivers/STM32H7xx_HAL_Driver/Inc/Legacy -I../Drivers/CMSIS/Device/ST/STM32H7xx/Include -I../Drivers/CMSIS/Include -I../USB_DEVICE/App -I../USB_DEVICE/Target -I../Middlewares/ST/STM32_USB_Device_Library/Core/Inc -I../Middlewares/ST/STM32_USB_Device_Library/Class/HID/Inc -Ofast -ffunction-sections -fdata-sections -Wall -fstack-usage -fcyclomatic-complexity -MMD -MP -MF"Core/Src/sysmem.d" -MT"Core/Src/sysmem.o" --specs=nano.specs -mfpu=fpv5-d16 -mfloat-abi=hard -mthumb -o "Core/Src/sysmem.o"
arm-none-eabi-gcc "../Core/Src/system_stm32h7xx.c" -mcpu=cortex-m7 -std=gnu11 -g -DUSE_PWR_LDO_SUPPLY -DUSE_HAL_DRIVER -DSTM32H723xx -c -I../Core/Inc -I../Drivers/STM32H7xx_HAL_Driver/Inc -I../Drivers/STM32H7xx_HAL_Driver/Inc/Legacy -I../Drivers/CMSIS/Device/ST/STM32H7xx/Include -I../Drivers/CMSIS/Include -I../USB_DEVICE/App -I../USB_DEVICE/Target -I../Middlewares/ST/STM32_USB_Device_Library/Core/Inc -I../Middlewares/ST/STM32_USB_Device_Library/Class/HID/Inc -Ofast -ffunction-sections -fdata-sections -Wall -fstack-usage -fcyclomatic-complexity -MMD -MP -MF"Core/Src/system_stm32h7xx.d" -MT"Core/Src/system_stm32h7xx.o" --specs=nano.specs -mfpu=fpv5-d16 -mfloat-abi=hard -mthumb -o "Core/Src/system_stm32h7xx.o"
../Core/Src/main.c: In function 'CheckScanrate':
../Core/Src/main.c:485:39: warning: format '%d' expects argument of type 'int', but argument 3 has type 'uint32_t' {aka 'long unsigned int'} [-Wformat=]
  485 |         sprintf(message, "Time(ms) = %d |  Scanrate(Hz) = %d \n\r", HAL_GetTick(), Scanrate / 10);
      |                                      ~^                             ~~~~~~~~~~~~~
      |                                       |                             |
      |                                       int                           uint32_t {aka long unsigned int}
      |                                      %ld
../Core/Src/main.c: In function 'main':
../Core/Src/main.c:548:43: warning: format '%d' expects argument of type 'int', but argument 3 has type 'uint32_t' {aka 'long unsigned int'} [-Wformat=]
  548 |             sprintf(message, "Time(ms) = %d |  Scanrate(Hz) = %d \n\r", HAL_GetTick(), Scanrate / 10);
      |                                          ~^                             ~~~~~~~~~~~~~
      |                                           |                             |
      |                                           int                           uint32_t {aka long unsigned int}
      |                                          %ld
../Core/Src/main.c:572:1: warning: "/*" within comment [-Wcomment]
  572 | /*
      |  
../Core/Src/main.c:560:26: warning: unused variable 'Matrix' [-Wunused-variable]
  560 |         MatrixScanResult Matrix = MatrixScan();
      |                          ^~~~~~
arm-none-eabi-gcc -o "STM32H723.elf" @"objects.list"   -mcpu=cortex-m7 -T"C:\Users\leese\Music\STM32\STM32H723\STM32H723VGTX_FLASH.ld" --specs=nosys.specs -Wl,-Map="STM32H723.map" -Wl,--gc-sections -static --specs=nano.specs -mfpu=fpv5-d16 -mfloat-abi=hard -mthumb -Wl,--start-group -lc -lm -Wl,--end-group
Finished building target: STM32H723.elf
 
arm-none-eabi-size  STM32H723.elf 
arm-none-eabi-objdump -h -S STM32H723.elf  > "STM32H723.list"
   text	   data	    bss	    dec	    hex	filename
  30220	    360	   4600	  35180	   896c	STM32H723.elf
Finished building: default.size.stdout
 
Finished building: STM32H723.list
 
20:28:20 **** Clean-only build of configuration Release for project STM32H723 ****
make -j12 clean 
rm -rf ./USB_DEVICE/Target/usbd_conf.cyclo ./USB_DEVICE/Target/usbd_conf.d ./USB_DEVICE/Target/usbd_conf.o ./USB_DEVICE/Target/usbd_conf.su
rm -rf ./USB_DEVICE/App/usb_device.cyclo ./USB_DEVICE/App/usb_device.d ./USB_DEVICE/App/usb_device.o ./USB_DEVICE/App/usb_device.su ./USB_DEVICE/App/usbd_desc.cyclo ./USB_DEVICE/App/usbd_desc.d ./USB_DEVICE/App/usbd_desc.o ./USB_DEVICE/App/usbd_desc.su
rm -rf ./Middlewares/ST/STM32_USB_Device_Library/Core/Src/usbd_core.cyclo ./Middlewares/ST/STM32_USB_Device_Library/Core/Src/usbd_core.d ./Middlewares/ST/STM32_USB_Device_Library/Core/Src/usbd_core.o ./Middlewares/ST/STM32_USB_Device_Library/Core/Src/usbd_core.su ./Middlewares/ST/STM32_USB_Device_Library/Core/Src/usbd_ctlreq.cyclo ./Middlewares/ST/STM32_USB_Device_Library/Core/Src/usbd_ctlreq.d ./Middlewares/ST/STM32_USB_Device_Library/Core/Src/usbd_ctlreq.o ./Middlewares/ST/STM32_USB_Device_Library/Core/Src/usbd_ctlreq.su ./Middlewares/ST/STM32_USB_Device_Library/Core/Src/usbd_ioreq.cyclo ./Middlewares/ST/STM32_USB_Device_Library/Core/Src/usbd_ioreq.d ./Middlewares/ST/STM32_USB_Device_Library/Core/Src/usbd_ioreq.o ./Middlewares/ST/STM32_USB_Device_Library/Core/Src/usbd_ioreq.su
rm -rf ./Middlewares/ST/STM32_USB_Device_Library/Class/HID/Src/usbd_hid.cyclo ./Middlewares/ST/STM32_USB_Device_Library/Class/HID/Src/usbd_hid.d ./Middlewares/ST/STM32_USB_Device_Library/Class/HID/Src/usbd_hid.o ./Middlewares/ST/STM32_USB_Device_Library/Class/HID/Src/usbd_hid.su
rm -rf ./Drivers/STM32H7xx_HAL_Driver/Src/stm32h7xx_hal.cyclo ./Drivers/STM32H7xx_HAL_Driver/Src/stm32h7xx_hal.d ./Drivers/STM32H7xx_HAL_Driver/Src/stm32h7xx_hal.o ./Drivers/STM32H7xx_HAL_Driver/Src/stm32h7xx_hal.su ./Drivers/STM32H7xx_HAL_Driver/Src/stm32h7xx_hal_cortex.cyclo ./Drivers/STM32H7xx_HAL_Driver/Src/stm32h7xx_hal_cortex.d ./Drivers/STM32H7xx_HAL_Driver/Src/stm32h7xx_hal_cortex.o ./Drivers/STM32H7xx_HAL_Driver/Src/stm32h7xx_hal_cortex.su ./Drivers/STM32H7xx_HAL_Driver/Src/stm32h7xx_hal_dma.cyclo ./Drivers/STM32H7xx_HAL_Driver/Src/stm32h7xx_hal_dma.d ./Drivers/STM32H7xx_HAL_Driver/Src/stm32h7xx_hal_dma.o ./Drivers/STM32H7xx_HAL_Driver/Src/stm32h7xx_hal_dma.su ./Drivers/STM32H7xx_HAL_Driver/Src/stm32h7xx_hal_dma_ex.cyclo ./Drivers/STM32H7xx_HAL_Driver/Src/stm32h7xx_hal_dma_ex.d ./Drivers/STM32H7xx_HAL_Driver/Src/stm32h7xx_hal_dma_ex.o ./Drivers/STM32H7xx_HAL_Driver/Src/stm32h7xx_hal_dma_ex.su ./Drivers/STM32H7xx_HAL_Driver/Src/stm32h7xx_hal_exti.cyclo ./Drivers/STM32H7xx_HAL_Driver/Src/stm32h7xx_hal_exti.d ./Drivers/STM32H7xx_HAL_Driver/Src/stm32h7xx_hal_exti.o ./Drivers/STM32H7xx_HAL_Driver/Src/stm32h7xx_hal_exti.su ./Drivers/STM32H7xx_HAL_Driver/Src/stm32h7xx_hal_flash.cyclo ./Drivers/STM32H7xx_HAL_Driver/Src/stm32h7xx_hal_flash.d ./Drivers/STM32H7xx_HAL_Driver/Src/stm32h7xx_hal_flash.o ./Drivers/STM32H7xx_HAL_Driver/Src/stm32h7xx_hal_flash.su ./Drivers/STM32H7xx_HAL_Driver/Src/stm32h7xx_hal_flash_ex.cyclo ./Drivers/STM32H7xx_HAL_Driver/Src/stm32h7xx_hal_flash_ex.d ./Drivers/STM32H7xx_HAL_Driver/Src/stm32h7xx_hal_flash_ex.o ./Drivers/STM32H7xx_HAL_Driver/Src/stm32h7xx_hal_flash_ex.su ./Drivers/STM32H7xx_HAL_Driver/Src/stm32h7xx_hal_gpio.cyclo ./Drivers/STM32H7xx_HAL_Driver/Src/stm32h7xx_hal_gpio.d ./Drivers/STM32H7xx_HAL_Driver/Src/stm32h7xx_hal_gpio.o ./Drivers/STM32H7xx_HAL_Driver/Src/stm32h7xx_hal_gpio.su ./Drivers/STM32H7xx_HAL_Driver/Src/stm32h7xx_hal_hsem.cyclo ./Drivers/STM32H7xx_HAL_Driver/Src/stm32h7xx_hal_hsem.d ./Drivers/STM32H7xx_HAL_Driver/Src/stm32h7xx_hal_hsem.o ./Drivers/STM32H7xx_HAL_Driver/Src/stm32h7xx_hal_hsem.su ./Drivers/STM32H7xx_HAL_Driver/Src/stm32h7xx_hal_i2c.cyclo ./Drivers/STM32H7xx_HAL_Driver/Src/stm32h7xx_hal_i2c.d ./Drivers/STM32H7xx_HAL_Driver/Src/stm32h7xx_hal_i2c.o ./Drivers/STM32H7xx_HAL_Driver/Src/stm32h7xx_hal_i2c.su ./Drivers/STM32H7xx_HAL_Driver/Src/stm32h7xx_hal_i2c_ex.cyclo ./Drivers/STM32H7xx_HAL_Driver/Src/stm32h7xx_hal_i2c_ex.d ./Drivers/STM32H7xx_HAL_Driver/Src/stm32h7xx_hal_i2c_ex.o ./Drivers/STM32H7xx_HAL_Driver/Src/stm32h7xx_hal_i2c_ex.su ./Drivers/STM32H7xx_HAL_Driver/Src/stm32h7xx_hal_mdma.cyclo ./Drivers/STM32H7xx_HAL_Driver/Src/stm32h7xx_hal_mdma.d ./Drivers/STM32H7xx_HAL_Driver/Src/stm32h7xx_hal_mdma.o ./Drivers/STM32H7xx_HAL_Driver/Src/stm32h7xx_hal_mdma.su ./Drivers/STM32H7xx_HAL_Driver/Src/stm32h7xx_hal_pcd.cyclo ./Drivers/STM32H7xx_HAL_Driver/Src/stm32h7xx_hal_pcd.d ./Drivers/STM32H7xx_HAL_Driver/Src/stm32h7xx_hal_pcd.o ./Drivers/STM32H7xx_HAL_Driver/Src/stm32h7xx_hal_pcd.su ./Drivers/STM32H7xx_HAL_Driver/Src/stm32h7xx_hal_pcd_ex.cyclo ./Drivers/STM32H7xx_HAL_Driver/Src/stm32h7xx_hal_pcd_ex.d ./Drivers/STM32H7xx_HAL_Driver/Src/stm32h7xx_hal_pcd_ex.o ./Drivers/STM32H7xx_HAL_Driver/Src/stm32h7xx_hal_pcd_ex.su ./Drivers/STM32H7xx_HAL_Driver/Src/stm32h7xx_hal_pwr.cyclo ./Drivers/STM32H7xx_HAL_Driver/Src/stm32h7xx_hal_pwr.d ./Drivers/STM32H7xx_HAL_Driver/Src/stm32h7xx_hal_pwr.o ./Drivers/STM32H7xx_HAL_Driver/Src/stm32h7xx_hal_pwr.su ./Drivers/STM32H7xx_HAL_Driver/Src/stm32h7xx_hal_pwr_ex.cyclo ./Drivers/STM32H7xx_HAL_Driver/Src/stm32h7xx_hal_pwr_ex.d ./Drivers/STM32H7xx_HAL_Driver/Src/stm32h7xx_hal_pwr_ex.o ./Drivers/STM32H7xx_HAL_Driver/Src/stm32h7xx_hal_pwr_ex.su ./Drivers/STM32H7xx_HAL_Driver/Src/stm32h7xx_hal_rcc.cyclo ./Drivers/STM32H7xx_HAL_Driver/Src/stm32h7xx_hal_rcc.d ./Drivers/STM32H7xx_HAL_Driver/Src/stm32h7xx_hal_rcc.o ./Drivers/STM32H7xx_HAL_Driver/Src/stm32h7xx_hal_rcc.su ./Drivers/STM32H7xx_HAL_Driver/Src/stm32h7xx_hal_rcc_ex.cyclo ./Drivers/STM32H7xx_HAL_Driver/Src/stm32h7xx_hal_rcc_ex.d ./Drivers/STM32H7xx_HAL_Driver/Src/stm32h7xx_hal_rcc_ex.o ./Drivers/STM32H7xx_HAL_Driver/Src/stm32h7xx_hal_rcc_ex.su ./Drivers/STM32H7xx_HAL_Driver/Src/stm32h7xx_hal_uart.cyclo ./Drivers/STM32H7xx_HAL_Driver/Src/stm32h7xx_hal_uart.d ./Drivers/STM32H7xx_HAL_Driver/Src/stm32h7xx_hal_uart.o ./Drivers/STM32H7xx_HAL_Driver/Src/stm32h7xx_hal_uart.su ./Drivers/STM32H7xx_HAL_Driver/Src/stm32h7xx_hal_uart_ex.cyclo ./Drivers/STM32H7xx_HAL_Driver/Src/stm32h7xx_hal_uart_ex.d ./Drivers/STM32H7xx_HAL_Driver/Src/stm32h7xx_hal_uart_ex.o ./Drivers/STM32H7xx_HAL_Driver/Src/stm32h7xx_hal_uart_ex.su ./Drivers/STM32H7xx_HAL_Driver/Src/stm32h7xx_ll_usb.cyclo ./Drivers/STM32H7xx_HAL_Driver/Src/stm32h7xx_ll_usb.d ./Drivers/STM32H7xx_HAL_Driver/Src/stm32h7xx_ll_usb.o ./Drivers/STM32H7xx_HAL_Driver/Src/stm32h7xx_ll_usb.su
rm -rf ./Core/Startup/startup_stm32h723vgtx.d ./Core/Startup/startup_stm32h723vgtx.o
rm -rf ./Core/Src/main.cyclo ./Core/Src/main.d ./Core/Src/main.o ./Core/Src/main.su ./Core/Src/stm32h7xx_hal_msp.cyclo ./Core/Src/stm32h7xx_hal_msp.d ./Core/Src/stm32h7xx_hal_msp.o ./Core/Src/stm32h7xx_hal_msp.su ./Core/Src/stm32h7xx_it.cyclo ./Core/Src/stm32h7xx_it.d ./Core/Src/stm32h7xx_it.o ./Core/Src/stm32h7xx_it.su ./Core/Src/syscalls.cyclo ./Core/Src/syscalls.d ./Core/Src/syscalls.o ./Core/Src/syscalls.su ./Core/Src/sysmem.cyclo ./Core/Src/sysmem.d ./Core/Src/sysmem.o ./Core/Src/sysmem.su ./Core/Src/system_stm32h7xx.cyclo ./Core/Src/system_stm32h7xx.d ./Core/Src/system_stm32h7xx.o ./Core/Src/system_stm32h7xx.su
rm -rf STM32H723.elf STM32H723.list STM32H723.map default.size.stdout
 
20:28:21 **** Incremental Build of configuration Release for project STM32H723 ****
make -j12 all 
arm-none-eabi-gcc "../USB_DEVICE/Target/usbd_conf.c" -mcpu=cortex-m7 -std=gnu11 -g -DUSE_PWR_LDO_SUPPLY -DUSE_HAL_DRIVER -DSTM32H723xx -c -I../Core/Inc -I../Drivers/STM32H7xx_HAL_Driver/Inc -I../Drivers/STM32H7xx_HAL_Driver/Inc/Legacy -I../Drivers/CMSIS/Device/ST/STM32H7xx/Include -I../Drivers/CMSIS/Include -I../USB_DEVICE/App -I../USB_DEVICE/Target -I../Middlewares/ST/STM32_USB_Device_Library/Core/Inc -I../Middlewares/ST/STM32_USB_Device_Library/Class/HID/Inc -Ofast -ffunction-sections -fdata-sections -Wall -fstack-usage -fcyclomatic-complexity -MMD -MP -MF"USB_DEVICE/Target/usbd_conf.d" -MT"USB_DEVICE/Target/usbd_conf.o" --specs=nano.specs -mfpu=fpv5-d16 -mfloat-abi=hard -mthumb -o "USB_DEVICE/Target/usbd_conf.o"
arm-none-eabi-gcc "../USB_DEVICE/App/usb_device.c" -mcpu=cortex-m7 -std=gnu11 -g -DUSE_PWR_LDO_SUPPLY -DUSE_HAL_DRIVER -DSTM32H723xx -c -I../Core/Inc -I../Drivers/STM32H7xx_HAL_Driver/Inc -I../Drivers/STM32H7xx_HAL_Driver/Inc/Legacy -I../Drivers/CMSIS/Device/ST/STM32H7xx/Include -I../Drivers/CMSIS/Include -I../USB_DEVICE/App -I../USB_DEVICE/Target -I../Middlewares/ST/STM32_USB_Device_Library/Core/Inc -I../Middlewares/ST/STM32_USB_Device_Library/Class/HID/Inc -Ofast -ffunction-sections -fdata-sections -Wall -fstack-usage -fcyclomatic-complexity -MMD -MP -MF"USB_DEVICE/App/usb_device.d" -MT"USB_DEVICE/App/usb_device.o" --specs=nano.specs -mfpu=fpv5-d16 -mfloat-abi=hard -mthumb -o "USB_DEVICE/App/usb_device.o"
arm-none-eabi-gcc "../USB_DEVICE/App/usbd_desc.c" -mcpu=cortex-m7 -std=gnu11 -g -DUSE_PWR_LDO_SUPPLY -DUSE_HAL_DRIVER -DSTM32H723xx -c -I../Core/Inc -I../Drivers/STM32H7xx_HAL_Driver/Inc -I../Drivers/STM32H7xx_HAL_Driver/Inc/Legacy -I../Drivers/CMSIS/Device/ST/STM32H7xx/Include -I../Drivers/CMSIS/Include -I../USB_DEVICE/App -I../USB_DEVICE/Target -I../Middlewares/ST/STM32_USB_Device_Library/Core/Inc -I../Middlewares/ST/STM32_USB_Device_Library/Class/HID/Inc -Ofast -ffunction-sections -fdata-sections -Wall -fstack-usage -fcyclomatic-complexity -MMD -MP -MF"USB_DEVICE/App/usbd_desc.d" -MT"USB_DEVICE/App/usbd_desc.o" --specs=nano.specs -mfpu=fpv5-d16 -mfloat-abi=hard -mthumb -o "USB_DEVICE/App/usbd_desc.o"
arm-none-eabi-gcc "../Middlewares/ST/STM32_USB_Device_Library/Core/Src/usbd_core.c" -mcpu=cortex-m7 -std=gnu11 -g -DUSE_PWR_LDO_SUPPLY -DUSE_HAL_DRIVER -DSTM32H723xx -c -I../Core/Inc -I../Drivers/STM32H7xx_HAL_Driver/Inc -I../Drivers/STM32H7xx_HAL_Driver/Inc/Legacy -I../Drivers/CMSIS/Device/ST/STM32H7xx/Include -I../Drivers/CMSIS/Include -I../USB_DEVICE/App -I../USB_DEVICE/Target -I../Middlewares/ST/STM32_USB_Device_Library/Core/Inc -I../Middlewares/ST/STM32_USB_Device_Library/Class/HID/Inc -Ofast -ffunction-sections -fdata-sections -Wall -fstack-usage -fcyclomatic-complexity -MMD -MP -MF"Middlewares/ST/STM32_USB_Device_Library/Core/Src/usbd_core.d" -MT"Middlewares/ST/STM32_USB_Device_Library/Core/Src/usbd_core.o" --specs=nano.specs -mfpu=fpv5-d16 -mfloat-abi=hard -mthumb -o "Middlewares/ST/STM32_USB_Device_Library/Core/Src/usbd_core.o"
arm-none-eabi-gcc "../Middlewares/ST/STM32_USB_Device_Library/Core/Src/usbd_ctlreq.c" -mcpu=cortex-m7 -std=gnu11 -g -DUSE_PWR_LDO_SUPPLY -DUSE_HAL_DRIVER -DSTM32H723xx -c -I../Core/Inc -I../Drivers/STM32H7xx_HAL_Driver/Inc -I../Drivers/STM32H7xx_HAL_Driver/Inc/Legacy -I../Drivers/CMSIS/Device/ST/STM32H7xx/Include -I../Drivers/CMSIS/Include -I../USB_DEVICE/App -I../USB_DEVICE/Target -I../Middlewares/ST/STM32_USB_Device_Library/Core/Inc -I../Middlewares/ST/STM32_USB_Device_Library/Class/HID/Inc -Ofast -ffunction-sections -fdata-sections -Wall -fstack-usage -fcyclomatic-complexity -MMD -MP -MF"Middlewares/ST/STM32_USB_Device_Library/Core/Src/usbd_ctlreq.d" -MT"Middlewares/ST/STM32_USB_Device_Library/Core/Src/usbd_ctlreq.o" --specs=nano.specs -mfpu=fpv5-d16 -mfloat-abi=hard -mthumb -o "Middlewares/ST/STM32_USB_Device_Library/Core/Src/usbd_ctlreq.o"
arm-none-eabi-gcc "../Middlewares/ST/STM32_USB_Device_Library/Core/Src/usbd_ioreq.c" -mcpu=cortex-m7 -std=gnu11 -g -DUSE_PWR_LDO_SUPPLY -DUSE_HAL_DRIVER -DSTM32H723xx -c -I../Core/Inc -I../Drivers/STM32H7xx_HAL_Driver/Inc -I../Drivers/STM32H7xx_HAL_Driver/Inc/Legacy -I../Drivers/CMSIS/Device/ST/STM32H7xx/Include -I../Drivers/CMSIS/Include -I../USB_DEVICE/App -I../USB_DEVICE/Target -I../Middlewares/ST/STM32_USB_Device_Library/Core/Inc -I../Middlewares/ST/STM32_USB_Device_Library/Class/HID/Inc -Ofast -ffunction-sections -fdata-sections -Wall -fstack-usage -fcyclomatic-complexity -MMD -MP -MF"Middlewares/ST/STM32_USB_Device_Library/Core/Src/usbd_ioreq.d" -MT"Middlewares/ST/STM32_USB_Device_Library/Core/Src/usbd_ioreq.o" --specs=nano.specs -mfpu=fpv5-d16 -mfloat-abi=hard -mthumb -o "Middlewares/ST/STM32_USB_Device_Library/Core/Src/usbd_ioreq.o"
arm-none-eabi-gcc "../Middlewares/ST/STM32_USB_Device_Library/Class/HID/Src/usbd_hid.c" -mcpu=cortex-m7 -std=gnu11 -g -DUSE_PWR_LDO_SUPPLY -DUSE_HAL_DRIVER -DSTM32H723xx -c -I../Core/Inc -I../Drivers/STM32H7xx_HAL_Driver/Inc -I../Drivers/STM32H7xx_HAL_Driver/Inc/Legacy -I../Drivers/CMSIS/Device/ST/STM32H7xx/Include -I../Drivers/CMSIS/Include -I../USB_DEVICE/App -I../USB_DEVICE/Target -I../Middlewares/ST/STM32_USB_Device_Library/Core/Inc -I../Middlewares/ST/STM32_USB_Device_Library/Class/HID/Inc -Ofast -ffunction-sections -fdata-sections -Wall -fstack-usage -fcyclomatic-complexity -MMD -MP -MF"Middlewares/ST/STM32_USB_Device_Library/Class/HID/Src/usbd_hid.d" -MT"Middlewares/ST/STM32_USB_Device_Library/Class/HID/Src/usbd_hid.o" --specs=nano.specs -mfpu=fpv5-d16 -mfloat-abi=hard -mthumb -o "Middlewares/ST/STM32_USB_Device_Library/Class/HID/Src/usbd_hid.o"
[...]
arm-none-eabi-objdump -h -S STM32H723.elf  > "STM32H723.list"
   text	   data	    bss	    dec	    hex	filename
  30460	    360	   4608	  35428	   8a64	STM32H723.elf
Finished building: default.size.stdout
 
Finished building: STM32H723.list
 
22:06:58 **** Incremental Build of configuration Release for project STM32H723 ****
make -j12 all 
arm-none-eabi-gcc "../Core/Src/main.c" -mcpu=cortex-m7 -std=gnu11 -DUSE_PWR_LDO_SUPPLY -DUSE_HAL_DRIVER -DSTM32H723xx -c -I../Core/Inc -I../Drivers/STM32H7xx_HAL_Driver/Inc -I../Drivers/STM32H7xx_HAL_Driver/Inc/Legacy -I../Drivers/CMSIS/Device/ST/STM32H7xx/Include -I../Drivers/CMSIS/Include -I../USB_DEVICE/App -I../USB_DEVICE/Target -I../Middlewares/ST/STM32_USB_Device_Library/Core/Inc -I../Middlewares/ST/STM32_USB_Device_Library/Class/HID/Inc -Ofast -ffunction-sections -fdata-sections -Wall -fstack-usage -fcyclomatic-complexity -MMD -MP -MF"Core/Src/main.d" -MT"Core/Src/main.o" --specs=nano.specs -mfpu=fpv5-d16 -mfloat-abi=hard -mthumb -o "Core/Src/main.o"
../Core/Src/main.c: In function 'MatrixScan':
../Core/Src/main.c:255:28: warning: format '%u' expects argument of type 'unsigned int', but argument 3 has type 'uint32_t' {aka 'long unsigned int'} [-Wformat=]
  255 |     sprintf(message, "A = %u | B = %u | C = %u | D = %u | E = %u \n\r", gpioA_state,gpioB_state,gpioC_state,gpioD_state,gpioE_state );
      |                           ~^                                            ~~~~~~~~~~~
      |                            |                                            |
      |                            unsigned int                                 uint32_t {aka long unsigned int}
      |                           %lu
../Core/Src/main.c:255:37: warning: format '%u' expects argument of type 'unsigned int', but argument 4 has type 'uint32_t' {aka 'long unsigned int'} [-Wformat=]
  255 |     sprintf(message, "A = %u | B = %u | C = %u | D = %u | E = %u \n\r", gpioA_state,gpioB_state,gpioC_state,gpioD_state,gpioE_state );
      |                                    ~^                                               ~~~~~~~~~~~
      |                                     |                                               |
      |                                     unsigned int                                    uint32_t {aka long unsigned int}
      |                                    %lu
../Core/Src/main.c:255:46: warning: format '%u' expects argument of type 'unsigned int', but argument 5 has type 'uint32_t' {aka 'long unsigned int'} [-Wformat=]
  255 |     sprintf(message, "A = %u | B = %u | C = %u | D = %u | E = %u \n\r", gpioA_state,gpioB_state,gpioC_state,gpioD_state,gpioE_state );
      |                                             ~^                                                  ~~~~~~~~~~~
      |                                              |                                                  |
      |                                              unsigned int                                       uint32_t {aka long unsigned int}
      |                                             %lu
../Core/Src/main.c:255:55: warning: format '%u' expects argument of type 'unsigned int', but argument 6 has type 'uint32_t' {aka 'long unsigned int'} [-Wformat=]
  255 |     sprintf(message, "A = %u | B = %u | C = %u | D = %u | E = %u \n\r", gpioA_state,gpioB_state,gpioC_state,gpioD_state,gpioE_state );
      |                                                      ~^                                                     ~~~~~~~~~~~
      |                                                       |                                                     |
      |                                                       unsigned int                                          uint32_t {aka long unsigned int}
      |                                                      %lu
../Core/Src/main.c:255:64: warning: format '%u' expects argument of type 'unsigned int', but argument 7 has type 'uint32_t' {aka 'long unsigned int'} [-Wformat=]
  255 |     sprintf(message, "A = %u | B = %u | C = %u | D = %u | E = %u \n\r", gpioA_state,gpioB_state,gpioC_state,gpioD_state,gpioE_state );
      |                                                               ~^                                                        ~~~~~~~~~~~
      |                                                                |                                                        |
      |                                                                unsigned int                                             uint32_t {aka long unsigned int}
      |                                                               %lu
../Core/Src/main.c: In function 'CheckScanrate':
../Core/Src/main.c:614:39: warning: format '%d' expects argument of type 'int', but argument 3 has type 'uint32_t' {aka 'long unsigned int'} [-Wformat=]
  614 |         sprintf(message, "Time(ms) = %d |  Scanrate(Hz) = %d \n\r", HAL_GetTick(), Scanrate / 10);
      |                                      ~^                             ~~~~~~~~~~~~~
      |                                       |                             |
      |                                       int                           uint32_t {aka long unsigned int}
      |                                      %ld
../Core/Src/main.c: In function 'main':
../Core/Src/main.c:677:43: warning: format '%d' expects argument of type 'int', but argument 3 has type 'uint32_t' {aka 'long unsigned int'} [-Wformat=]
  677 |             sprintf(message, "Time(ms) = %d |  Scanrate(Hz) = %d \n\r", HAL_GetTick(), Scanrate / 10);
      |                                          ~^                             ~~~~~~~~~~~~~
      |                                           |                             |
      |                                           int                           uint32_t {aka long unsigned int}
      |                                          %ld
../Core/Src/main.c:701:1: warning: "/*" within comment [-Wcomment]
  701 | /*
      |  
../Core/Src/main.c:689:26: warning: unused variable 'Matrix' [-Wunused-variable]
  689 |         MatrixScanResult Matrix = MatrixScan();
      |                          ^~~~~~
arm-none-eabi-gcc -o "STM32H723.elf" @"objects.list"   -mcpu=cortex-m7 -T"C:\Users\leese\Music\STM32\STM32H723\STM32H723VGTX_FLASH.ld" --specs=nosys.specs -Wl,-Map="STM32H723.map" -Wl,--gc-sections -static --specs=nano.specs -mfpu=fpv5-d16 -mfloat-abi=hard -mthumb -Wl,--start-group -lc -lm -Wl,--end-group
Finished building target: STM32H723.elf
 
arm-none-eabi-size  STM32H723.elf 
arm-none-eabi-objdump -h -S STM32H723.elf  > "STM32H723.list"
   text	   data	    bss	    dec	    hex	filename
  30460	    360	   4608	  35428	   8a64	STM32H723.elf
Finished building: default.size.stdout
 
Finished building: STM32H723.list
 
22:07:53 **** Incremental Build of configuration Release for project STM32H723 ****
make -j12 all 
arm-none-eabi-gcc "../Core/Src/main.c" -mcpu=cortex-m7 -std=gnu11 -DUSE_PWR_LDO_SUPPLY -DUSE_HAL_DRIVER -DSTM32H723xx -c -I../Core/Inc -I../Drivers/STM32H7xx_HAL_Driver/Inc -I../Drivers/STM32H7xx_HAL_Driver/Inc/Legacy -I../Drivers/CMSIS/Device/ST/STM32H7xx/Include -I../Drivers/CMSIS/Include -I../USB_DEVICE/App -I../USB_DEVICE/Target -I../Middlewares/ST/STM32_USB_Device_Library/Core/Inc -I../Middlewares/ST/STM32_USB_Device_Library/Class/HID/Inc -Ofast -ffunction-sections -fdata-sections -Wall -fstack-usage -fcyclomatic-complexity -MMD -MP -MF"Core/Src/main.d" -MT"Core/Src/main.o" --specs=nano.specs -mfpu=fpv5-d16 -mfloat-abi=hard -mthumb -o "Core/Src/main.o"
../Core/Src/main.c: In function 'MatrixScan':
../Core/Src/main.c:255:28: warning: format '%x' expects argument of type 'unsigned int', but argument 3 has type 'uint32_t' {aka 'long unsigned int'} [-Wformat=]
  255 |     sprintf(message, "A = %x | B = %x | C = %x | D = %x | E = %x \n\r", gpioA_state,gpioB_state,gpioC_state,gpioD_state,gpioE_state );
      |                           ~^                                            ~~~~~~~~~~~
      |                            |                                            |
      |                            unsigned int                                 uint32_t {aka long unsigned int}
      |                           %lx
../Core/Src/main.c:255:37: warning: format '%x' expects argument of type 'unsigned int', but argument 4 has type 'uint32_t' {aka 'long unsigned int'} [-Wformat=]
  255 |     sprintf(message, "A = %x | B = %x | C = %x | D = %x | E = %x \n\r", gpioA_state,gpioB_state,gpioC_state,gpioD_state,gpioE_state );
      |                                    ~^                                               ~~~~~~~~~~~
      |                                     |                                               |
      |                                     unsigned int                                    uint32_t {aka long unsigned int}
      |                                    %lx
../Core/Src/main.c:255:46: warning: format '%x' expects argument of type 'unsigned int', but argument 5 has type 'uint32_t' {aka 'long unsigned int'} [-Wformat=]
  255 |     sprintf(message, "A = %x | B = %x | C = %x | D = %x | E = %x \n\r", gpioA_state,gpioB_state,gpioC_state,gpioD_state,gpioE_state );
      |                                             ~^                                                  ~~~~~~~~~~~
      |                                              |                                                  |
      |                                              unsigned int                                       uint32_t {aka long unsigned int}
      |                                             %lx
../Core/Src/main.c:255:55: warning: format '%x' expects argument of type 'unsigned int', but argument 6 has type 'uint32_t' {aka 'long unsigned int'} [-Wformat=]
  255 |     sprintf(message, "A = %x | B = %x | C = %x | D = %x | E = %x \n\r", gpioA_state,gpioB_state,gpioC_state,gpioD_state,gpioE_state );
      |                                                      ~^                                                     ~~~~~~~~~~~
      |                                                       |                                                     |
      |                                                       unsigned int                                          uint32_t {aka long unsigned int}
      |                                                      %lx
../Core/Src/main.c:255:64: warning: format '%x' expects argument of type 'unsigned int', but argument 7 has type 'uint32_t' {aka 'long unsigned int'} [-Wformat=]
  255 |     sprintf(message, "A = %x | B = %x | C = %x | D = %x | E = %x \n\r", gpioA_state,gpioB_state,gpioC_state,gpioD_state,gpioE_state );
      |                                                               ~^                                                        ~~~~~~~~~~~
      |                                                                |                                                        |
      |                                                                unsigned int                                             uint32_t {aka long unsigned int}
      |                                                               %lx
../Core/Src/main.c: In function 'CheckScanrate':
../Core/Src/main.c:614:39: warning: format '%d' expects argument of type 'int', but argument 3 has type 'uint32_t' {aka 'long unsigned int'} [-Wformat=]
  614 |         sprintf(message, "Time(ms) = %d |  Scanrate(Hz) = %d \n\r", HAL_GetTick(), Scanrate / 10);
      |                                      ~^                             ~~~~~~~~~~~~~
      |                                       |                             |
      |                                       int                           uint32_t {aka long unsigned int}
      |                                      %ld
../Core/Src/main.c: In function 'main':
../Core/Src/main.c:677:43: warning: format '%d' expects argument of type 'int', but argument 3 has type 'uint32_t' {aka 'long unsigned int'} [-Wformat=]
  677 |             sprintf(message, "Time(ms) = %d |  Scanrate(Hz) = %d \n\r", HAL_GetTick(), Scanrate / 10);
      |                                          ~^                             ~~~~~~~~~~~~~
      |                                           |                             |
      |                                           int                           uint32_t {aka long unsigned int}
      |                                          %ld
../Core/Src/main.c:701:1: warning: "/*" within comment [-Wcomment]
  701 | /*
      |  
../Core/Src/main.c:689:26: warning: unused variable 'Matrix' [-Wunused-variable]
  689 |         MatrixScanResult Matrix = MatrixScan();
      |                          ^~~~~~
arm-none-eabi-gcc -o "STM32H723.elf" @"objects.list"   -mcpu=cortex-m7 -T"C:\Users\leese\Music\STM32\STM32H723\STM32H723VGTX_FLASH.ld" --specs=nosys.specs -Wl,-Map="STM32H723.map" -Wl,--gc-sections -static --specs=nano.specs -mfpu=fpv5-d16 -mfloat-abi=hard -mthumb -Wl,--start-group -lc -lm -Wl,--end-group
Finished building target: STM32H723.elf
 
arm-none-eabi-size  STM32H723.elf 
arm-none-eabi-objdump -h -S STM32H723.elf  > "STM32H723.list"
   text	   data	    bss	    dec	    hex	filename
  30460	    360	   4608	  35428	   8a64	STM32H723.elf
Finished building: default.size.stdout
 
Finished building: STM32H723.list
 
22:08:50 **** Incremental Build of configuration Release for project STM32H723 ****
make -j12 all 
arm-none-eabi-gcc "../Core/Src/main.c" -mcpu=cortex-m7 -std=gnu11 -DUSE_PWR_LDO_SUPPLY -DUSE_HAL_DRIVER -DSTM32H723xx -c -I../Core/Inc -I../Drivers/STM32H7xx_HAL_Driver/Inc -I../Drivers/STM32H7xx_HAL_Driver/Inc/Legacy -I../Drivers/CMSIS/Device/ST/STM32H7xx/Include -I../Drivers/CMSIS/Include -I../USB_DEVICE/App -I../USB_DEVICE/Target -I../Middlewares/ST/STM32_USB_Device_Library/Core/Inc -I../Middlewares/ST/STM32_USB_Device_Library/Class/HID/Inc -Ofast -ffunction-sections -fdata-sections -Wall -fstack-usage -fcyclomatic-complexity -MMD -MP -MF"Core/Src/main.d" -MT"Core/Src/main.o" --specs=nano.specs -mfpu=fpv5-d16 -mfloat-abi=hard -mthumb -o "Core/Src/main.o"
../Core/Src/main.c: In function 'MatrixScan':
../Core/Src/main.c:255:28: warning: format '%u' expects argument of type 'unsigned int', but argument 3 has type 'uint32_t' {aka 'long unsigned int'} [-Wformat=]
  255 |     sprintf(message, "A = %u | B = %u | C = %u | D = %u | E = %u \n\r", gpioA_state,gpioB_state,gpioC_state,gpioD_state,gpioE_state );
      |                           ~^                                            ~~~~~~~~~~~
      |                            |                                            |
      |                            unsigned int                                 uint32_t {aka long unsigned int}
      |                           %lu
../Core/Src/main.c:255:37: warning: format '%u' expects argument of type 'unsigned int', but argument 4 has type 'uint32_t' {aka 'long unsigned int'} [-Wformat=]
  255 |     sprintf(message, "A = %u | B = %u | C = %u | D = %u | E = %u \n\r", gpioA_state,gpioB_state,gpioC_state,gpioD_state,gpioE_state );
      |                                    ~^                                               ~~~~~~~~~~~
      |                                     |                                               |
      |                                     unsigned int                                    uint32_t {aka long unsigned int}
      |                                    %lu
../Core/Src/main.c:255:46: warning: format '%u' expects argument of type 'unsigned int', but argument 5 has type 'uint32_t' {aka 'long unsigned int'} [-Wformat=]
  255 |     sprintf(message, "A = %u | B = %u | C = %u | D = %u | E = %u \n\r", gpioA_state,gpioB_state,gpioC_state,gpioD_state,gpioE_state );
      |                                             ~^                                                  ~~~~~~~~~~~
      |                                              |                                                  |
      |                                              unsigned int                                       uint32_t {aka long unsigned int}
      |                                             %lu
../Core/Src/main.c:255:55: warning: format '%u' expects argument of type 'unsigned int', but argument 6 has type 'uint32_t' {aka 'long unsigned int'} [-Wformat=]
  255 |     sprintf(message, "A = %u | B = %u | C = %u | D = %u | E = %u \n\r", gpioA_state,gpioB_state,gpioC_state,gpioD_state,gpioE_state );
      |                                                      ~^                                                     ~~~~~~~~~~~
      |                                                       |                                                     |
      |                                                       unsigned int                                          uint32_t {aka long unsigned int}
      |                                                      %lu
../Core/Src/main.c:255:64: warning: format '%u' expects argument of type 'unsigned int', but argument 7 has type 'uint32_t' {aka 'long unsigned int'} [-Wformat=]
  255 |     sprintf(message, "A = %u | B = %u | C = %u | D = %u | E = %u \n\r", gpioA_state,gpioB_state,gpioC_state,gpioD_state,gpioE_state );
      |                                                               ~^                                                        ~~~~~~~~~~~
      |                                                                |                                                        |
      |                                                                unsigned int                                             uint32_t {aka long unsigned int}
      |                                                               %lu
../Core/Src/main.c: In function 'CheckScanrate':
../Core/Src/main.c:614:39: warning: format '%d' expects argument of type 'int', but argument 3 has type 'uint32_t' {aka 'long unsigned int'} [-Wformat=]
  614 |         sprintf(message, "Time(ms) = %d |  Scanrate(Hz) = %d \n\r", HAL_GetTick(), Scanrate / 10);
      |                                      ~^                             ~~~~~~~~~~~~~
      |                                       |                             |
      |                                       int                           uint32_t {aka long unsigned int}
      |                                      %ld
../Core/Src/main.c: In function 'main':
../Core/Src/main.c:677:43: warning: format '%d' expects argument of type 'int', but argument 3 has type 'uint32_t' {aka 'long unsigned int'} [-Wformat=]
  677 |             sprintf(message, "Time(ms) = %d |  Scanrate(Hz) = %d \n\r", HAL_GetTick(), Scanrate / 10);
      |                                          ~^                             ~~~~~~~~~~~~~
      |                                           |                             |
      |                                           int                           uint32_t {aka long unsigned int}
      |                                          %ld
../Core/Src/main.c:701:1: warning: "/*" within comment [-Wcomment]
  701 | /*
      |  
../Core/Src/main.c:689:26: warning: unused variable 'Matrix' [-Wunused-variable]
  689 |         MatrixScanResult Matrix = MatrixScan();
      |                          ^~~~~~
arm-none-eabi-gcc -o "STM32H723.elf" @"objects.list"   -mcpu=cortex-m7 -T"C:\Users\leese\Music\STM32\STM32H723\STM32H723VGTX_FLASH.ld" --specs=nosys.specs -Wl,-Map="STM32H723.map" -Wl,--gc-sections -static --specs=nano.specs -mfpu=fpv5-d16 -mfloat-abi=hard -mthumb -Wl,--start-group -lc -lm -Wl,--end-group
Finished building target: STM32H723.elf
 
arm-none-eabi-size  STM32H723.elf 
arm-none-eabi-objdump -h -S STM32H723.elf  > "STM32H723.list"
   text	   data	    bss	    dec	    hex	filename
  30460	    360	   4608	  35428	   8a64	STM32H723.elf
Finished building: default.size.stdout
 
Finished building: STM32H723.list
 
