Archive member included to satisfy reference by file (symbol)

C:/ST/STM32CubeIDE_1.17.0/STM32CubeIDE/plugins/com.st.stm32cube.ide.mcu.externaltools.gnu-tools-for-stm32.12.3.rel1.win32_1.1.0.202410251130/tools/bin/../lib/gcc/arm-none-eabi/12.3.1/../../../../arm-none-eabi/lib/thumb/v7e-m+dp/hard\libc_nano.a(libc_a-exit.o)
                              C:/ST/STM32CubeIDE_1.17.0/STM32CubeIDE/plugins/com.st.stm32cube.ide.mcu.externaltools.gnu-tools-for-stm32.12.3.rel1.win32_1.1.0.202410251130/tools/bin/../lib/gcc/arm-none-eabi/12.3.1/../../../../arm-none-eabi/lib/thumb/v7e-m+dp/hard/crt0.o (exit)
C:/ST/STM32CubeIDE_1.17.0/STM32CubeIDE/plugins/com.st.stm32cube.ide.mcu.externaltools.gnu-tools-for-stm32.12.3.rel1.win32_1.1.0.202410251130/tools/bin/../lib/gcc/arm-none-eabi/12.3.1/../../../../arm-none-eabi/lib/thumb/v7e-m+dp/hard\libc_nano.a(libc_a-findfp.o)
                              C:/ST/STM32CubeIDE_1.17.0/STM32CubeIDE/plugins/com.st.stm32cube.ide.mcu.externaltools.gnu-tools-for-stm32.12.3.rel1.win32_1.1.0.202410251130/tools/bin/../lib/gcc/arm-none-eabi/12.3.1/../../../../arm-none-eabi/lib/thumb/v7e-m+dp/hard\libc_nano.a(libc_a-exit.o) (__stdio_exit_handler)
C:/ST/STM32CubeIDE_1.17.0/STM32CubeIDE/plugins/com.st.stm32cube.ide.mcu.externaltools.gnu-tools-for-stm32.12.3.rel1.win32_1.1.0.202410251130/tools/bin/../lib/gcc/arm-none-eabi/12.3.1/../../../../arm-none-eabi/lib/thumb/v7e-m+dp/hard\libc_nano.a(libc_a-fwalk.o)
                              C:/ST/STM32CubeIDE_1.17.0/STM32CubeIDE/plugins/com.st.stm32cube.ide.mcu.externaltools.gnu-tools-for-stm32.12.3.rel1.win32_1.1.0.202410251130/tools/bin/../lib/gcc/arm-none-eabi/12.3.1/../../../../arm-none-eabi/lib/thumb/v7e-m+dp/hard\libc_nano.a(libc_a-findfp.o) (_fwalk_sglue)
C:/ST/STM32CubeIDE_1.17.0/STM32CubeIDE/plugins/com.st.stm32cube.ide.mcu.externaltools.gnu-tools-for-stm32.12.3.rel1.win32_1.1.0.202410251130/tools/bin/../lib/gcc/arm-none-eabi/12.3.1/../../../../arm-none-eabi/lib/thumb/v7e-m+dp/hard\libc_nano.a(libc_a-sprintf.o)
                              ./Core/Src/main.o (sprintf)
C:/ST/STM32CubeIDE_1.17.0/STM32CubeIDE/plugins/com.st.stm32cube.ide.mcu.externaltools.gnu-tools-for-stm32.12.3.rel1.win32_1.1.0.202410251130/tools/bin/../lib/gcc/arm-none-eabi/12.3.1/../../../../arm-none-eabi/lib/thumb/v7e-m+dp/hard\libc_nano.a(libc_a-stdio.o)
                              C:/ST/STM32CubeIDE_1.17.0/STM32CubeIDE/plugins/com.st.stm32cube.ide.mcu.externaltools.gnu-tools-for-stm32.12.3.rel1.win32_1.1.0.202410251130/tools/bin/../lib/gcc/arm-none-eabi/12.3.1/../../../../arm-none-eabi/lib/thumb/v7e-m+dp/hard\libc_nano.a(libc_a-findfp.o) (__sread)
C:/ST/STM32CubeIDE_1.17.0/STM32CubeIDE/plugins/com.st.stm32cube.ide.mcu.externaltools.gnu-tools-for-stm32.12.3.rel1.win32_1.1.0.202410251130/tools/bin/../lib/gcc/arm-none-eabi/12.3.1/../../../../arm-none-eabi/lib/thumb/v7e-m+dp/hard\libc_nano.a(libc_a-memset.o)
                              C:/ST/STM32CubeIDE_1.17.0/STM32CubeIDE/plugins/com.st.stm32cube.ide.mcu.externaltools.gnu-tools-for-stm32.12.3.rel1.win32_1.1.0.202410251130/tools/bin/../lib/gcc/arm-none-eabi/12.3.1/../../../../arm-none-eabi/lib/thumb/v7e-m+dp/hard/crt0.o (memset)
C:/ST/STM32CubeIDE_1.17.0/STM32CubeIDE/plugins/com.st.stm32cube.ide.mcu.externaltools.gnu-tools-for-stm32.12.3.rel1.win32_1.1.0.202410251130/tools/bin/../lib/gcc/arm-none-eabi/12.3.1/../../../../arm-none-eabi/lib/thumb/v7e-m+dp/hard\libc_nano.a(libc_a-closer.o)
                              C:/ST/STM32CubeIDE_1.17.0/STM32CubeIDE/plugins/com.st.stm32cube.ide.mcu.externaltools.gnu-tools-for-stm32.12.3.rel1.win32_1.1.0.202410251130/tools/bin/../lib/gcc/arm-none-eabi/12.3.1/../../../../arm-none-eabi/lib/thumb/v7e-m+dp/hard\libc_nano.a(libc_a-stdio.o) (_close_r)
C:/ST/STM32CubeIDE_1.17.0/STM32CubeIDE/plugins/com.st.stm32cube.ide.mcu.externaltools.gnu-tools-for-stm32.12.3.rel1.win32_1.1.0.202410251130/tools/bin/../lib/gcc/arm-none-eabi/12.3.1/../../../../arm-none-eabi/lib/thumb/v7e-m+dp/hard\libc_nano.a(libc_a-reent.o)
                              C:/ST/STM32CubeIDE_1.17.0/STM32CubeIDE/plugins/com.st.stm32cube.ide.mcu.externaltools.gnu-tools-for-stm32.12.3.rel1.win32_1.1.0.202410251130/tools/bin/../lib/gcc/arm-none-eabi/12.3.1/../../../../arm-none-eabi/lib/thumb/v7e-m+dp/hard\libc_nano.a(libc_a-closer.o) (errno)
C:/ST/STM32CubeIDE_1.17.0/STM32CubeIDE/plugins/com.st.stm32cube.ide.mcu.externaltools.gnu-tools-for-stm32.12.3.rel1.win32_1.1.0.202410251130/tools/bin/../lib/gcc/arm-none-eabi/12.3.1/../../../../arm-none-eabi/lib/thumb/v7e-m+dp/hard\libc_nano.a(libc_a-impure.o)
                              C:/ST/STM32CubeIDE_1.17.0/STM32CubeIDE/plugins/com.st.stm32cube.ide.mcu.externaltools.gnu-tools-for-stm32.12.3.rel1.win32_1.1.0.202410251130/tools/bin/../lib/gcc/arm-none-eabi/12.3.1/../../../../arm-none-eabi/lib/thumb/v7e-m+dp/hard\libc_nano.a(libc_a-sprintf.o) (_impure_ptr)
[...]
Memory Configuration

Name             Origin             Length             Attributes
FLASH            0x08000000         0x00200000         xr
DTCMRAM          0x20000000         0x00020000         xrw
RAM_D1           0x24000000         0x00080000         xrw
RAM_D2           0x30000000         0x00048000         xrw
RAM_D3           0x38000000         0x00010000         xrw
ITCMRAM          0x00000000         0x00010000         xrw
*default*        0x00000000         0xffffffff

Linker script and memory map

LOAD C:/ST/STM32CubeIDE_1.17.0/STM32CubeIDE/plugins/com.st.stm32cube.ide.mcu.externaltools.gnu-tools-for-stm32.12.3.rel1.win32_1.1.0.202410251130/tools/bin/../lib/gcc/arm-none-eabi/12.3.1/thumb/v7e-m+dp/hard/crti.o
LOAD C:/ST/STM32CubeIDE_1.17.0/STM32CubeIDE/plugins/com.st.stm32cube.ide.mcu.externaltools.gnu-tools-for-stm32.12.3.rel1.win32_1.1.0.202410251130/tools/bin/../lib/gcc/arm-none-eabi/12.3.1/thumb/v7e-m+dp/hard/crtbegin.o
LOAD C:/ST/STM32CubeIDE_1.17.0/STM32CubeIDE/plugins/com.st.stm32cube.ide.mcu.externaltools.gnu-tools-for-stm32.12.3.rel1.win32_1.1.0.202410251130/tools/bin/../lib/gcc/arm-none-eabi/12.3.1/../../../../arm-none-eabi/lib/thumb/v7e-m+dp/hard/crt0.o
LOAD ./Core/Src/main.o
LOAD ./Core/Src/stm32h7xx_hal_msp.o
LOAD ./Core/Src/stm32h7xx_it.o
LOAD ./Core/Src/syscalls.o
LOAD ./Core/Src/sysmem.o
LOAD ./Core/Src/system_stm32h7xx.o
LOAD ./Core/Startup/startup_stm32h753vitx.o
LOAD ./Drivers/STM32H7xx_HAL_Driver/Src/stm32h7xx_hal.o
LOAD ./Drivers/STM32H7xx_HAL_Driver/Src/stm32h7xx_hal_cortex.o
LOAD ./Drivers/STM32H7xx_HAL_Driver/Src/stm32h7xx_hal_dma.o
LOAD ./Drivers/STM32H7xx_HAL_Driver/Src/stm32h7xx_hal_dma_ex.o
LOAD ./Drivers/STM32H7xx_HAL_Driver/Src/stm32h7xx_hal_exti.o
LOAD ./Drivers/STM32H7xx_HAL_Driver/Src/stm32h7xx_hal_flash.o
LOAD ./Drivers/STM32H7xx_HAL_Driver/Src/stm32h7xx_hal_flash_ex.o
LOAD ./Drivers/STM32H7xx_HAL_Driver/Src/stm32h7xx_hal_gpio.o
LOAD ./Drivers/STM32H7xx_HAL_Driver/Src/stm32h7xx_hal_hsem.o
LOAD ./Drivers/STM32H7xx_HAL_Driver/Src/stm32h7xx_hal_i2c.o
LOAD ./Drivers/STM32H7xx_HAL_Driver/Src/stm32h7xx_hal_i2c_ex.o
LOAD ./Drivers/STM32H7xx_HAL_Driver/Src/stm32h7xx_hal_mdma.o
LOAD ./Drivers/STM32H7xx_HAL_Driver/Src/stm32h7xx_hal_pcd.o
LOAD ./Drivers/STM32H7xx_HAL_Driver/Src/stm32h7xx_hal_pcd_ex.o
LOAD ./Drivers/STM32H7xx_HAL_Driver/Src/stm32h7xx_hal_pwr.o
LOAD ./Drivers/STM32H7xx_HAL_Driver/Src/stm32h7xx_hal_pwr_ex.o
LOAD ./Drivers/STM32H7xx_HAL_Driver/Src/stm32h7xx_hal_rcc.o
LOAD ./Drivers/STM32H7xx_HAL_Driver/Src/stm32h7xx_hal_rcc_ex.o
LOAD ./Drivers/STM32H7xx_HAL_Driver/Src/stm32h7xx_hal_uart.o
LOAD ./Drivers/STM32H7xx_HAL_Driver/Src/stm32h7xx_hal_uart_ex.o
LOAD ./Drivers/STM32H7xx_HAL_Driver/Src/stm32h7xx_ll_usb.o
LOAD ./Middlewares/ST/STM32_USB_Device_Library/Class/HID/Src/usbd_hid.o
LOAD ./Middlewares/ST/STM32_USB_Device_Library/Core/Src/usbd_core.o
LOAD ./Middlewares/ST/STM32_USB_Device_Library/Core/Src/usbd_ctlreq.o
LOAD ./Middlewares/ST/STM32_USB_Device_Library/Core/Src/usbd_ioreq.o
LOAD ./USB_DEVICE/App/usb_device.o
LOAD ./USB_DEVICE/App/usbd_desc.o
LOAD ./USB_DEVICE/Target/usbd_conf.o
START GROUP
LOAD C:/ST/STM32CubeIDE_1.17.0/STM32CubeIDE/plugins/com.st.stm32cube.ide.mcu.externaltools.gnu-tools-for-stm32.12.3.rel1.win32_1.1.0.202410251130/tools/bin/../lib/gcc/arm-none-eabi/12.3.1/../../../../arm-none-eabi/lib/thumb/v7e-m+dp/hard\libc_nano.a
LOAD C:/ST/STM32CubeIDE_1.17.0/STM32CubeIDE/plugins/com.st.stm32cube.ide.mcu.externaltools.gnu-tools-for-stm32.12.3.rel1.win32_1.1.0.202410251130/tools/bin/../lib/gcc/arm-none-eabi/12.3.1/../../../../arm-none-eabi/lib/thumb/v7e-m+dp/hard\libm.a
END GROUP
START GROUP
LOAD C:/ST/STM32CubeIDE_1.17.0/STM32CubeIDE/plugins/com.st.stm32cube.ide.mcu.externaltools.gnu-tools-for-stm32.12.3.rel1.win32_1.1.0.202410251130/tools/bin/../lib/gcc/arm-none-eabi/12.3.1/thumb/v7e-m+dp/hard\libgcc.a
LOAD C:/ST/STM32CubeIDE_1.17.0/STM32CubeIDE/plugins/com.st.stm32cube.ide.mcu.externaltools.gnu-tools-for-stm32.12.3.rel1.win32_1.1.0.202410251130/tools/bin/../lib/gcc/arm-none-eabi/12.3.1/../../../../arm-none-eabi/lib/thumb/v7e-m+dp/hard\libc_nano.a
END GROUP
START GROUP
LOAD C:/ST/STM32CubeIDE_1.17.0/STM32CubeIDE/plugins/com.st.stm32cube.ide.mcu.externaltools.gnu-tools-for-stm32.12.3.rel1.win32_1.1.0.202410251130/tools/bin/../lib/gcc/arm-none-eabi/12.3.1/thumb/v7e-m+dp/hard\libgcc.a
LOAD C:/ST/STM32CubeIDE_1.17.0/STM32CubeIDE/plugins/com.st.stm32cube.ide.mcu.externaltools.gnu-tools-for-stm32.12.3.rel1.win32_1.1.0.202410251130/tools/bin/../lib/gcc/arm-none-eabi/12.3.1/../../../../arm-none-eabi/lib/thumb/v7e-m+dp/hard\libc_nano.a
LOAD C:/ST/STM32CubeIDE_1.17.0/STM32CubeIDE/plugins/com.st.stm32cube.ide.mcu.externaltools.gnu-tools-for-stm32.12.3.rel1.win32_1.1.0.202410251130/tools/bin/../lib/gcc/arm-none-eabi/12.3.1/../../../../arm-none-eabi/lib/thumb/v7e-m+dp/hard\libnosys.a
END GROUP
START GROUP
LOAD C:/ST/STM32CubeIDE_1.17.0/STM32CubeIDE/plugins/com.st.stm32cube.ide.mcu.externaltools.gnu-tools-for-stm32.12.3.rel1.win32_1.1.0.202410251130/tools/bin/../lib/gcc/arm-none-eabi/12.3.1/thumb/v7e-m+dp/hard\libgcc.a
LOAD C:/ST/STM32CubeIDE_1.17.0/STM32CubeIDE/plugins/com.st.stm32cube.ide.mcu.externaltools.gnu-tools-for-stm32.12.3.rel1.win32_1.1.0.202410251130/tools/bin/../lib/gcc/arm-none-eabi/12.3.1/../../../../arm-none-eabi/lib/thumb/v7e-m+dp/hard\libc_nano.a
LOAD C:/ST/STM32CubeIDE_1.17.0/STM32CubeIDE/plugins/com.st.stm32cube.ide.mcu.externaltools.gnu-tools-for-stm32.12.3.rel1.win32_1.1.0.202410251130/tools/bin/../lib/gcc/arm-none-eabi/12.3.1/../../../../arm-none-eabi/lib/thumb/v7e-m+dp/hard\libnosys.a
END GROUP
LOAD C:/ST/STM32CubeIDE_1.17.0/STM32CubeIDE/plugins/com.st.stm32cube.ide.mcu.externaltools.gnu-tools-for-stm32.12.3.rel1.win32_1.1.0.202410251130/tools/bin/../lib/gcc/arm-none-eabi/12.3.1/thumb/v7e-m+dp/hard/crtend.o
LOAD C:/ST/STM32CubeIDE_1.17.0/STM32CubeIDE/plugins/com.st.stm32cube.ide.mcu.externaltools.gnu-tools-for-stm32.12.3.rel1.win32_1.1.0.202410251130/tools/bin/../lib/gcc/arm-none-eabi/12.3.1/thumb/v7e-m+dp/hard/crtn.o
                0x24080000                        _estack = (ORIGIN (RAM_D1) + LENGTH (RAM_D1))
                0x00000200                        _Min_Heap_Size = 0x200
                0x00000400                        _Min_Stack_Size = 0x400

.isr_vector     0x08000000      0x298
                0x08000000                        . = ALIGN (0x4)
 *(.isr_vector)
 .isr_vector    0x08000000      0x298 ./Core/Startup/startup_stm32h753vitx.o
                0x08000000                g_pfnVectors
                0x08000298                        . = ALIGN (0x4)

.text           0x080002a0     0xbd6c
                0x080002a0                        . = ALIGN (0x4)
 *(.text)
 .text          0x080002a0       0x40 C:/ST/STM32CubeIDE_1.17.0/STM32CubeIDE/plugins/com.st.stm32cube.ide.mcu.externaltools.gnu-tools-for-stm32.12.3.rel1.win32_1.1.0.202410251130/tools/bin/../lib/gcc/arm-none-eabi/12.3.1/thumb/v7e-m+dp/hard/crtbegin.o
 .text          0x080002e0       0x10 C:/ST/STM32CubeIDE_1.17.0/STM32CubeIDE/plugins/com.st.stm32cube.ide.mcu.externaltools.gnu-tools-for-stm32.12.3.rel1.win32_1.1.0.202410251130/tools/bin/../lib/gcc/arm-none-eabi/12.3.1/../../../../arm-none-eabi/lib/thumb/v7e-m+dp/hard\libc_nano.a(libc_a-strlen.o)
                0x080002e0                strlen
 .text          0x080002f0       0xa0 C:/ST/STM32CubeIDE_1.17.0/STM32CubeIDE/plugins/com.st.stm32cube.ide.mcu.externaltools.gnu-tools-for-stm32.12.3.rel1.win32_1.1.0.202410251130/tools/bin/../lib/gcc/arm-none-eabi/12.3.1/../../../../arm-none-eabi/lib/thumb/v7e-m+dp/hard\libc_nano.a(libc_a-memchr.o)
                0x080002f0                memchr
 .text          0x08000390       0x30 C:/ST/STM32CubeIDE_1.17.0/STM32CubeIDE/plugins/com.st.stm32cube.ide.mcu.externaltools.gnu-tools-for-stm32.12.3.rel1.win32_1.1.0.202410251130/tools/bin/../lib/gcc/arm-none-eabi/12.3.1/thumb/v7e-m+dp/hard\libgcc.a(_aeabi_uldivmod.o)
                0x08000390                __aeabi_uldivmod
 .text          0x080003c0      0x2bc C:/ST/STM32CubeIDE_1.17.0/STM32CubeIDE/plugins/com.st.stm32cube.ide.mcu.externaltools.gnu-tools-for-stm32.12.3.rel1.win32_1.1.0.202410251130/tools/bin/../lib/gcc/arm-none-eabi/12.3.1/thumb/v7e-m+dp/hard\libgcc.a(_udivmoddi4.o)
                0x080003c0                __udivmoddi4
 .text          0x0800067c        0x4 C:/ST/STM32CubeIDE_1.17.0/STM32CubeIDE/plugins/com.st.stm32cube.ide.mcu.externaltools.gnu-tools-for-stm32.12.3.rel1.win32_1.1.0.202410251130/tools/bin/../lib/gcc/arm-none-eabi/12.3.1/thumb/v7e-m+dp/hard\libgcc.a(_dvmd_tls.o)
                0x0800067c                __aeabi_idiv0
                0x0800067c                __aeabi_ldiv0
 *(.text*)
 .text.MatrixScan
                0x08000680      0x6f0 ./Core/Src/main.o
                0x08000680                MatrixScan
 .text.SetKeycode
                0x08000d70      0x138 ./Core/Src/main.o
                0x08000d70                SetKeycode
 .text.ResetKeycode
                0x08000ea8       0x84 ./Core/Src/main.o
                0x08000ea8                ResetKeycode
 .text.KeycodeSend
                0x08000f2c       0x4c ./Core/Src/main.o
                0x08000f2c                KeycodeSend
 .text.PressKeycodes
                0x08000f78      0x27c ./Core/Src/main.o
                0x08000f78                PressKeycodes
 .text.ReleaseKeycodes
                0x080011f4      0x28c ./Core/Src/main.o
                0x080011f4                ReleaseKeycodes
 .text.main     0x08001480       0xe0 ./Core/Src/main.o
                0x08001480                main
 .text.SystemClock_Config
                0x08001560       0xf8 ./Core/Src/main.o
                0x08001560                SystemClock_Config
 .text.PeriphCommonClock_Config
                0x08001658       0x62 ./Core/Src/main.o
                0x08001658                PeriphCommonClock_Config
 *fill*         0x080016ba        0x2 
 .text.MX_UART4_Init
                0x080016bc       0x98 ./Core/Src/main.o
 .text.MX_GPIO_Init
                0x08001754      0x16c ./Core/Src/main.o
 .text.MPU_Config
                0x080018c0       0x58 ./Core/Src/main.o
 .text.Error_Handler
                0x08001918        0xc ./Core/Src/main.o
                0x08001918                Error_Handler
 .text.HAL_MspInit
                0x08001924       0x34 ./Core/Src/stm32h7xx_hal_msp.o
                0x08001924                HAL_MspInit
 .text.HAL_UART_MspInit
                0x08001958       0xd0 ./Core/Src/stm32h7xx_hal_msp.o
                0x08001958                HAL_UART_MspInit
 .text.NMI_Handler
                0x08001a28        0x8 ./Core/Src/stm32h7xx_it.o
                0x08001a28                NMI_Handler
 .text.HardFault_Handler
                0x08001a30        0x8 ./Core/Src/stm32h7xx_it.o
                0x08001a30                HardFault_Handler
 .text.MemManage_Handler
                0x08001a38        0x8 ./Core/Src/stm32h7xx_it.o
                0x08001a38                MemManage_Handler
 .text.BusFault_Handler
                0x08001a40        0x8 ./Core/Src/stm32h7xx_it.o
                0x08001a40                BusFault_Handler
 .text.UsageFault_Handler
                0x08001a48        0x8 ./Core/Src/stm32h7xx_it.o
                0x08001a48                UsageFault_Handler
 .text.SVC_Handler
                0x08001a50        0xe ./Core/Src/stm32h7xx_it.o
                0x08001a50                SVC_Handler
 .text.DebugMon_Handler
                0x08001a5e        0xe ./Core/Src/stm32h7xx_it.o
                0x08001a5e                DebugMon_Handler
 .text.PendSV_Handler
                0x08001a6c        0xe ./Core/Src/stm32h7xx_it.o
                0x08001a6c                PendSV_Handler
 .text.SysTick_Handler
                0x08001a7a        0xc ./Core/Src/stm32h7xx_it.o
                0x08001a7a                SysTick_Handler
 *fill*         0x08001a86        0x2 
 .text.OTG_HS_IRQHandler
                0x08001a88       0x14 ./Core/Src/stm32h7xx_it.o
                0x08001a88                OTG_HS_IRQHandler
 .text.OTG_FS_IRQHandler
                0x08001a9c       0x14 ./Core/Src/stm32h7xx_it.o
                0x08001a9c                OTG_FS_IRQHandler
 .text._sbrk    0x08001ab0       0x6c ./Core/Src/sysmem.o
                0x08001ab0                _sbrk
 .text.SystemInit
                0x08001b1c      0x140 ./Core/Src/system_stm32h7xx.o
                0x08001b1c                SystemInit
 .text.ExitRun0Mode
                0x08001c5c       0x30 ./Core/Src/system_stm32h7xx.o
                0x08001c5c                ExitRun0Mode
 .text.Reset_Handler
                0x08001c8c       0x54 ./Core/Startup/startup_stm32h753vitx.o
                0x08001c8c                Reset_Handler
 .text.Default_Handler
                0x08001ce0        0x2 ./Core/Startup/startup_stm32h753vitx.o
                0x08001ce0                RTC_Alarm_IRQHandler
                0x08001ce0                HASH_RNG_IRQHandler
                0x08001ce0                EXTI2_IRQHandler
                0x08001ce0                TIM8_CC_IRQHandler
                0x08001ce0                HRTIM1_Master_IRQHandler
                0x08001ce0                UART8_IRQHandler
                0x08001ce0                SPI4_IRQHandler
                0x08001ce0                TIM1_CC_IRQHandler
                0x08001ce0                BDMA_Channel6_IRQHandler
                0x08001ce0                DMA2_Stream5_IRQHandler
                0x08001ce0                HRTIM1_FLT_IRQHandler
                0x08001ce0                JPEG_IRQHandler
                0x08001ce0                DMA1_Stream5_IRQHandler
                0x08001ce0                BDMA_Channel1_IRQHandler
                0x08001ce0                HRTIM1_TIMD_IRQHandler
                0x08001ce0                TAMP_STAMP_IRQHandler
                0x08001ce0                EXTI3_IRQHandler
                0x08001ce0                LPTIM4_IRQHandler
                0x08001ce0                TIM8_TRG_COM_TIM14_IRQHandler
                0x08001ce0                LPTIM2_IRQHandler
                0x08001ce0                DFSDM1_FLT1_IRQHandler
                0x08001ce0                DMAMUX2_OVR_IRQHandler
                0x08001ce0                TIM8_UP_TIM13_IRQHandler
                0x08001ce0                I2C3_ER_IRQHandler
                0x08001ce0                DFSDM1_FLT2_IRQHandler
                0x08001ce0                MDMA_IRQHandler
                0x08001ce0                LPTIM3_IRQHandler
                0x08001ce0                HSEM1_IRQHandler
                0x08001ce0                EXTI0_IRQHandler
                0x08001ce0                I2C2_EV_IRQHandler
                0x08001ce0                DMA1_Stream2_IRQHandler
                0x08001ce0                FPU_IRQHandler
                0x08001ce0                OTG_HS_WKUP_IRQHandler
                0x08001ce0                FDCAN1_IT1_IRQHandler
                0x08001ce0                LTDC_ER_IRQHandler
                0x08001ce0                DMA2_Stream2_IRQHandler
                0x08001ce0                HRTIM1_TIME_IRQHandler
                0x08001ce0                SPI1_IRQHandler
                0x08001ce0                TIM6_DAC_IRQHandler
                0x08001ce0                DCMI_IRQHandler
                0x08001ce0                HRTIM1_TIMC_IRQHandler
                0x08001ce0                DMA2_Stream3_IRQHandler
                0x08001ce0                SAI2_IRQHandler
                0x08001ce0                DFSDM1_FLT3_IRQHandler
                0x08001ce0                USART6_IRQHandler
                0x08001ce0                TIM17_IRQHandler
                0x08001ce0                USART3_IRQHandler
                0x08001ce0                BDMA_Channel7_IRQHandler
                0x08001ce0                CRYP_IRQHandler
                0x08001ce0                LPTIM5_IRQHandler
                0x08001ce0                UART5_IRQHandler
                0x08001ce0                ADC3_IRQHandler
                0x08001ce0                DMA2_Stream0_IRQHandler
                0x08001ce0                TIM4_IRQHandler
                0x08001ce0                BDMA_Channel2_IRQHandler
                0x08001ce0                QUADSPI_IRQHandler
                0x08001ce0                I2C1_EV_IRQHandler
                0x08001ce0                DMA1_Stream6_IRQHandler
                0x08001ce0                DMAMUX1_OVR_IRQHandler
                0x08001ce0                DMA1_Stream1_IRQHandler
                0x08001ce0                TIM16_IRQHandler
                0x08001ce0                UART4_IRQHandler
                0x08001ce0                BDMA_Channel5_IRQHandler
                0x08001ce0                TIM3_IRQHandler
                0x08001ce0                RCC_IRQHandler
                0x08001ce0                TIM8_BRK_TIM12_IRQHandler
                0x08001ce0                TIM1_TRG_COM_IRQHandler
                0x08001ce0                Default_Handler
                0x08001ce0                ECC_IRQHandler
                0x08001ce0                CEC_IRQHandler
                0x08001ce0                EXTI15_10_IRQHandler
                0x08001ce0                BDMA_Channel0_IRQHandler
                0x08001ce0                ADC_IRQHandler
                0x08001ce0                DMA1_Stream7_IRQHandler
                0x08001ce0                HRTIM1_TIMA_IRQHandler
                0x08001ce0                SPI5_IRQHandler
                0x08001ce0                TIM7_IRQHandler
                0x08001ce0                SDMMC1_IRQHandler
                0x08001ce0                TIM5_IRQHandler
                0x08001ce0                DMA2_Stream7_IRQHandler
                0x08001ce0                TIM15_IRQHandler
                0x08001ce0                PVD_AVD_IRQHandler
                0x08001ce0                I2C3_EV_IRQHandler
                0x08001ce0                EXTI9_5_IRQHandler
                0x08001ce0                RTC_WKUP_IRQHandler
                0x08001ce0                LTDC_IRQHandler
                0x08001ce0                SAI3_IRQHandler
                0x08001ce0                ETH_WKUP_IRQHandler
                0x08001ce0                SPDIF_RX_IRQHandler
                0x08001ce0                SPI2_IRQHandler
                0x08001ce0                OTG_HS_EP1_IN_IRQHandler
                0x08001ce0                DMA1_Stream0_IRQHandler
                0x08001ce0                CRS_IRQHandler
                0x08001ce0                EXTI4_IRQHandler
                0x08001ce0                HRTIM1_TIMB_IRQHandler
                0x08001ce0                FDCAN2_IT1_IRQHandler
                0x08001ce0                ETH_IRQHandler
                0x08001ce0                TIM1_UP_IRQHandler
                0x08001ce0                BDMA_Channel4_IRQHandler
                0x08001ce0                OTG_HS_EP1_OUT_IRQHandler
                0x08001ce0                WWDG_IRQHandler
                0x08001ce0                SPI6_IRQHandler
                0x08001ce0                MDIOS_IRQHandler
                0x08001ce0                I2C4_EV_IRQHandler
                0x08001ce0                FDCAN2_IT0_IRQHandler
                0x08001ce0                LPUART1_IRQHandler
                0x08001ce0                FDCAN1_IT0_IRQHandler
                0x08001ce0                TIM2_IRQHandler
                0x08001ce0                OTG_FS_WKUP_IRQHandler
                0x08001ce0                DMA2D_IRQHandler
                0x08001ce0                TIM1_BRK_IRQHandler
                0x08001ce0                EXTI1_IRQHandler
                0x08001ce0                SDMMC2_IRQHandler
                0x08001ce0                OTG_FS_EP1_OUT_IRQHandler
                0x08001ce0                BDMA_Channel3_IRQHandler
                0x08001ce0                UART7_IRQHandler
                0x08001ce0                MDIOS_WKUP_IRQHandler
                0x08001ce0                USART2_IRQHandler
                0x08001ce0                DFSDM1_FLT0_IRQHandler
                0x08001ce0                SAI4_IRQHandler
                0x08001ce0                I2C2_ER_IRQHandler
                0x08001ce0                DMA2_Stream1_IRQHandler
                0x08001ce0                FLASH_IRQHandler
                0x08001ce0                DMA2_Stream4_IRQHandler
                0x08001ce0                USART1_IRQHandler
                0x08001ce0                SPI3_IRQHandler
                0x08001ce0                WAKEUP_PIN_IRQHandler
                0x08001ce0                DMA1_Stream4_IRQHandler
                0x08001ce0                OTG_FS_EP1_IN_IRQHandler
                0x08001ce0                I2C1_ER_IRQHandler
                0x08001ce0                FMC_IRQHandler
                0x08001ce0                FDCAN_CAL_IRQHandler
                0x08001ce0                SWPMI1_IRQHandler
                0x08001ce0                COMP1_IRQHandler
                0x08001ce0                LPTIM1_IRQHandler
                0x08001ce0                I2C4_ER_IRQHandler
                0x08001ce0                DMA2_Stream6_IRQHandler
                0x08001ce0                SAI1_IRQHandler
                0x08001ce0                DMA1_Stream3_IRQHandler
 *fill*         0x08001ce2        0x2 
 .text.HAL_Init
                0x08001ce4       0x78 ./Drivers/STM32H7xx_HAL_Driver/Src/stm32h7xx_hal.o
                0x08001ce4                HAL_Init
 .text.HAL_InitTick
                0x08001d5c       0x6c ./Drivers/STM32H7xx_HAL_Driver/Src/stm32h7xx_hal.o
                0x08001d5c                HAL_InitTick
 .text.HAL_IncTick
                0x08001dc8       0x28 ./Drivers/STM32H7xx_HAL_Driver/Src/stm32h7xx_hal.o
                0x08001dc8                HAL_IncTick
 .text.HAL_GetTick
                0x08001df0       0x18 ./Drivers/STM32H7xx_HAL_Driver/Src/stm32h7xx_hal.o
                0x08001df0                HAL_GetTick
 .text.HAL_Delay
                0x08001e08       0x48 ./Drivers/STM32H7xx_HAL_Driver/Src/stm32h7xx_hal.o
                0x08001e08                HAL_Delay
 .text.HAL_GetREVID
                0x08001e50       0x18 ./Drivers/STM32H7xx_HAL_Driver/Src/stm32h7xx_hal.o
                0x08001e50                HAL_GetREVID
 .text.__NVIC_SetPriorityGrouping
                0x08001e68       0x48 ./Drivers/STM32H7xx_HAL_Driver/Src/stm32h7xx_hal_cortex.o
 .text.__NVIC_GetPriorityGrouping
                0x08001eb0       0x1c ./Drivers/STM32H7xx_HAL_Driver/Src/stm32h7xx_hal_cortex.o
 .text.__NVIC_EnableIRQ
                0x08001ecc       0x3c ./Drivers/STM32H7xx_HAL_Driver/Src/stm32h7xx_hal_cortex.o
 .text.__NVIC_SetPriority
                0x08001f08       0x54 ./Drivers/STM32H7xx_HAL_Driver/Src/stm32h7xx_hal_cortex.o
 .text.NVIC_EncodePriority
                0x08001f5c       0x66 ./Drivers/STM32H7xx_HAL_Driver/Src/stm32h7xx_hal_cortex.o
 *fill*         0x08001fc2        0x2 
 .text.SysTick_Config
                0x08001fc4       0x44 ./Drivers/STM32H7xx_HAL_Driver/Src/stm32h7xx_hal_cortex.o
 .text.HAL_NVIC_SetPriorityGrouping
                0x08002008       0x16 ./Drivers/STM32H7xx_HAL_Driver/Src/stm32h7xx_hal_cortex.o
                0x08002008                HAL_NVIC_SetPriorityGrouping
 .text.HAL_NVIC_SetPriority
                0x0800201e       0x34 ./Drivers/STM32H7xx_HAL_Driver/Src/stm32h7xx_hal_cortex.o
                0x0800201e                HAL_NVIC_SetPriority
 .text.HAL_NVIC_EnableIRQ
                0x08002052       0x1c ./Drivers/STM32H7xx_HAL_Driver/Src/stm32h7xx_hal_cortex.o
                0x08002052                HAL_NVIC_EnableIRQ
 .text.HAL_SYSTICK_Config
                0x0800206e       0x18 ./Drivers/STM32H7xx_HAL_Driver/Src/stm32h7xx_hal_cortex.o
                0x0800206e                HAL_SYSTICK_Config
 *fill*         0x08002086        0x2 
 .text.HAL_MPU_Disable
                0x08002088       0x30 ./Drivers/STM32H7xx_HAL_Driver/Src/stm32h7xx_hal_cortex.o
                0x08002088                HAL_MPU_Disable
 .text.HAL_MPU_Enable
                0x080020b8       0x40 ./Drivers/STM32H7xx_HAL_Driver/Src/stm32h7xx_hal_cortex.o
                0x080020b8                HAL_MPU_Enable
 .text.HAL_MPU_ConfigRegion
                0x080020f8       0x80 ./Drivers/STM32H7xx_HAL_Driver/Src/stm32h7xx_hal_cortex.o
                0x080020f8                HAL_MPU_ConfigRegion
 .text.HAL_GPIO_Init
                0x08002178      0x360 ./Drivers/STM32H7xx_HAL_Driver/Src/stm32h7xx_hal_gpio.o
                0x08002178                HAL_GPIO_Init
 .text.HAL_PCD_Init
                0x080024d8      0x218 ./Drivers/STM32H7xx_HAL_Driver/Src/stm32h7xx_hal_pcd.o
                0x080024d8                HAL_PCD_Init
 .text.HAL_PCD_Start
                0x080026f0       0x6a ./Drivers/STM32H7xx_HAL_Driver/Src/stm32h7xx_hal_pcd.o
                0x080026f0                HAL_PCD_Start
 .text.HAL_PCD_IRQHandler
                0x0800275a      0x99c ./Drivers/STM32H7xx_HAL_Driver/Src/stm32h7xx_hal_pcd.o
                0x0800275a                HAL_PCD_IRQHandler
 .text.HAL_PCD_SetAddress
                0x080030f6       0x48 ./Drivers/STM32H7xx_HAL_Driver/Src/stm32h7xx_hal_pcd.o
                0x080030f6                HAL_PCD_SetAddress
 .text.HAL_PCD_EP_Open
                0x0800313e       0xd4 ./Drivers/STM32H7xx_HAL_Driver/Src/stm32h7xx_hal_pcd.o
                0x0800313e                HAL_PCD_EP_Open
 .text.HAL_PCD_EP_Close
                0x08003212       0x94 ./Drivers/STM32H7xx_HAL_Driver/Src/stm32h7xx_hal_pcd.o
                0x08003212                HAL_PCD_EP_Close
 .text.HAL_PCD_EP_Receive
                0x080032a6       0x76 ./Drivers/STM32H7xx_HAL_Driver/Src/stm32h7xx_hal_pcd.o
                0x080032a6                HAL_PCD_EP_Receive
 .text.HAL_PCD_EP_Transmit
                0x0800331c       0x74 ./Drivers/STM32H7xx_HAL_Driver/Src/stm32h7xx_hal_pcd.o
                0x0800331c                HAL_PCD_EP_Transmit
 .text.HAL_PCD_EP_SetStall
                0x08003390       0xc6 ./Drivers/STM32H7xx_HAL_Driver/Src/stm32h7xx_hal_pcd.o
                0x08003390                HAL_PCD_EP_SetStall
 .text.HAL_PCD_EP_ClrStall
                0x08003456       0xac ./Drivers/STM32H7xx_HAL_Driver/Src/stm32h7xx_hal_pcd.o
                0x08003456                HAL_PCD_EP_ClrStall
 .text.HAL_PCD_EP_Abort
                0x08003502       0x62 ./Drivers/STM32H7xx_HAL_Driver/Src/stm32h7xx_hal_pcd.o
                0x08003502                HAL_PCD_EP_Abort
 .text.PCD_WriteEmptyTxFifo
                0x08003564      0x118 ./Drivers/STM32H7xx_HAL_Driver/Src/stm32h7xx_hal_pcd.o
 .text.PCD_EP_OutXfrComplete_int
                0x0800367c      0x1d0 ./Drivers/STM32H7xx_HAL_Driver/Src/stm32h7xx_hal_pcd.o
 .text.PCD_EP_OutSetupPacket_int
                0x0800384c       0x8c ./Drivers/STM32H7xx_HAL_Driver/Src/stm32h7xx_hal_pcd.o
 .text.HAL_PCDEx_SetTxFiFo
                0x080038d8       0x8e ./Drivers/STM32H7xx_HAL_Driver/Src/stm32h7xx_hal_pcd_ex.o
                0x080038d8                HAL_PCDEx_SetTxFiFo
 .text.HAL_PCDEx_SetRxFiFo
                0x08003966       0x22 ./Drivers/STM32H7xx_HAL_Driver/Src/stm32h7xx_hal_pcd_ex.o
                0x08003966                HAL_PCDEx_SetRxFiFo
 .text.HAL_PCDEx_ActivateLPM
                0x08003988       0x48 ./Drivers/STM32H7xx_HAL_Driver/Src/stm32h7xx_hal_pcd_ex.o
                0x08003988                HAL_PCDEx_ActivateLPM
 .text.HAL_PCDEx_LPM_Callback
                0x080039d0       0x18 ./Drivers/STM32H7xx_HAL_Driver/Src/stm32h7xx_hal_pcd_ex.o
                0x080039d0                HAL_PCDEx_LPM_Callback
 .text.HAL_PWREx_ConfigSupply
                0x080039e8       0x74 ./Drivers/STM32H7xx_HAL_Driver/Src/stm32h7xx_hal_pwr_ex.o
                0x080039e8                HAL_PWREx_ConfigSupply
 .text.HAL_PWREx_EnableUSBVoltageDetector
                0x08003a5c       0x20 ./Drivers/STM32H7xx_HAL_Driver/Src/stm32h7xx_hal_pwr_ex.o
                0x08003a5c                HAL_PWREx_EnableUSBVoltageDetector
 .text.HAL_RCC_OscConfig
                0x08003a7c      0x8b4 ./Drivers/STM32H7xx_HAL_Driver/Src/stm32h7xx_hal_rcc.o
                0x08003a7c                HAL_RCC_OscConfig
 .text.HAL_RCC_ClockConfig
                0x08004330      0x36c ./Drivers/STM32H7xx_HAL_Driver/Src/stm32h7xx_hal_rcc.o
                0x08004330                HAL_RCC_ClockConfig
 .text.HAL_RCC_GetSysClockFreq
                0x0800469c      0x2f4 ./Drivers/STM32H7xx_HAL_Driver/Src/stm32h7xx_hal_rcc.o
                0x0800469c                HAL_RCC_GetSysClockFreq
 .text.HAL_RCC_GetHCLKFreq
                0x08004990       0x60 ./Drivers/STM32H7xx_HAL_Driver/Src/stm32h7xx_hal_rcc.o
                0x08004990                HAL_RCC_GetHCLKFreq
 .text.HAL_RCC_GetPCLK1Freq
                0x080049f0       0x2c ./Drivers/STM32H7xx_HAL_Driver/Src/stm32h7xx_hal_rcc.o
                0x080049f0                HAL_RCC_GetPCLK1Freq
 .text.HAL_RCC_GetPCLK2Freq
                0x08004a1c       0x2c ./Drivers/STM32H7xx_HAL_Driver/Src/stm32h7xx_hal_rcc.o
                0x08004a1c                HAL_RCC_GetPCLK2Freq
 .text.HAL_RCCEx_PeriphCLKConfig
                0x08004a48     0x1414 ./Drivers/STM32H7xx_HAL_Driver/Src/stm32h7xx_hal_rcc_ex.o
                0x08004a48                HAL_RCCEx_PeriphCLKConfig
 .text.HAL_RCCEx_GetD3PCLK1Freq
                0x08005e5c       0x2c ./Drivers/STM32H7xx_HAL_Driver/Src/stm32h7xx_hal_rcc_ex.o
                0x08005e5c                HAL_RCCEx_GetD3PCLK1Freq
 .text.HAL_RCCEx_GetPLL2ClockFreq
                0x08005e88      0x2a8 ./Drivers/STM32H7xx_HAL_Driver/Src/stm32h7xx_hal_rcc_ex.o
                0x08005e88                HAL_RCCEx_GetPLL2ClockFreq
 .text.HAL_RCCEx_GetPLL3ClockFreq
                0x08006130      0x2a8 ./Drivers/STM32H7xx_HAL_Driver/Src/stm32h7xx_hal_rcc_ex.o
                0x08006130                HAL_RCCEx_GetPLL3ClockFreq
 .text.RCCEx_PLL2_Config
                0x080063d8      0x164 ./Drivers/STM32H7xx_HAL_Driver/Src/stm32h7xx_hal_rcc_ex.o
 .text.RCCEx_PLL3_Config
                0x0800653c      0x164 ./Drivers/STM32H7xx_HAL_Driver/Src/stm32h7xx_hal_rcc_ex.o
 .text.HAL_UART_Init
                0x080066a0       0xa0 ./Drivers/STM32H7xx_HAL_Driver/Src/stm32h7xx_hal_uart.o
                0x080066a0                HAL_UART_Init
 .text.HAL_UART_Transmit
                0x08006740      0x11c ./Drivers/STM32H7xx_HAL_Driver/Src/stm32h7xx_hal_uart.o
                0x08006740                HAL_UART_Transmit
 .text.UART_SetConfig
                0x0800685c      0xad0 ./Drivers/STM32H7xx_HAL_Driver/Src/stm32h7xx_hal_uart.o
                0x0800685c                UART_SetConfig
 .text.UART_AdvFeatureConfig
                0x0800732c      0x144 ./Drivers/STM32H7xx_HAL_Driver/Src/stm32h7xx_hal_uart.o
                0x0800732c                UART_AdvFeatureConfig
 .text.UART_CheckIdleState
                0x08007470      0x154 ./Drivers/STM32H7xx_HAL_Driver/Src/stm32h7xx_hal_uart.o
                0x08007470                UART_CheckIdleState
 .text.UART_WaitOnFlagUntilTimeout
                0x080075c4       0xda ./Drivers/STM32H7xx_HAL_Driver/Src/stm32h7xx_hal_uart.o
                0x080075c4                UART_WaitOnFlagUntilTimeout
 *fill*         0x0800769e        0x2 
 .text.UART_EndRxTransfer
                0x080076a0       0xcc ./Drivers/STM32H7xx_HAL_Driver/Src/stm32h7xx_hal_uart.o
 .text.HAL_UARTEx_DisableFifoMode
                0x0800776c       0x72 ./Drivers/STM32H7xx_HAL_Driver/Src/stm32h7xx_hal_uart_ex.o
                0x0800776c                HAL_UARTEx_DisableFifoMode
 .text.HAL_UARTEx_SetTxFifoThreshold
                0x080077de       0x7c ./Drivers/STM32H7xx_HAL_Driver/Src/stm32h7xx_hal_uart_ex.o
                0x080077de                HAL_UARTEx_SetTxFifoThreshold
 .text.HAL_UARTEx_SetRxFifoThreshold
                0x0800785a       0x7c ./Drivers/STM32H7xx_HAL_Driver/Src/stm32h7xx_hal_uart_ex.o
                0x0800785a                HAL_UARTEx_SetRxFifoThreshold
 *fill*         0x080078d6        0x2 
 .text.UARTEx_SetNbDataToProcess
                0x080078d8       0x9c ./Drivers/STM32H7xx_HAL_Driver/Src/stm32h7xx_hal_uart_ex.o
 .text.USB_CoreInit
                0x08007974       0xe4 ./Drivers/STM32H7xx_HAL_Driver/Src/stm32h7xx_ll_usb.o
                0x08007974                USB_CoreInit
 .text.USB_SetTurnaroundTime
                0x08007a58      0x144 ./Drivers/STM32H7xx_HAL_Driver/Src/stm32h7xx_ll_usb.o
                0x08007a58                USB_SetTurnaroundTime
 .text.USB_EnableGlobalInt
                0x08007b9c       0x22 ./Drivers/STM32H7xx_HAL_Driver/Src/stm32h7xx_ll_usb.o
                0x08007b9c                USB_EnableGlobalInt
 .text.USB_DisableGlobalInt
                0x08007bbe       0x22 ./Drivers/STM32H7xx_HAL_Driver/Src/stm32h7xx_ll_usb.o
                0x08007bbe                USB_DisableGlobalInt
 .text.USB_SetCurrentMode
                0x08007be0       0x98 ./Drivers/STM32H7xx_HAL_Driver/Src/stm32h7xx_ll_usb.o
                0x08007be0                USB_SetCurrentMode
 .text.USB_DevInit
                0x08007c78      0x2bc ./Drivers/STM32H7xx_HAL_Driver/Src/stm32h7xx_ll_usb.o
                0x08007c78                USB_DevInit
 .text.USB_FlushTxFifo
                0x08007f34       0x64 ./Drivers/STM32H7xx_HAL_Driver/Src/stm32h7xx_ll_usb.o
                0x08007f34                USB_FlushTxFifo
 .text.USB_FlushRxFifo
                0x08007f98       0x5c ./Drivers/STM32H7xx_HAL_Driver/Src/stm32h7xx_ll_usb.o
                0x08007f98                USB_FlushRxFifo
 .text.USB_SetDevSpeed
                0x08007ff4       0x32 ./Drivers/STM32H7xx_HAL_Driver/Src/stm32h7xx_ll_usb.o
                0x08007ff4                USB_SetDevSpeed
 .text.USB_GetDevSpeed
                0x08008026       0x4a ./Drivers/STM32H7xx_HAL_Driver/Src/stm32h7xx_ll_usb.o
                0x08008026                USB_GetDevSpeed
 .text.USB_ActivateEndpoint
                0x08008070      0x110 ./Drivers/STM32H7xx_HAL_Driver/Src/stm32h7xx_ll_usb.o
                0x08008070                USB_ActivateEndpoint
 .text.USB_DeactivateEndpoint
                0x08008180      0x1b8 ./Drivers/STM32H7xx_HAL_Driver/Src/stm32h7xx_ll_usb.o
                0x08008180                USB_DeactivateEndpoint
 .text.USB_EPStartXfer
                0x08008338      0x548 ./Drivers/STM32H7xx_HAL_Driver/Src/stm32h7xx_ll_usb.o
                0x08008338                USB_EPStartXfer
 .text.USB_EPStopXfer
                0x08008880      0x154 ./Drivers/STM32H7xx_HAL_Driver/Src/stm32h7xx_ll_usb.o
                0x08008880                USB_EPStopXfer
 .text.USB_WritePacket
                0x080089d4       0x7c ./Drivers/STM32H7xx_HAL_Driver/Src/stm32h7xx_ll_usb.o
                0x080089d4                USB_WritePacket
 .text.USB_ReadPacket
                0x08008a50       0xb0 ./Drivers/STM32H7xx_HAL_Driver/Src/stm32h7xx_ll_usb.o
                0x08008a50                USB_ReadPacket
 .text.USB_EPSetStall
                0x08008b00       0xdc ./Drivers/STM32H7xx_HAL_Driver/Src/stm32h7xx_ll_usb.o
                0x08008b00                USB_EPSetStall
 .text.USB_EPClearStall
                0x08008bdc       0xcc ./Drivers/STM32H7xx_HAL_Driver/Src/stm32h7xx_ll_usb.o
                0x08008bdc                USB_EPClearStall
 .text.USB_SetDevAddress
                0x08008ca8       0x4c ./Drivers/STM32H7xx_HAL_Driver/Src/stm32h7xx_ll_usb.o
                0x08008ca8                USB_SetDevAddress
 .text.USB_DevConnect
                0x08008cf4       0x42 ./Drivers/STM32H7xx_HAL_Driver/Src/stm32h7xx_ll_usb.o
                0x08008cf4                USB_DevConnect
 .text.USB_DevDisconnect
                0x08008d36       0x42 ./Drivers/STM32H7xx_HAL_Driver/Src/stm32h7xx_ll_usb.o
                0x08008d36                USB_DevDisconnect
 .text.USB_ReadInterrupts
                0x08008d78       0x26 ./Drivers/STM32H7xx_HAL_Driver/Src/stm32h7xx_ll_usb.o
                0x08008d78                USB_ReadInterrupts
 .text.USB_ReadDevAllOutEpInterrupt
                0x08008d9e       0x34 ./Drivers/STM32H7xx_HAL_Driver/Src/stm32h7xx_ll_usb.o
                0x08008d9e                USB_ReadDevAllOutEpInterrupt
 .text.USB_ReadDevAllInEpInterrupt
                0x08008dd2       0x34 ./Drivers/STM32H7xx_HAL_Driver/Src/stm32h7xx_ll_usb.o
                0x08008dd2                USB_ReadDevAllInEpInterrupt
 .text.USB_ReadDevOutEPInterrupt
                0x08008e06       0x3c ./Drivers/STM32H7xx_HAL_Driver/Src/stm32h7xx_ll_usb.o
                0x08008e06                USB_ReadDevOutEPInterrupt
 .text.USB_ReadDevInEPInterrupt
                0x08008e42       0x5c ./Drivers/STM32H7xx_HAL_Driver/Src/stm32h7xx_ll_usb.o
                0x08008e42                USB_ReadDevInEPInterrupt
 .text.USB_GetMode
                0x08008e9e       0x1c ./Drivers/STM32H7xx_HAL_Driver/Src/stm32h7xx_ll_usb.o
                0x08008e9e                USB_GetMode
 *fill*         0x08008eba        0x2 
 .text.USB_ActivateSetup
                0x08008ebc       0x48 ./Drivers/STM32H7xx_HAL_Driver/Src/stm32h7xx_ll_usb.o
                0x08008ebc                USB_ActivateSetup
 .text.USB_EP0_OutStart
                0x08008f04       0xbc ./Drivers/STM32H7xx_HAL_Driver/Src/stm32h7xx_ll_usb.o
                0x08008f04                USB_EP0_OutStart
 .text.USB_CoreReset
                0x08008fc0       0x62 ./Drivers/STM32H7xx_HAL_Driver/Src/stm32h7xx_ll_usb.o
 *fill*         0x08009022        0x2 
 .text.USBD_HID_Init
                0x08009024       0xcc ./Middlewares/ST/STM32_USB_Device_Library/Class/HID/Src/usbd_hid.o
 .text.USBD_HID_DeInit
                0x080090f0       0x90 ./Middlewares/ST/STM32_USB_Device_Library/Class/HID/Src/usbd_hid.o
 .text.USBD_HID_Setup
                0x08009180      0x210 ./Middlewares/ST/STM32_USB_Device_Library/Class/HID/Src/usbd_hid.o
 .text.USBD_HID_SendReport
                0x08009390       0x60 ./Middlewares/ST/STM32_USB_Device_Library/Class/HID/Src/usbd_hid.o
                0x08009390                USBD_HID_SendReport
 .text.USBD_HID_GetFSCfgDesc
                0x080093f0       0x34 ./Middlewares/ST/STM32_USB_Device_Library/Class/HID/Src/usbd_hid.o
 .text.USBD_HID_GetHSCfgDesc
                0x08009424       0x34 ./Middlewares/ST/STM32_USB_Device_Library/Class/HID/Src/usbd_hid.o
 .text.USBD_HID_GetOtherSpeedCfgDesc
                0x08009458       0x34 ./Middlewares/ST/STM32_USB_Device_Library/Class/HID/Src/usbd_hid.o
 .text.USBD_HID_DataIn
                0x0800948c       0x2c ./Middlewares/ST/STM32_USB_Device_Library/Class/HID/Src/usbd_hid.o
 .text.USBD_HID_GetDeviceQualifierDesc
                0x080094b8       0x20 ./Middlewares/ST/STM32_USB_Device_Library/Class/HID/Src/usbd_hid.o
 .text.USBD_Init
                0x080094d8       0x60 ./Middlewares/ST/STM32_USB_Device_Library/Core/Src/usbd_core.o
                0x080094d8                USBD_Init
 .text.USBD_RegisterClass
                0x08009538       0x6c ./Middlewares/ST/STM32_USB_Device_Library/Core/Src/usbd_core.o
                0x08009538                USBD_RegisterClass
 .text.USBD_Start
                0x080095a4       0x18 ./Middlewares/ST/STM32_USB_Device_Library/Core/Src/usbd_core.o
                0x080095a4                USBD_Start
 .text.USBD_RunTestMode
                0x080095bc       0x16 ./Middlewares/ST/STM32_USB_Device_Library/Core/Src/usbd_core.o
                0x080095bc                USBD_RunTestMode
 .text.USBD_SetClassConfig
                0x080095d2       0x38 ./Middlewares/ST/STM32_USB_Device_Library/Core/Src/usbd_core.o
                0x080095d2                USBD_SetClassConfig
 .text.USBD_ClrClassConfig
                0x0800960a       0x34 ./Middlewares/ST/STM32_USB_Device_Library/Core/Src/usbd_core.o
                0x0800960a                USBD_ClrClassConfig
 .text.USBD_LL_SetupStage
                0x0800963e       0xaa ./Middlewares/ST/STM32_USB_Device_Library/Core/Src/usbd_core.o
                0x0800963e                USBD_LL_SetupStage
 .text.USBD_LL_DataOutStage
                0x080096e8      0x166 ./Middlewares/ST/STM32_USB_Device_Library/Core/Src/usbd_core.o
                0x080096e8                USBD_LL_DataOutStage
 .text.USBD_LL_DataInStage
                0x0800984e      0x164 ./Middlewares/ST/STM32_USB_Device_Library/Core/Src/usbd_core.o
                0x0800984e                USBD_LL_DataInStage
 .text.USBD_LL_Reset
                0x080099b2       0xa4 ./Middlewares/ST/STM32_USB_Device_Library/Core/Src/usbd_core.o
                0x080099b2                USBD_LL_Reset
 .text.USBD_LL_SetSpeed
                0x08009a56       0x20 ./Middlewares/ST/STM32_USB_Device_Library/Core/Src/usbd_core.o
                0x08009a56                USBD_LL_SetSpeed
 .text.USBD_LL_Suspend
                0x08009a76       0x38 ./Middlewares/ST/STM32_USB_Device_Library/Core/Src/usbd_core.o
                0x08009a76                USBD_LL_Suspend
 .text.USBD_LL_Resume
                0x08009aae       0x30 ./Middlewares/ST/STM32_USB_Device_Library/Core/Src/usbd_core.o
                0x08009aae                USBD_LL_Resume
 .text.USBD_LL_SOF
                0x08009ade       0x40 ./Middlewares/ST/STM32_USB_Device_Library/Core/Src/usbd_core.o
                0x08009ade                USBD_LL_SOF
 .text.USBD_LL_IsoINIncomplete
                0x08009b1e       0x64 ./Middlewares/ST/STM32_USB_Device_Library/Core/Src/usbd_core.o
                0x08009b1e                USBD_LL_IsoINIncomplete
 .text.USBD_LL_IsoOUTIncomplete
                0x08009b82       0x64 ./Middlewares/ST/STM32_USB_Device_Library/Core/Src/usbd_core.o
                0x08009b82                USBD_LL_IsoOUTIncomplete
 .text.USBD_LL_DevConnected
                0x08009be6       0x16 ./Middlewares/ST/STM32_USB_Device_Library/Core/Src/usbd_core.o
                0x08009be6                USBD_LL_DevConnected
 .text.USBD_LL_DevDisconnected
                0x08009bfc       0x46 ./Middlewares/ST/STM32_USB_Device_Library/Core/Src/usbd_core.o
                0x08009bfc                USBD_LL_DevDisconnected
 .text.USBD_CoreFindIF
                0x08009c42       0x1a ./Middlewares/ST/STM32_USB_Device_Library/Core/Src/usbd_core.o
                0x08009c42                USBD_CoreFindIF
 .text.USBD_CoreFindEP
                0x08009c5c       0x1a ./Middlewares/ST/STM32_USB_Device_Library/Core/Src/usbd_core.o
                0x08009c5c                USBD_CoreFindEP
 .text.USBD_GetEpDesc
                0x08009c76       0x70 ./Middlewares/ST/STM32_USB_Device_Library/Core/Src/usbd_core.o
                0x08009c76                USBD_GetEpDesc
 .text.USBD_GetNextDesc
                0x08009ce6       0x38 ./Middlewares/ST/STM32_USB_Device_Library/Core/Src/usbd_core.o
                0x08009ce6                USBD_GetNextDesc
 .text.SWAPBYTE
                0x08009d1e       0x3c ./Middlewares/ST/STM32_USB_Device_Library/Core/Src/usbd_ctlreq.o
 *fill*         0x08009d5a        0x2 
 .text.USBD_StdDevReq
                0x08009d5c       0xe4 ./Middlewares/ST/STM32_USB_Device_Library/Core/Src/usbd_ctlreq.o
                0x08009d5c                USBD_StdDevReq
 .text.USBD_StdItfReq
                0x08009e40       0xd8 ./Middlewares/ST/STM32_USB_Device_Library/Core/Src/usbd_ctlreq.o
                0x08009e40                USBD_StdItfReq
 .text.USBD_StdEPReq
                0x08009f18      0x33a ./Middlewares/ST/STM32_USB_Device_Library/Core/Src/usbd_ctlreq.o
                0x08009f18                USBD_StdEPReq
 *fill*         0x0800a252        0x2 
 .text.USBD_GetDescriptor
                0x0800a254      0x328 ./Middlewares/ST/STM32_USB_Device_Library/Core/Src/usbd_ctlreq.o
 .text.USBD_SetAddress
                0x0800a57c       0x88 ./Middlewares/ST/STM32_USB_Device_Library/Core/Src/usbd_ctlreq.o
 .text.USBD_SetConfig
                0x0800a604      0x154 ./Middlewares/ST/STM32_USB_Device_Library/Core/Src/usbd_ctlreq.o
 .text.USBD_GetConfig
                0x0800a758       0x6c ./Middlewares/ST/STM32_USB_Device_Library/Core/Src/usbd_ctlreq.o
 .text.USBD_GetStatus
                0x0800a7c4       0x68 ./Middlewares/ST/STM32_USB_Device_Library/Core/Src/usbd_ctlreq.o
 .text.USBD_SetFeature
                0x0800a82c       0x52 ./Middlewares/ST/STM32_USB_Device_Library/Core/Src/usbd_ctlreq.o
 .text.USBD_ClrFeature
                0x0800a87e       0x44 ./Middlewares/ST/STM32_USB_Device_Library/Core/Src/usbd_ctlreq.o
 .text.USBD_ParseSetupRequest
                0x0800a8c2       0x74 ./Middlewares/ST/STM32_USB_Device_Library/Core/Src/usbd_ctlreq.o
                0x0800a8c2                USBD_ParseSetupRequest
 .text.USBD_CtlError
                0x0800a936       0x22 ./Middlewares/ST/STM32_USB_Device_Library/Core/Src/usbd_ctlreq.o
                0x0800a936                USBD_CtlError
 .text.USBD_GetString
                0x0800a958       0xa4 ./Middlewares/ST/STM32_USB_Device_Library/Core/Src/usbd_ctlreq.o
                0x0800a958                USBD_GetString
 .text.USBD_GetLen
                0x0800a9fc       0x34 ./Middlewares/ST/STM32_USB_Device_Library/Core/Src/usbd_ctlreq.o
 .text.USBD_CtlSendData
                0x0800aa30       0x36 ./Middlewares/ST/STM32_USB_Device_Library/Core/Src/usbd_ioreq.o
                0x0800aa30                USBD_CtlSendData
 .text.USBD_CtlContinueSendData
                0x0800aa66       0x22 ./Middlewares/ST/STM32_USB_Device_Library/Core/Src/usbd_ioreq.o
                0x0800aa66                USBD_CtlContinueSendData
 .text.USBD_CtlContinueRx
                0x0800aa88       0x22 ./Middlewares/ST/STM32_USB_Device_Library/Core/Src/usbd_ioreq.o
                0x0800aa88                USBD_CtlContinueRx
 .text.USBD_CtlSendStatus
                0x0800aaaa       0x26 ./Middlewares/ST/STM32_USB_Device_Library/Core/Src/usbd_ioreq.o
                0x0800aaaa                USBD_CtlSendStatus
 .text.USBD_CtlReceiveStatus
                0x0800aad0       0x26 ./Middlewares/ST/STM32_USB_Device_Library/Core/Src/usbd_ioreq.o
                0x0800aad0                USBD_CtlReceiveStatus
 *fill*         0x0800aaf6        0x2 
 .text.MX_USB_DEVICE_Init
                0x0800aaf8       0x8c ./USB_DEVICE/App/usb_device.o
                0x0800aaf8                MX_USB_DEVICE_Init
 .text.USBD_HS_DeviceDescriptor
                0x0800ab84       0x24 ./USB_DEVICE/App/usbd_desc.o
                0x0800ab84                USBD_HS_DeviceDescriptor
 .text.USBD_HS_LangIDStrDescriptor
                0x0800aba8       0x24 ./USB_DEVICE/App/usbd_desc.o
                0x0800aba8                USBD_HS_LangIDStrDescriptor
 .text.USBD_HS_ProductStrDescriptor
                0x0800abcc       0x3c ./USB_DEVICE/App/usbd_desc.o
                0x0800abcc                USBD_HS_ProductStrDescriptor
 .text.USBD_HS_ManufacturerStrDescriptor
                0x0800ac08       0x28 ./USB_DEVICE/App/usbd_desc.o
                0x0800ac08                USBD_HS_ManufacturerStrDescriptor
 .text.USBD_HS_SerialStrDescriptor
                0x0800ac30       0x24 ./USB_DEVICE/App/usbd_desc.o
                0x0800ac30                USBD_HS_SerialStrDescriptor
 .text.USBD_HS_ConfigStrDescriptor
                0x0800ac54       0x3c ./USB_DEVICE/App/usbd_desc.o
                0x0800ac54                USBD_HS_ConfigStrDescriptor
 .text.USBD_HS_InterfaceStrDescriptor
                0x0800ac90       0x3c ./USB_DEVICE/App/usbd_desc.o
                0x0800ac90                USBD_HS_InterfaceStrDescriptor
 .text.USBD_FS_DeviceDescriptor
                0x0800accc       0x24 ./USB_DEVICE/App/usbd_desc.o
                0x0800accc                USBD_FS_DeviceDescriptor
 .text.USBD_FS_LangIDStrDescriptor
                0x0800acf0       0x24 ./USB_DEVICE/App/usbd_desc.o
                0x0800acf0                USBD_FS_LangIDStrDescriptor
 .text.USBD_FS_ProductStrDescriptor
                0x0800ad14       0x3c ./USB_DEVICE/App/usbd_desc.o
                0x0800ad14                USBD_FS_ProductStrDescriptor
 .text.USBD_FS_ManufacturerStrDescriptor
                0x0800ad50       0x28 ./USB_DEVICE/App/usbd_desc.o
                0x0800ad50                USBD_FS_ManufacturerStrDescriptor
 .text.USBD_FS_SerialStrDescriptor
                0x0800ad78       0x24 ./USB_DEVICE/App/usbd_desc.o
                0x0800ad78                USBD_FS_SerialStrDescriptor
 .text.USBD_FS_ConfigStrDescriptor
                0x0800ad9c       0x3c ./USB_DEVICE/App/usbd_desc.o
                0x0800ad9c                USBD_FS_ConfigStrDescriptor
 .text.USBD_FS_InterfaceStrDescriptor
                0x0800add8       0x3c ./USB_DEVICE/App/usbd_desc.o
                0x0800add8                USBD_FS_InterfaceStrDescriptor
 .text.Get_SerialNum
                0x0800ae14       0x58 ./USB_DEVICE/App/usbd_desc.o
 .text.IntToUnicode
                0x0800ae6c       0x7e ./USB_DEVICE/App/usbd_desc.o
 *fill*         0x0800aeea        0x2 
 .text.HAL_PCD_MspInit
                0x0800aeec      0x1d0 ./USB_DEVICE/Target/usbd_conf.o
                0x0800aeec                HAL_PCD_MspInit
 .text.HAL_PCD_SetupStageCallback
                0x0800b0bc       0x24 ./USB_DEVICE/Target/usbd_conf.o
                0x0800b0bc                HAL_PCD_SetupStageCallback
 .text.HAL_PCD_DataOutStageCallback
                0x0800b0e0       0x36 ./USB_DEVICE/Target/usbd_conf.o
                0x0800b0e0                HAL_PCD_DataOutStageCallback
 .text.HAL_PCD_DataInStageCallback
                0x0800b116       0x34 ./USB_DEVICE/Target/usbd_conf.o
                0x0800b116                HAL_PCD_DataInStageCallback
 .text.HAL_PCD_SOFCallback
                0x0800b14a       0x1c ./USB_DEVICE/Target/usbd_conf.o
                0x0800b14a                HAL_PCD_SOFCallback
 .text.HAL_PCD_ResetCallback
                0x0800b166       0x50 ./USB_DEVICE/Target/usbd_conf.o
                0x0800b166                HAL_PCD_ResetCallback
 *fill*         0x0800b1b6        0x2 
 .text.HAL_PCD_SuspendCallback
                0x0800b1b8       0x4c ./USB_DEVICE/Target/usbd_conf.o
                0x0800b1b8                HAL_PCD_SuspendCallback
 .text.HAL_PCD_ResumeCallback
                0x0800b204       0x1c ./USB_DEVICE/Target/usbd_conf.o
                0x0800b204                HAL_PCD_ResumeCallback
 .text.HAL_PCD_ISOOUTIncompleteCallback
                0x0800b220       0x24 ./USB_DEVICE/Target/usbd_conf.o
                0x0800b220                HAL_PCD_ISOOUTIncompleteCallback
 .text.HAL_PCD_ISOINIncompleteCallback
                0x0800b244       0x24 ./USB_DEVICE/Target/usbd_conf.o
                0x0800b244                HAL_PCD_ISOINIncompleteCallback
 .text.HAL_PCD_ConnectCallback
                0x0800b268       0x1c ./USB_DEVICE/Target/usbd_conf.o
                0x0800b268                HAL_PCD_ConnectCallback
 .text.HAL_PCD_DisconnectCallback
                0x0800b284       0x1c ./USB_DEVICE/Target/usbd_conf.o
                0x0800b284                HAL_PCD_DisconnectCallback
 .text.USBD_LL_Init
                0x0800b2a0      0x134 ./USB_DEVICE/Target/usbd_conf.o
                0x0800b2a0                USBD_LL_Init
 .text.USBD_LL_Start
                0x0800b3d4       0x36 ./USB_DEVICE/Target/usbd_conf.o
                0x0800b3d4                USBD_LL_Start
 .text.USBD_LL_OpenEP
                0x0800b40a       0x4c ./USB_DEVICE/Target/usbd_conf.o
                0x0800b40a                USBD_LL_OpenEP
 .text.USBD_LL_CloseEP
                0x0800b456       0x3e ./USB_DEVICE/Target/usbd_conf.o
                0x0800b456                USBD_LL_CloseEP
 .text.USBD_LL_StallEP
                0x0800b494       0x3e ./USB_DEVICE/Target/usbd_conf.o
                0x0800b494                USBD_LL_StallEP
 .text.USBD_LL_ClearStallEP
                0x0800b4d2       0x3e ./USB_DEVICE/Target/usbd_conf.o
                0x0800b4d2                USBD_LL_ClearStallEP
 .text.USBD_LL_IsStallEP
                0x0800b510       0x58 ./USB_DEVICE/Target/usbd_conf.o
                0x0800b510                USBD_LL_IsStallEP
 .text.USBD_LL_SetUSBAddress
                0x0800b568       0x3e ./USB_DEVICE/Target/usbd_conf.o
                0x0800b568                USBD_LL_SetUSBAddress
 .text.USBD_LL_Transmit
                0x0800b5a6       0x42 ./USB_DEVICE/Target/usbd_conf.o
                0x0800b5a6                USBD_LL_Transmit
 .text.USBD_LL_PrepareReceive
                0x0800b5e8       0x42 ./USB_DEVICE/Target/usbd_conf.o
                0x0800b5e8                USBD_LL_PrepareReceive
 *fill*         0x0800b62a        0x2 
 .text.USBD_static_malloc
                0x0800b62c       0x1c ./USB_DEVICE/Target/usbd_conf.o
                0x0800b62c                USBD_static_malloc
 .text.USBD_static_free
                0x0800b648       0x14 ./USB_DEVICE/Target/usbd_conf.o
                0x0800b648                USBD_static_free
 .text.USBD_Get_USB_Status
                0x0800b65c       0x58 ./USB_DEVICE/Target/usbd_conf.o
                0x0800b65c                USBD_Get_USB_Status
 .text.sprintf  0x0800b6b4       0x40 C:/ST/STM32CubeIDE_1.17.0/STM32CubeIDE/plugins/com.st.stm32cube.ide.mcu.externaltools.gnu-tools-for-stm32.12.3.rel1.win32_1.1.0.202410251130/tools/bin/../lib/gcc/arm-none-eabi/12.3.1/../../../../arm-none-eabi/lib/thumb/v7e-m+dp/hard\libc_nano.a(libc_a-sprintf.o)
                0x0800b6b4                siprintf
                0x0800b6b4                sprintf
 .text.memset   0x0800b6f4       0x10 C:/ST/STM32CubeIDE_1.17.0/STM32CubeIDE/plugins/com.st.stm32cube.ide.mcu.externaltools.gnu-tools-for-stm32.12.3.rel1.win32_1.1.0.202410251130/tools/bin/../lib/gcc/arm-none-eabi/12.3.1/../../../../arm-none-eabi/lib/thumb/v7e-m+dp/hard\libc_nano.a(libc_a-memset.o)
                0x0800b6f4                memset
 .text.__errno  0x0800b704        0xc C:/ST/STM32CubeIDE_1.17.0/STM32CubeIDE/plugins/com.st.stm32cube.ide.mcu.externaltools.gnu-tools-for-stm32.12.3.rel1.win32_1.1.0.202410251130/tools/bin/../lib/gcc/arm-none-eabi/12.3.1/../../../../arm-none-eabi/lib/thumb/v7e-m+dp/hard\libc_nano.a(libc_a-errno.o)
                0x0800b704                __errno
 .text.__libc_init_array
                0x0800b710       0x48 C:/ST/STM32CubeIDE_1.17.0/STM32CubeIDE/plugins/com.st.stm32cube.ide.mcu.externaltools.gnu-tools-for-stm32.12.3.rel1.win32_1.1.0.202410251130/tools/bin/../lib/gcc/arm-none-eabi/12.3.1/../../../../arm-none-eabi/lib/thumb/v7e-m+dp/hard\libc_nano.a(libc_a-init.o)
                0x0800b710                __libc_init_array
 .text.__retarget_lock_acquire_recursive
                0x0800b758        0x2 C:/ST/STM32CubeIDE_1.17.0/STM32CubeIDE/plugins/com.st.stm32cube.ide.mcu.externaltools.gnu-tools-for-stm32.12.3.rel1.win32_1.1.0.202410251130/tools/bin/../lib/gcc/arm-none-eabi/12.3.1/../../../../arm-none-eabi/lib/thumb/v7e-m+dp/hard\libc_nano.a(libc_a-lock.o)
                0x0800b758                __retarget_lock_acquire_recursive
 .text.__retarget_lock_release_recursive
                0x0800b75a        0x2 C:/ST/STM32CubeIDE_1.17.0/STM32CubeIDE/plugins/com.st.stm32cube.ide.mcu.externaltools.gnu-tools-for-stm32.12.3.rel1.win32_1.1.0.202410251130/tools/bin/../lib/gcc/arm-none-eabi/12.3.1/../../../../arm-none-eabi/lib/thumb/v7e-m+dp/hard\libc_nano.a(libc_a-lock.o)
                0x0800b75a                __retarget_lock_release_recursive
 .text._free_r  0x0800b75c       0x94 C:/ST/STM32CubeIDE_1.17.0/STM32CubeIDE/plugins/com.st.stm32cube.ide.mcu.externaltools.gnu-tools-for-stm32.12.3.rel1.win32_1.1.0.202410251130/tools/bin/../lib/gcc/arm-none-eabi/12.3.1/../../../../arm-none-eabi/lib/thumb/v7e-m+dp/hard\libc_nano.a(libc_a-freer.o)
                0x0800b75c                _free_r
 .text.sbrk_aligned
                0x0800b7f0       0x44 C:/ST/STM32CubeIDE_1.17.0/STM32CubeIDE/plugins/com.st.stm32cube.ide.mcu.externaltools.gnu-tools-for-stm32.12.3.rel1.win32_1.1.0.202410251130/tools/bin/../lib/gcc/arm-none-eabi/12.3.1/../../../../arm-none-eabi/lib/thumb/v7e-m+dp/hard\libc_nano.a(libc_a-mallocr.o)
 .text._malloc_r
                0x0800b834      0x100 C:/ST/STM32CubeIDE_1.17.0/STM32CubeIDE/plugins/com.st.stm32cube.ide.mcu.externaltools.gnu-tools-for-stm32.12.3.rel1.win32_1.1.0.202410251130/tools/bin/../lib/gcc/arm-none-eabi/12.3.1/../../../../arm-none-eabi/lib/thumb/v7e-m+dp/hard\libc_nano.a(libc_a-mallocr.o)
                0x0800b834                _malloc_r
 .text.__malloc_lock
                0x0800b934        0xc C:/ST/STM32CubeIDE_1.17.0/STM32CubeIDE/plugins/com.st.stm32cube.ide.mcu.externaltools.gnu-tools-for-stm32.12.3.rel1.win32_1.1.0.202410251130/tools/bin/../lib/gcc/arm-none-eabi/12.3.1/../../../../arm-none-eabi/lib/thumb/v7e-m+dp/hard\libc_nano.a(libc_a-mlock.o)
                0x0800b934                __malloc_lock
 .text.__malloc_unlock
                0x0800b940        0xc C:/ST/STM32CubeIDE_1.17.0/STM32CubeIDE/plugins/com.st.stm32cube.ide.mcu.externaltools.gnu-tools-for-stm32.12.3.rel1.win32_1.1.0.202410251130/tools/bin/../lib/gcc/arm-none-eabi/12.3.1/../../../../arm-none-eabi/lib/thumb/v7e-m+dp/hard\libc_nano.a(libc_a-mlock.o)
                0x0800b940                __malloc_unlock
 .text.__ssputs_r
                0x0800b94c       0xb6 C:/ST/STM32CubeIDE_1.17.0/STM32CubeIDE/plugins/com.st.stm32cube.ide.mcu.externaltools.gnu-tools-for-stm32.12.3.rel1.win32_1.1.0.202410251130/tools/bin/../lib/gcc/arm-none-eabi/12.3.1/../../../../arm-none-eabi/lib/thumb/v7e-m+dp/hard\libc_nano.a(libc_a-nano-svfprintf.o)
                0x0800b94c                __ssputs_r
 *fill*         0x0800ba02        0x2 
 .text._svfprintf_r
                0x0800ba04      0x1f8 C:/ST/STM32CubeIDE_1.17.0/STM32CubeIDE/plugins/com.st.stm32cube.ide.mcu.externaltools.gnu-tools-for-stm32.12.3.rel1.win32_1.1.0.202410251130/tools/bin/../lib/gcc/arm-none-eabi/12.3.1/../../../../arm-none-eabi/lib/thumb/v7e-m+dp/hard\libc_nano.a(libc_a-nano-svfprintf.o)
                0x0800ba04                _svfiprintf_r
                0x0800ba04                _svfprintf_r
 .text._printf_common
                0x0800bbfc       0xda C:/ST/STM32CubeIDE_1.17.0/STM32CubeIDE/plugins/com.st.stm32cube.ide.mcu.externaltools.gnu-tools-for-stm32.12.3.rel1.win32_1.1.0.202410251130/tools/bin/../lib/gcc/arm-none-eabi/12.3.1/../../../../arm-none-eabi/lib/thumb/v7e-m+dp/hard\libc_nano.a(libc_a-nano-vfprintf_i.o)
                0x0800bbfc                _printf_common
 *fill*         0x0800bcd6        0x2 
 .text._printf_i
                0x0800bcd8      0x240 C:/ST/STM32CubeIDE_1.17.0/STM32CubeIDE/plugins/com.st.stm32cube.ide.mcu.externaltools.gnu-tools-for-stm32.12.3.rel1.win32_1.1.0.202410251130/tools/bin/../lib/gcc/arm-none-eabi/12.3.1/../../../../arm-none-eabi/lib/thumb/v7e-m+dp/hard\libc_nano.a(libc_a-nano-vfprintf_i.o)
                0x0800bcd8                _printf_i
 .text.memmove  0x0800bf18       0x34 C:/ST/STM32CubeIDE_1.17.0/STM32CubeIDE/plugins/com.st.stm32cube.ide.mcu.externaltools.gnu-tools-for-stm32.12.3.rel1.win32_1.1.0.202410251130/tools/bin/../lib/gcc/arm-none-eabi/12.3.1/../../../../arm-none-eabi/lib/thumb/v7e-m+dp/hard\libc_nano.a(libc_a-memmove.o)
                0x0800bf18                memmove
 .text._sbrk_r  0x0800bf4c       0x20 C:/ST/STM32CubeIDE_1.17.0/STM32CubeIDE/plugins/com.st.stm32cube.ide.mcu.externaltools.gnu-tools-for-stm32.12.3.rel1.win32_1.1.0.202410251130/tools/bin/../lib/gcc/arm-none-eabi/12.3.1/../../../../arm-none-eabi/lib/thumb/v7e-m+dp/hard\libc_nano.a(libc_a-sbrkr.o)
                0x0800bf4c                _sbrk_r
 .text.memcpy   0x0800bf6c       0x1c C:/ST/STM32CubeIDE_1.17.0/STM32CubeIDE/plugins/com.st.stm32cube.ide.mcu.externaltools.gnu-tools-for-stm32.12.3.rel1.win32_1.1.0.202410251130/tools/bin/../lib/gcc/arm-none-eabi/12.3.1/../../../../arm-none-eabi/lib/thumb/v7e-m+dp/hard\libc_nano.a(libc_a-memcpy-stub.o)
                0x0800bf6c                memcpy
 .text._realloc_r
                0x0800bf88       0x5c C:/ST/STM32CubeIDE_1.17.0/STM32CubeIDE/plugins/com.st.stm32cube.ide.mcu.externaltools.gnu-tools-for-stm32.12.3.rel1.win32_1.1.0.202410251130/tools/bin/../lib/gcc/arm-none-eabi/12.3.1/../../../../arm-none-eabi/lib/thumb/v7e-m+dp/hard\libc_nano.a(libc_a-reallocr.o)
                0x0800bf88                _realloc_r
 .text._malloc_usable_size_r
                0x0800bfe4       0x10 C:/ST/STM32CubeIDE_1.17.0/STM32CubeIDE/plugins/com.st.stm32cube.ide.mcu.externaltools.gnu-tools-for-stm32.12.3.rel1.win32_1.1.0.202410251130/tools/bin/../lib/gcc/arm-none-eabi/12.3.1/../../../../arm-none-eabi/lib/thumb/v7e-m+dp/hard\libc_nano.a(libc_a-msizer.o)
                0x0800bfe4                _malloc_usable_size_r
 *(.glue_7)
 .glue_7        0x0800bff4        0x0 linker stubs
 *(.glue_7t)
 .glue_7t       0x0800bff4        0x0 linker stubs
 *(.eh_frame)
 .eh_frame      0x0800bff4        0x0 C:/ST/STM32CubeIDE_1.17.0/STM32CubeIDE/plugins/com.st.stm32cube.ide.mcu.externaltools.gnu-tools-for-stm32.12.3.rel1.win32_1.1.0.202410251130/tools/bin/../lib/gcc/arm-none-eabi/12.3.1/thumb/v7e-m+dp/hard/crtbegin.o
 *(.init)
 .init          0x0800bff4        0x4 C:/ST/STM32CubeIDE_1.17.0/STM32CubeIDE/plugins/com.st.stm32cube.ide.mcu.externaltools.gnu-tools-for-stm32.12.3.rel1.win32_1.1.0.202410251130/tools/bin/../lib/gcc/arm-none-eabi/12.3.1/thumb/v7e-m+dp/hard/crti.o
                0x0800bff4                _init
 .init          0x0800bff8        0x8 C:/ST/STM32CubeIDE_1.17.0/STM32CubeIDE/plugins/com.st.stm32cube.ide.mcu.externaltools.gnu-tools-for-stm32.12.3.rel1.win32_1.1.0.202410251130/tools/bin/../lib/gcc/arm-none-eabi/12.3.1/thumb/v7e-m+dp/hard/crtn.o
 *(.fini)
 .fini          0x0800c000        0x4 C:/ST/STM32CubeIDE_1.17.0/STM32CubeIDE/plugins/com.st.stm32cube.ide.mcu.externaltools.gnu-tools-for-stm32.12.3.rel1.win32_1.1.0.202410251130/tools/bin/../lib/gcc/arm-none-eabi/12.3.1/thumb/v7e-m+dp/hard/crti.o
                0x0800c000                _fini
 .fini          0x0800c004        0x8 C:/ST/STM32CubeIDE_1.17.0/STM32CubeIDE/plugins/com.st.stm32cube.ide.mcu.externaltools.gnu-tools-for-stm32.12.3.rel1.win32_1.1.0.202410251130/tools/bin/../lib/gcc/arm-none-eabi/12.3.1/thumb/v7e-m+dp/hard/crtn.o
                0x0800c00c                        . = ALIGN (0x4)
                0x0800c00c                        _etext = .

.vfp11_veneer   0x0800c00c        0x0
 .vfp11_veneer  0x0800c00c        0x0 linker stubs

.v4_bx          0x0800c00c        0x0
 .v4_bx         0x0800c00c        0x0 linker stubs

.iplt           0x0800c00c        0x0
 .iplt          0x0800c00c        0x0 C:/ST/STM32CubeIDE_1.17.0/STM32CubeIDE/plugins/com.st.stm32cube.ide.mcu.externaltools.gnu-tools-for-stm32.12.3.rel1.win32_1.1.0.202410251130/tools/bin/../lib/gcc/arm-none-eabi/12.3.1/thumb/v7e-m+dp/hard/crtbegin.o

.rodata         0x0800c00c      0x1bc
                0x0800c00c                        . = ALIGN (0x4)
 *(.rodata)
 .rodata        0x0800c00c      0x106 ./Core/Src/main.o
 *fill*         0x0800c112        0x2 
 .rodata        0x0800c114       0x46 ./USB_DEVICE/App/usbd_desc.o
 *(.rodata*)
 *fill*         0x0800c15a        0x2 
 .rodata.D1CorePrescTable
                0x0800c15c       0x10 ./Core/Src/system_stm32h7xx.o
                0x0800c15c                D1CorePrescTable
 .rodata.UARTPrescTable
                0x0800c16c       0x18 ./Drivers/STM32H7xx_HAL_Driver/Src/stm32h7xx_hal_uart.o
                0x0800c16c                UARTPrescTable
 .rodata.numerator.1
                0x0800c184        0x8 ./Drivers/STM32H7xx_HAL_Driver/Src/stm32h7xx_hal_uart_ex.o
 .rodata.denominator.0
                0x0800c18c        0x8 ./Drivers/STM32H7xx_HAL_Driver/Src/stm32h7xx_hal_uart_ex.o
 .rodata._svfprintf_r.str1.1
                0x0800c194       0x11 C:/ST/STM32CubeIDE_1.17.0/STM32CubeIDE/plugins/com.st.stm32cube.ide.mcu.externaltools.gnu-tools-for-stm32.12.3.rel1.win32_1.1.0.202410251130/tools/bin/../lib/gcc/arm-none-eabi/12.3.1/../../../../arm-none-eabi/lib/thumb/v7e-m+dp/hard\libc_nano.a(libc_a-nano-svfprintf.o)
 .rodata._printf_i.str1.1
                0x0800c1a5       0x22 C:/ST/STM32CubeIDE_1.17.0/STM32CubeIDE/plugins/com.st.stm32cube.ide.mcu.externaltools.gnu-tools-for-stm32.12.3.rel1.win32_1.1.0.202410251130/tools/bin/../lib/gcc/arm-none-eabi/12.3.1/../../../../arm-none-eabi/lib/thumb/v7e-m+dp/hard\libc_nano.a(libc_a-nano-vfprintf_i.o)
                0x0800c1c8                        . = ALIGN (0x4)
 *fill*         0x0800c1c7        0x1 

.ARM.extab
 *(.ARM.extab* .gnu.linkonce.armextab.*)

.ARM            0x0800c1c8        0x8
                0x0800c1c8                        __exidx_start = .
 *(.ARM.exidx*)
 .ARM.exidx     0x0800c1c8        0x8 C:/ST/STM32CubeIDE_1.17.0/STM32CubeIDE/plugins/com.st.stm32cube.ide.mcu.externaltools.gnu-tools-for-stm32.12.3.rel1.win32_1.1.0.202410251130/tools/bin/../lib/gcc/arm-none-eabi/12.3.1/../../../../arm-none-eabi/lib/thumb/v7e-m+dp/hard\libc_nano.a(libc_a-strlen.o)
 .ARM.exidx     0x0800c1d0        0x0 C:/ST/STM32CubeIDE_1.17.0/STM32CubeIDE/plugins/com.st.stm32cube.ide.mcu.externaltools.gnu-tools-for-stm32.12.3.rel1.win32_1.1.0.202410251130/tools/bin/../lib/gcc/arm-none-eabi/12.3.1/../../../../arm-none-eabi/lib/thumb/v7e-m+dp/hard\libc_nano.a(libc_a-memchr.o)
                                  0x8 (size before relaxing)
 .ARM.exidx     0x0800c1d0        0x0 C:/ST/STM32CubeIDE_1.17.0/STM32CubeIDE/plugins/com.st.stm32cube.ide.mcu.externaltools.gnu-tools-for-stm32.12.3.rel1.win32_1.1.0.202410251130/tools/bin/../lib/gcc/arm-none-eabi/12.3.1/thumb/v7e-m+dp/hard\libgcc.a(_udivmoddi4.o)
                                  0x8 (size before relaxing)
                0x0800c1d0                        __exidx_end = .

.preinit_array  0x0800c1d0        0x0
                0x0800c1d0                        PROVIDE (__preinit_array_start = .)
 *(.preinit_array*)
                0x0800c1d0                        PROVIDE (__preinit_array_end = .)

.init_array     0x0800c1d0        0x4
                0x0800c1d0                        PROVIDE (__init_array_start = .)
 *(SORT_BY_NAME(.init_array.*))
 *(.init_array*)
 .init_array    0x0800c1d0        0x4 C:/ST/STM32CubeIDE_1.17.0/STM32CubeIDE/plugins/com.st.stm32cube.ide.mcu.externaltools.gnu-tools-for-stm32.12.3.rel1.win32_1.1.0.202410251130/tools/bin/../lib/gcc/arm-none-eabi/12.3.1/thumb/v7e-m+dp/hard/crtbegin.o
                0x0800c1d4                        PROVIDE (__init_array_end = .)

.fini_array     0x0800c1d4        0x4
                [!provide]                        PROVIDE (__fini_array_start = .)
 *(SORT_BY_NAME(.fini_array.*))
 *(.fini_array*)
 .fini_array    0x0800c1d4        0x4 C:/ST/STM32CubeIDE_1.17.0/STM32CubeIDE/plugins/com.st.stm32cube.ide.mcu.externaltools.gnu-tools-for-stm32.12.3.rel1.win32_1.1.0.202410251130/tools/bin/../lib/gcc/arm-none-eabi/12.3.1/thumb/v7e-m+dp/hard/crtbegin.o
                [!provide]                        PROVIDE (__fini_array_end = .)
                0x0800c1d8                        _sidata = LOADADDR (.data)

.rel.dyn        0x0800c1d8        0x0
 .rel.iplt      0x0800c1d8        0x0 C:/ST/STM32CubeIDE_1.17.0/STM32CubeIDE/plugins/com.st.stm32cube.ide.mcu.externaltools.gnu-tools-for-stm32.12.3.rel1.win32_1.1.0.202410251130/tools/bin/../lib/gcc/arm-none-eabi/12.3.1/thumb/v7e-m+dp/hard/crtbegin.o

.data           0x24000000      0x3fc load address 0x0800c1d8
                0x24000000                        . = ALIGN (0x4)
                0x24000000                        _sdata = .
 *(.data)
 *(.data*)
 .data.Keycode  0x24000000      0x240 ./Core/Src/main.o
                0x24000000                Keycode
 .data.Modifier_Bit
                0x24000240       0x20 ./Core/Src/main.o
                0x24000240                Modifier_Bit
 .data.SystemCoreClock
                0x24000260        0x4 ./Core/Src/system_stm32h7xx.o
                0x24000260                SystemCoreClock
 .data.SystemD2Clock
                0x24000264        0x4 ./Core/Src/system_stm32h7xx.o
                0x24000264                SystemD2Clock
 .data.uwTickPrio
                0x24000268        0x4 ./Drivers/STM32H7xx_HAL_Driver/Src/stm32h7xx_hal.o
                0x24000268                uwTickPrio
 .data.uwTickFreq
                0x2400026c        0x1 ./Drivers/STM32H7xx_HAL_Driver/Src/stm32h7xx_hal.o
                0x2400026c                uwTickFreq
 *fill*         0x2400026d        0x3 
 .data.USBD_HID
                0x24000270       0x38 ./Middlewares/ST/STM32_USB_Device_Library/Class/HID/Src/usbd_hid.o
                0x24000270                USBD_HID
 .data.USBD_HID_CfgDesc
                0x240002a8       0x22 ./Middlewares/ST/STM32_USB_Device_Library/Class/HID/Src/usbd_hid.o
 *fill*         0x240002ca        0x2 
 .data.USBD_HID_Desc
                0x240002cc        0x9 ./Middlewares/ST/STM32_USB_Device_Library/Class/HID/Src/usbd_hid.o
 *fill*         0x240002d5        0x3 
 .data.USBD_HID_DeviceQualifierDesc
                0x240002d8        0xa ./Middlewares/ST/STM32_USB_Device_Library/Class/HID/Src/usbd_hid.o
 *fill*         0x240002e2        0x2 
 .data.HID_MOUSE_ReportDesc
                0x240002e4       0x3f ./Middlewares/ST/STM32_USB_Device_Library/Class/HID/Src/usbd_hid.o
 .data.HIDInEpAdd
                0x24000323        0x1 ./Middlewares/ST/STM32_USB_Device_Library/Class/HID/Src/usbd_hid.o
 .data.FS_Desc  0x24000324       0x20 ./USB_DEVICE/App/usbd_desc.o
                0x24000324                FS_Desc
 .data.USBD_FS_DeviceDesc
                0x24000344       0x12 ./USB_DEVICE/App/usbd_desc.o
                0x24000344                USBD_FS_DeviceDesc
 *fill*         0x24000356        0x2 
 .data.HS_Desc  0x24000358       0x20 ./USB_DEVICE/App/usbd_desc.o
                0x24000358                HS_Desc
 .data.USBD_HS_DeviceDesc
                0x24000378       0x12 ./USB_DEVICE/App/usbd_desc.o
                0x24000378                USBD_HS_DeviceDesc
 *fill*         0x2400038a        0x2 
 .data.USBD_LangIDDesc
                0x2400038c        0x4 ./USB_DEVICE/App/usbd_desc.o
                0x2400038c                USBD_LangIDDesc
 .data.USBD_StringSerial
                0x24000390       0x1a ./USB_DEVICE/App/usbd_desc.o
                0x24000390                USBD_StringSerial
 *fill*         0x240003aa        0x2 
 .data._impure_ptr
                0x240003ac        0x4 C:/ST/STM32CubeIDE_1.17.0/STM32CubeIDE/plugins/com.st.stm32cube.ide.mcu.externaltools.gnu-tools-for-stm32.12.3.rel1.win32_1.1.0.202410251130/tools/bin/../lib/gcc/arm-none-eabi/12.3.1/../../../../arm-none-eabi/lib/thumb/v7e-m+dp/hard\libc_nano.a(libc_a-impure.o)
                0x240003ac                _impure_ptr
 .data._impure_data
                0x240003b0       0x4c C:/ST/STM32CubeIDE_1.17.0/STM32CubeIDE/plugins/com.st.stm32cube.ide.mcu.externaltools.gnu-tools-for-stm32.12.3.rel1.win32_1.1.0.202410251130/tools/bin/../lib/gcc/arm-none-eabi/12.3.1/../../../../arm-none-eabi/lib/thumb/v7e-m+dp/hard\libc_nano.a(libc_a-impure.o)
                0x240003b0                _impure_data
 *(.RamFunc)
 *(.RamFunc*)
                0x240003fc                        . = ALIGN (0x4)
                0x240003fc                        _edata = .

.igot.plt       0x240003fc        0x0 load address 0x0800c5d4
 .igot.plt      0x240003fc        0x0 C:/ST/STM32CubeIDE_1.17.0/STM32CubeIDE/plugins/com.st.stm32cube.ide.mcu.externaltools.gnu-tools-for-stm32.12.3.rel1.win32_1.1.0.202410251130/tools/bin/../lib/gcc/arm-none-eabi/12.3.1/thumb/v7e-m+dp/hard/crtbegin.o
                0x240003fc                        . = ALIGN (0x4)

.bss            0x240003fc     0x1820 load address 0x0800c5d4
                0x240003fc                        _sbss = .
                0x240003fc                        __bss_start__ = _sbss
 *(.bss)
 .bss           0x240003fc       0x1c C:/ST/STM32CubeIDE_1.17.0/STM32CubeIDE/plugins/com.st.stm32cube.ide.mcu.externaltools.gnu-tools-for-stm32.12.3.rel1.win32_1.1.0.202410251130/tools/bin/../lib/gcc/arm-none-eabi/12.3.1/thumb/v7e-m+dp/hard/crtbegin.o
 *(.bss*)
 .bss.keyboardReport
                0x24000418        0x8 ./Core/Src/main.o
                0x24000418                keyboardReport
 .bss.huart4    0x24000420       0x94 ./Core/Src/main.o
                0x24000420                huart4
 .bss.Scanrate  0x240004b4        0x4 ./Core/Src/main.o
                0x240004b4                Scanrate
 .bss.LastTimer
                0x240004b8        0x4 ./Core/Src/main.o
                0x240004b8                LastTimer
 .bss.Modifier_Sum
                0x240004bc        0x1 ./Core/Src/main.o
                0x240004bc                Modifier_Sum
 *fill*         0x240004bd        0x3 
 .bss.LayerState
                0x240004c0        0x4 ./Core/Src/main.o
                0x240004c0                LayerState
 .bss.WhichLayer
                0x240004c4      0x240 ./Core/Src/main.o
                0x240004c4                WhichLayer
 .bss.TempKeycode
                0x24000704        0x4 ./Core/Src/main.o
                0x24000704                TempKeycode
 .bss.KeyTimer  0x24000708        0x4 ./Core/Src/main.o
                0x24000708                KeyTimer
 .bss.DebounceTimer
                0x2400070c      0x200 ./Core/Src/main.o
                0x2400070c                DebounceTimer
 .bss.CurrentTime
                0x2400090c        0x4 ./Core/Src/main.o
                0x2400090c                CurrentTime
 .bss.Last_gpioA_state.8
                0x24000910        0x4 ./Core/Src/main.o
 .bss.Last_gpioB_state.7
                0x24000914        0x4 ./Core/Src/main.o
 .bss.Last_gpioC_state.6
                0x24000918        0x4 ./Core/Src/main.o
 .bss.Last_gpioD_state.5
                0x2400091c        0x4 ./Core/Src/main.o
 .bss.Last_gpioE_state.4
                0x24000920        0x4 ./Core/Src/main.o
 .bss.Last_gpioF_state.3
                0x24000924        0x4 ./Core/Src/main.o
 .bss.Last_gpioG_state.2
                0x24000928        0x4 ./Core/Src/main.o
 .bss.Last_gpioH_state.1
                0x2400092c        0x4 ./Core/Src/main.o
 .bss.Last_gpioI_state.0
                0x24000930        0x4 ./Core/Src/main.o
 .bss.__sbrk_heap_end
                0x24000934        0x4 ./Core/Src/sysmem.o
 .bss.uwTick    0x24000938        0x4 ./Drivers/STM32H7xx_HAL_Driver/Src/stm32h7xx_hal.o
                0x24000938                uwTick
 .bss.cfgidx.0  0x2400093c        0x1 ./Middlewares/ST/STM32_USB_Device_Library/Core/Src/usbd_ctlreq.o
 *fill*         0x2400093d        0x3 
 .bss.hUsbDeviceHS
                0x24000940      0x2dc ./USB_DEVICE/App/usb_device.o
                0x24000940                hUsbDeviceHS
 .bss.hUsbDeviceFS
                0x24000c1c      0x2dc ./USB_DEVICE/App/usb_device.o
                0x24000c1c                hUsbDeviceFS
 .bss.USBD_StrDesc
                0x24000ef8      0x200 ./USB_DEVICE/App/usbd_desc.o
                0x24000ef8                USBD_StrDesc
 .bss.hpcd_USB_OTG_FS
                0x240010f8      0x4e4 ./USB_DEVICE/Target/usbd_conf.o
                0x240010f8                hpcd_USB_OTG_FS
 .bss.hpcd_USB_OTG_HS
                0x240015dc      0x4e4 ./USB_DEVICE/Target/usbd_conf.o
                0x240015dc                hpcd_USB_OTG_HS
 .bss.mem.0     0x24001ac0       0x14 ./USB_DEVICE/Target/usbd_conf.o
 .bss.__sf      0x24001ad4      0x138 C:/ST/STM32CubeIDE_1.17.0/STM32CubeIDE/plugins/com.st.stm32cube.ide.mcu.externaltools.gnu-tools-for-stm32.12.3.rel1.win32_1.1.0.202410251130/tools/bin/../lib/gcc/arm-none-eabi/12.3.1/../../../../arm-none-eabi/lib/thumb/v7e-m+dp/hard\libc_nano.a(libc_a-findfp.o)
                0x24001ad4                __sf
 .bss.errno     0x24001c0c        0x4 C:/ST/STM32CubeIDE_1.17.0/STM32CubeIDE/plugins/com.st.stm32cube.ide.mcu.externaltools.gnu-tools-for-stm32.12.3.rel1.win32_1.1.0.202410251130/tools/bin/../lib/gcc/arm-none-eabi/12.3.1/../../../../arm-none-eabi/lib/thumb/v7e-m+dp/hard\libc_nano.a(libc_a-reent.o)
                0x24001c0c                errno
 .bss.__lock___malloc_recursive_mutex
                0x24001c10        0x1 C:/ST/STM32CubeIDE_1.17.0/STM32CubeIDE/plugins/com.st.stm32cube.ide.mcu.externaltools.gnu-tools-for-stm32.12.3.rel1.win32_1.1.0.202410251130/tools/bin/../lib/gcc/arm-none-eabi/12.3.1/../../../../arm-none-eabi/lib/thumb/v7e-m+dp/hard\libc_nano.a(libc_a-lock.o)
                0x24001c10                __lock___malloc_recursive_mutex
 *fill*         0x24001c11        0x3 
 .bss.__malloc_sbrk_start
                0x24001c14        0x4 C:/ST/STM32CubeIDE_1.17.0/STM32CubeIDE/plugins/com.st.stm32cube.ide.mcu.externaltools.gnu-tools-for-stm32.12.3.rel1.win32_1.1.0.202410251130/tools/bin/../lib/gcc/arm-none-eabi/12.3.1/../../../../arm-none-eabi/lib/thumb/v7e-m+dp/hard\libc_nano.a(libc_a-mallocr.o)
                0x24001c14                __malloc_sbrk_start
 .bss.__malloc_free_list
                0x24001c18        0x4 C:/ST/STM32CubeIDE_1.17.0/STM32CubeIDE/plugins/com.st.stm32cube.ide.mcu.externaltools.gnu-tools-for-stm32.12.3.rel1.win32_1.1.0.202410251130/tools/bin/../lib/gcc/arm-none-eabi/12.3.1/../../../../arm-none-eabi/lib/thumb/v7e-m+dp/hard\libc_nano.a(libc_a-mallocr.o)
                0x24001c18                __malloc_free_list
 *(COMMON)
                0x24001c1c                        . = ALIGN (0x4)
                0x24001c1c                        _ebss = .
                0x24001c1c                        __bss_end__ = _ebss

._user_heap_stack
                0x24001c1c      0x604 load address 0x0800c5d4
                0x24001c20                        . = ALIGN (0x8)
 *fill*         0x24001c1c        0x4 
                [!provide]                        PROVIDE (end = .)
                0x24001c20                        PROVIDE (_end = .)
                0x24001e20                        . = (. + _Min_Heap_Size)
 *fill*         0x24001c20      0x200 
                0x24002220                        . = (. + _Min_Stack_Size)
 *fill*         0x24001e20      0x400 
                0x24002220                        . = ALIGN (0x8)

/DISCARD/
 libc.a(*)
 libm.a(*)
 libgcc.a(*)

.ARM.attributes
                0x00000000       0x2e
 *(.ARM.attributes)
 .ARM.attributes
                0x00000000       0x20 C:/ST/STM32CubeIDE_1.17.0/STM32CubeIDE/plugins/com.st.stm32cube.ide.mcu.externaltools.gnu-tools-for-stm32.12.3.rel1.win32_1.1.0.202410251130/tools/bin/../lib/gcc/arm-none-eabi/12.3.1/thumb/v7e-m+dp/hard/crti.o
 .ARM.attributes
                0x00000020       0x32 C:/ST/STM32CubeIDE_1.17.0/STM32CubeIDE/plugins/com.st.stm32cube.ide.mcu.externaltools.gnu-tools-for-stm32.12.3.rel1.win32_1.1.0.202410251130/tools/bin/../lib/gcc/arm-none-eabi/12.3.1/thumb/v7e-m+dp/hard/crtbegin.o
 .ARM.attributes
                0x00000052       0x32 ./Core/Src/main.o
 .ARM.attributes
                0x00000084       0x32 ./Core/Src/stm32h7xx_hal_msp.o
 .ARM.attributes
                0x000000b6       0x32 ./Core/Src/stm32h7xx_it.o
 .ARM.attributes
                0x000000e8       0x32 ./Core/Src/sysmem.o
 .ARM.attributes
                0x0000011a       0x32 ./Core/Src/system_stm32h7xx.o
 .ARM.attributes
                0x0000014c       0x21 ./Core/Startup/startup_stm32h753vitx.o
 .ARM.attributes
                0x0000016d       0x32 ./Drivers/STM32H7xx_HAL_Driver/Src/stm32h7xx_hal.o
 .ARM.attributes
                0x0000019f       0x32 ./Drivers/STM32H7xx_HAL_Driver/Src/stm32h7xx_hal_cortex.o
 .ARM.attributes
                0x000001d1       0x32 ./Drivers/STM32H7xx_HAL_Driver/Src/stm32h7xx_hal_gpio.o
 .ARM.attributes
                0x00000203       0x32 ./Drivers/STM32H7xx_HAL_Driver/Src/stm32h7xx_hal_pcd.o
 .ARM.attributes
                0x00000235       0x32 ./Drivers/STM32H7xx_HAL_Driver/Src/stm32h7xx_hal_pcd_ex.o
 .ARM.attributes
                0x00000267       0x32 ./Drivers/STM32H7xx_HAL_Driver/Src/stm32h7xx_hal_pwr_ex.o
 .ARM.attributes
                0x00000299       0x32 ./Drivers/STM32H7xx_HAL_Driver/Src/stm32h7xx_hal_rcc.o
 .ARM.attributes
                0x000002cb       0x32 ./Drivers/STM32H7xx_HAL_Driver/Src/stm32h7xx_hal_rcc_ex.o
 .ARM.attributes
                0x000002fd       0x32 ./Drivers/STM32H7xx_HAL_Driver/Src/stm32h7xx_hal_uart.o
 .ARM.attributes
                0x0000032f       0x32 ./Drivers/STM32H7xx_HAL_Driver/Src/stm32h7xx_hal_uart_ex.o
 .ARM.attributes
                0x00000361       0x32 ./Drivers/STM32H7xx_HAL_Driver/Src/stm32h7xx_ll_usb.o
 .ARM.attributes
                0x00000393       0x32 ./Middlewares/ST/STM32_USB_Device_Library/Class/HID/Src/usbd_hid.o
 .ARM.attributes
                0x000003c5       0x32 ./Middlewares/ST/STM32_USB_Device_Library/Core/Src/usbd_core.o
 .ARM.attributes
                0x000003f7       0x32 ./Middlewares/ST/STM32_USB_Device_Library/Core/Src/usbd_ctlreq.o
 .ARM.attributes
                0x00000429       0x32 ./Middlewares/ST/STM32_USB_Device_Library/Core/Src/usbd_ioreq.o
 .ARM.attributes
                0x0000045b       0x32 ./USB_DEVICE/App/usb_device.o
 .ARM.attributes
                0x0000048d       0x32 ./USB_DEVICE/App/usbd_desc.o
 .ARM.attributes
                0x000004bf       0x32 ./USB_DEVICE/Target/usbd_conf.o
 .ARM.attributes
                0x000004f1       0x32 C:/ST/STM32CubeIDE_1.17.0/STM32CubeIDE/plugins/com.st.stm32cube.ide.mcu.externaltools.gnu-tools-for-stm32.12.3.rel1.win32_1.1.0.202410251130/tools/bin/../lib/gcc/arm-none-eabi/12.3.1/../../../../arm-none-eabi/lib/thumb/v7e-m+dp/hard\libc_nano.a(libc_a-findfp.o)
 .ARM.attributes
                0x00000523       0x32 C:/ST/STM32CubeIDE_1.17.0/STM32CubeIDE/plugins/com.st.stm32cube.ide.mcu.externaltools.gnu-tools-for-stm32.12.3.rel1.win32_1.1.0.202410251130/tools/bin/../lib/gcc/arm-none-eabi/12.3.1/../../../../arm-none-eabi/lib/thumb/v7e-m+dp/hard\libc_nano.a(libc_a-sprintf.o)
 .ARM.attributes
                0x00000555       0x32 C:/ST/STM32CubeIDE_1.17.0/STM32CubeIDE/plugins/com.st.stm32cube.ide.mcu.externaltools.gnu-tools-for-stm32.12.3.rel1.win32_1.1.0.202410251130/tools/bin/../lib/gcc/arm-none-eabi/12.3.1/../../../../arm-none-eabi/lib/thumb/v7e-m+dp/hard\libc_nano.a(libc_a-memset.o)
 .ARM.attributes
                0x00000587       0x32 C:/ST/STM32CubeIDE_1.17.0/STM32CubeIDE/plugins/com.st.stm32cube.ide.mcu.externaltools.gnu-tools-for-stm32.12.3.rel1.win32_1.1.0.202410251130/tools/bin/../lib/gcc/arm-none-eabi/12.3.1/../../../../arm-none-eabi/lib/thumb/v7e-m+dp/hard\libc_nano.a(libc_a-reent.o)
 .ARM.attributes
                0x000005b9       0x32 C:/ST/STM32CubeIDE_1.17.0/STM32CubeIDE/plugins/com.st.stm32cube.ide.mcu.externaltools.gnu-tools-for-stm32.12.3.rel1.win32_1.1.0.202410251130/tools/bin/../lib/gcc/arm-none-eabi/12.3.1/../../../../arm-none-eabi/lib/thumb/v7e-m+dp/hard\libc_nano.a(libc_a-impure.o)
 .ARM.attributes
                0x000005eb       0x32 C:/ST/STM32CubeIDE_1.17.0/STM32CubeIDE/plugins/com.st.stm32cube.ide.mcu.externaltools.gnu-tools-for-stm32.12.3.rel1.win32_1.1.0.202410251130/tools/bin/../lib/gcc/arm-none-eabi/12.3.1/../../../../arm-none-eabi/lib/thumb/v7e-m+dp/hard\libc_nano.a(libc_a-errno.o)
 .ARM.attributes
                0x0000061d       0x32 C:/ST/STM32CubeIDE_1.17.0/STM32CubeIDE/plugins/com.st.stm32cube.ide.mcu.externaltools.gnu-tools-for-stm32.12.3.rel1.win32_1.1.0.202410251130/tools/bin/../lib/gcc/arm-none-eabi/12.3.1/../../../../arm-none-eabi/lib/thumb/v7e-m+dp/hard\libc_nano.a(libc_a-init.o)
 .ARM.attributes
                0x0000064f       0x32 C:/ST/STM32CubeIDE_1.17.0/STM32CubeIDE/plugins/com.st.stm32cube.ide.mcu.externaltools.gnu-tools-for-stm32.12.3.rel1.win32_1.1.0.202410251130/tools/bin/../lib/gcc/arm-none-eabi/12.3.1/../../../../arm-none-eabi/lib/thumb/v7e-m+dp/hard\libc_nano.a(libc_a-lock.o)
 .ARM.attributes
                0x00000681       0x17 C:/ST/STM32CubeIDE_1.17.0/STM32CubeIDE/plugins/com.st.stm32cube.ide.mcu.externaltools.gnu-tools-for-stm32.12.3.rel1.win32_1.1.0.202410251130/tools/bin/../lib/gcc/arm-none-eabi/12.3.1/../../../../arm-none-eabi/lib/thumb/v7e-m+dp/hard\libc_nano.a(libc_a-strlen.o)
 .ARM.attributes
                0x00000698       0x32 C:/ST/STM32CubeIDE_1.17.0/STM32CubeIDE/plugins/com.st.stm32cube.ide.mcu.externaltools.gnu-tools-for-stm32.12.3.rel1.win32_1.1.0.202410251130/tools/bin/../lib/gcc/arm-none-eabi/12.3.1/../../../../arm-none-eabi/lib/thumb/v7e-m+dp/hard\libc_nano.a(libc_a-freer.o)
 .ARM.attributes
                0x000006ca       0x32 C:/ST/STM32CubeIDE_1.17.0/STM32CubeIDE/plugins/com.st.stm32cube.ide.mcu.externaltools.gnu-tools-for-stm32.12.3.rel1.win32_1.1.0.202410251130/tools/bin/../lib/gcc/arm-none-eabi/12.3.1/../../../../arm-none-eabi/lib/thumb/v7e-m+dp/hard\libc_nano.a(libc_a-mallocr.o)
 .ARM.attributes
                0x000006fc       0x32 C:/ST/STM32CubeIDE_1.17.0/STM32CubeIDE/plugins/com.st.stm32cube.ide.mcu.externaltools.gnu-tools-for-stm32.12.3.rel1.win32_1.1.0.202410251130/tools/bin/../lib/gcc/arm-none-eabi/12.3.1/../../../../arm-none-eabi/lib/thumb/v7e-m+dp/hard\libc_nano.a(libc_a-mlock.o)
 .ARM.attributes
                0x0000072e       0x32 C:/ST/STM32CubeIDE_1.17.0/STM32CubeIDE/plugins/com.st.stm32cube.ide.mcu.externaltools.gnu-tools-for-stm32.12.3.rel1.win32_1.1.0.202410251130/tools/bin/../lib/gcc/arm-none-eabi/12.3.1/../../../../arm-none-eabi/lib/thumb/v7e-m+dp/hard\libc_nano.a(libc_a-nano-svfprintf.o)
 .ARM.attributes
                0x00000760       0x32 C:/ST/STM32CubeIDE_1.17.0/STM32CubeIDE/plugins/com.st.stm32cube.ide.mcu.externaltools.gnu-tools-for-stm32.12.3.rel1.win32_1.1.0.202410251130/tools/bin/../lib/gcc/arm-none-eabi/12.3.1/../../../../arm-none-eabi/lib/thumb/v7e-m+dp/hard\libc_nano.a(libc_a-nano-vfprintf_i.o)
 .ARM.attributes
                0x00000792       0x32 C:/ST/STM32CubeIDE_1.17.0/STM32CubeIDE/plugins/com.st.stm32cube.ide.mcu.externaltools.gnu-tools-for-stm32.12.3.rel1.win32_1.1.0.202410251130/tools/bin/../lib/gcc/arm-none-eabi/12.3.1/../../../../arm-none-eabi/lib/thumb/v7e-m+dp/hard\libc_nano.a(libc_a-memmove.o)
 .ARM.attributes
                0x000007c4       0x32 C:/ST/STM32CubeIDE_1.17.0/STM32CubeIDE/plugins/com.st.stm32cube.ide.mcu.externaltools.gnu-tools-for-stm32.12.3.rel1.win32_1.1.0.202410251130/tools/bin/../lib/gcc/arm-none-eabi/12.3.1/../../../../arm-none-eabi/lib/thumb/v7e-m+dp/hard\libc_nano.a(libc_a-sbrkr.o)
 .ARM.attributes
                0x000007f6       0x1c C:/ST/STM32CubeIDE_1.17.0/STM32CubeIDE/plugins/com.st.stm32cube.ide.mcu.externaltools.gnu-tools-for-stm32.12.3.rel1.win32_1.1.0.202410251130/tools/bin/../lib/gcc/arm-none-eabi/12.3.1/../../../../arm-none-eabi/lib/thumb/v7e-m+dp/hard\libc_nano.a(libc_a-memchr.o)
 .ARM.attributes
                0x00000812       0x32 C:/ST/STM32CubeIDE_1.17.0/STM32CubeIDE/plugins/com.st.stm32cube.ide.mcu.externaltools.gnu-tools-for-stm32.12.3.rel1.win32_1.1.0.202410251130/tools/bin/../lib/gcc/arm-none-eabi/12.3.1/../../../../arm-none-eabi/lib/thumb/v7e-m+dp/hard\libc_nano.a(libc_a-memcpy-stub.o)
 .ARM.attributes
                0x00000844       0x32 C:/ST/STM32CubeIDE_1.17.0/STM32CubeIDE/plugins/com.st.stm32cube.ide.mcu.externaltools.gnu-tools-for-stm32.12.3.rel1.win32_1.1.0.202410251130/tools/bin/../lib/gcc/arm-none-eabi/12.3.1/../../../../arm-none-eabi/lib/thumb/v7e-m+dp/hard\libc_nano.a(libc_a-reallocr.o)
 .ARM.attributes
                0x00000876       0x32 C:/ST/STM32CubeIDE_1.17.0/STM32CubeIDE/plugins/com.st.stm32cube.ide.mcu.externaltools.gnu-tools-for-stm32.12.3.rel1.win32_1.1.0.202410251130/tools/bin/../lib/gcc/arm-none-eabi/12.3.1/../../../../arm-none-eabi/lib/thumb/v7e-m+dp/hard\libc_nano.a(libc_a-msizer.o)
 .ARM.attributes
                0x000008a8       0x20 C:/ST/STM32CubeIDE_1.17.0/STM32CubeIDE/plugins/com.st.stm32cube.ide.mcu.externaltools.gnu-tools-for-stm32.12.3.rel1.win32_1.1.0.202410251130/tools/bin/../lib/gcc/arm-none-eabi/12.3.1/thumb/v7e-m+dp/hard\libgcc.a(_aeabi_uldivmod.o)
 .ARM.attributes
                0x000008c8       0x32 C:/ST/STM32CubeIDE_1.17.0/STM32CubeIDE/plugins/com.st.stm32cube.ide.mcu.externaltools.gnu-tools-for-stm32.12.3.rel1.win32_1.1.0.202410251130/tools/bin/../lib/gcc/arm-none-eabi/12.3.1/thumb/v7e-m+dp/hard\libgcc.a(_udivmoddi4.o)
 .ARM.attributes
                0x000008fa       0x20 C:/ST/STM32CubeIDE_1.17.0/STM32CubeIDE/plugins/com.st.stm32cube.ide.mcu.externaltools.gnu-tools-for-stm32.12.3.rel1.win32_1.1.0.202410251130/tools/bin/../lib/gcc/arm-none-eabi/12.3.1/thumb/v7e-m+dp/hard\libgcc.a(_dvmd_tls.o)
 .ARM.attributes
                0x0000091a       0x20 C:/ST/STM32CubeIDE_1.17.0/STM32CubeIDE/plugins/com.st.stm32cube.ide.mcu.externaltools.gnu-tools-for-stm32.12.3.rel1.win32_1.1.0.202410251130/tools/bin/../lib/gcc/arm-none-eabi/12.3.1/thumb/v7e-m+dp/hard/crtn.o
OUTPUT(STM32H743.elf elf32-littlearm)
LOAD linker stubs
LOAD C:/ST/STM32CubeIDE_1.17.0/STM32CubeIDE/plugins/com.st.stm32cube.ide.mcu.externaltools.gnu-tools-for-stm32.12.3.rel1.win32_1.1.0.202410251130/tools/bin/../lib/gcc/arm-none-eabi/12.3.1/../../../../arm-none-eabi/lib/thumb/v7e-m+dp/hard\libc.a
LOAD C:/ST/STM32CubeIDE_1.17.0/STM32CubeIDE/plugins/com.st.stm32cube.ide.mcu.externaltools.gnu-tools-for-stm32.12.3.rel1.win32_1.1.0.202410251130/tools/bin/../lib/gcc/arm-none-eabi/12.3.1/../../../../arm-none-eabi/lib/thumb/v7e-m+dp/hard\libm.a
LOAD C:/ST/STM32CubeIDE_1.17.0/STM32CubeIDE/plugins/com.st.stm32cube.ide.mcu.externaltools.gnu-tools-for-stm32.12.3.rel1.win32_1.1.0.202410251130/tools/bin/../lib/gcc/arm-none-eabi/12.3.1/thumb/v7e-m+dp/hard\libgcc.a

.debug_info     0x00000000    0x19d31
 .debug_info    0x00000000     0x25c9 ./Core/Src/main.o
 .debug_info    0x000025c9     0x105a ./Core/Src/stm32h7xx_hal_msp.o
 .debug_info    0x00003623      0x6ca ./Core/Src/stm32h7xx_it.o
 .debug_info    0x00003ced      0x168 ./Core/Src/sysmem.o
 .debug_info    0x00003e55      0xdb2 ./Core/Src/system_stm32h7xx.o
 .debug_info    0x00004c07       0x30 ./Core/Startup/startup_stm32h753vitx.o
 .debug_info    0x00004c37     0x1541 ./Drivers/STM32H7xx_HAL_Driver/Src/stm32h7xx_hal.o
 .debug_info    0x00006178     0x10b7 ./Drivers/STM32H7xx_HAL_Driver/Src/stm32h7xx_hal_cortex.o
 .debug_info    0x0000722f      0xc5a ./Drivers/STM32H7xx_HAL_Driver/Src/stm32h7xx_hal_gpio.o
 .debug_info    0x00007e89     0x1561 ./Drivers/STM32H7xx_HAL_Driver/Src/stm32h7xx_hal_pcd.o
 .debug_info    0x000093ea      0x8b3 ./Drivers/STM32H7xx_HAL_Driver/Src/stm32h7xx_hal_pcd_ex.o
 .debug_info    0x00009c9d     0x1012 ./Drivers/STM32H7xx_HAL_Driver/Src/stm32h7xx_hal_pwr_ex.o
 .debug_info    0x0000acaf      0xe6a ./Drivers/STM32H7xx_HAL_Driver/Src/stm32h7xx_hal_rcc.o
 .debug_info    0x0000bb19     0x1225 ./Drivers/STM32H7xx_HAL_Driver/Src/stm32h7xx_hal_rcc_ex.o
 .debug_info    0x0000cd3e     0x4b1d ./Drivers/STM32H7xx_HAL_Driver/Src/stm32h7xx_hal_uart.o
 .debug_info    0x0001185b      0xfbf ./Drivers/STM32H7xx_HAL_Driver/Src/stm32h7xx_hal_uart_ex.o
 .debug_info    0x0001281a     0x1a1e ./Drivers/STM32H7xx_HAL_Driver/Src/stm32h7xx_ll_usb.o
 .debug_info    0x00014238      0xa9f ./Middlewares/ST/STM32_USB_Device_Library/Class/HID/Src/usbd_hid.o
 .debug_info    0x00014cd7      0xe20 ./Middlewares/ST/STM32_USB_Device_Library/Core/Src/usbd_core.o
 .debug_info    0x00015af7      0xaf9 ./Middlewares/ST/STM32_USB_Device_Library/Core/Src/usbd_ctlreq.o
 .debug_info    0x000165f0      0x770 ./Middlewares/ST/STM32_USB_Device_Library/Core/Src/usbd_ioreq.o
 .debug_info    0x00016d60      0x62c ./USB_DEVICE/App/usb_device.o
 .debug_info    0x0001738c      0x686 ./USB_DEVICE/App/usbd_desc.o
 .debug_info    0x00017a12     0x231f ./USB_DEVICE/Target/usbd_conf.o

.debug_abbrev   0x00000000     0x371a
 .debug_abbrev  0x00000000      0x37f ./Core/Src/main.o
 .debug_abbrev  0x0000037f      0x205 ./Core/Src/stm32h7xx_hal_msp.o
 .debug_abbrev  0x00000584      0x1a6 ./Core/Src/stm32h7xx_it.o
 .debug_abbrev  0x0000072a       0xbc ./Core/Src/sysmem.o
 .debug_abbrev  0x000007e6      0x165 ./Core/Src/system_stm32h7xx.o
 .debug_abbrev  0x0000094b       0x24 ./Core/Startup/startup_stm32h753vitx.o
 .debug_abbrev  0x0000096f      0x295 ./Drivers/STM32H7xx_HAL_Driver/Src/stm32h7xx_hal.o
 .debug_abbrev  0x00000c04      0x339 ./Drivers/STM32H7xx_HAL_Driver/Src/stm32h7xx_hal_cortex.o
 .debug_abbrev  0x00000f3d      0x205 ./Drivers/STM32H7xx_HAL_Driver/Src/stm32h7xx_hal_gpio.o
 .debug_abbrev  0x00001142      0x2dc ./Drivers/STM32H7xx_HAL_Driver/Src/stm32h7xx_hal_pcd.o
 .debug_abbrev  0x0000141e      0x256 ./Drivers/STM32H7xx_HAL_Driver/Src/stm32h7xx_hal_pcd_ex.o
 .debug_abbrev  0x00001674      0x2a7 ./Drivers/STM32H7xx_HAL_Driver/Src/stm32h7xx_hal_pwr_ex.o
 .debug_abbrev  0x0000191b      0x2c8 ./Drivers/STM32H7xx_HAL_Driver/Src/stm32h7xx_hal_rcc.o
 .debug_abbrev  0x00001be3      0x269 ./Drivers/STM32H7xx_HAL_Driver/Src/stm32h7xx_hal_rcc_ex.o
 .debug_abbrev  0x00001e4c      0x33d ./Drivers/STM32H7xx_HAL_Driver/Src/stm32h7xx_hal_uart.o
 .debug_abbrev  0x00002189      0x2d2 ./Drivers/STM32H7xx_HAL_Driver/Src/stm32h7xx_hal_uart_ex.o
 .debug_abbrev  0x0000245b      0x2b3 ./Drivers/STM32H7xx_HAL_Driver/Src/stm32h7xx_ll_usb.o
 .debug_abbrev  0x0000270e      0x2a2 ./Middlewares/ST/STM32_USB_Device_Library/Class/HID/Src/usbd_hid.o
 .debug_abbrev  0x000029b0      0x27c ./Middlewares/ST/STM32_USB_Device_Library/Core/Src/usbd_core.o
 .debug_abbrev  0x00002c2c      0x26f ./Middlewares/ST/STM32_USB_Device_Library/Core/Src/usbd_ctlreq.o
 .debug_abbrev  0x00002e9b      0x19a ./Middlewares/ST/STM32_USB_Device_Library/Core/Src/usbd_ioreq.o
 .debug_abbrev  0x00003035      0x193 ./USB_DEVICE/App/usb_device.o
 .debug_abbrev  0x000031c8      0x200 ./USB_DEVICE/App/usbd_desc.o
 .debug_abbrev  0x000033c8      0x352 ./USB_DEVICE/Target/usbd_conf.o

.debug_aranges  0x00000000     0x11b0
 .debug_aranges
                0x00000000       0x80 ./Core/Src/main.o
 .debug_aranges
                0x00000080       0x30 ./Core/Src/stm32h7xx_hal_msp.o
 .debug_aranges
                0x000000b0       0x70 ./Core/Src/stm32h7xx_it.o
 .debug_aranges
                0x00000120       0x20 ./Core/Src/sysmem.o
 .debug_aranges
                0x00000140       0x30 ./Core/Src/system_stm32h7xx.o
 .debug_aranges
                0x00000170       0x28 ./Core/Startup/startup_stm32h753vitx.o
 .debug_aranges
                0x00000198      0x198 ./Drivers/STM32H7xx_HAL_Driver/Src/stm32h7xx_hal.o
 .debug_aranges
                0x00000330      0x130 ./Drivers/STM32H7xx_HAL_Driver/Src/stm32h7xx_hal_cortex.o
 .debug_aranges
                0x00000460       0x58 ./Drivers/STM32H7xx_HAL_Driver/Src/stm32h7xx_hal_gpio.o
 .debug_aranges
                0x000004b8      0x140 ./Drivers/STM32H7xx_HAL_Driver/Src/stm32h7xx_hal_pcd.o
 .debug_aranges
                0x000005f8       0x60 ./Drivers/STM32H7xx_HAL_Driver/Src/stm32h7xx_hal_pcd_ex.o
 .debug_aranges
                0x00000658      0x158 ./Drivers/STM32H7xx_HAL_Driver/Src/stm32h7xx_hal_pwr_ex.o
 .debug_aranges